2026-09-19 15:51:58.906 [info] Reading sessions from keychain...
2026-09-19 15:51:58.906 [info] Getting sessions for all scopes...
2026-09-19 15:51:58.906 [info] Got stored sessions!
2026-09-19 15:51:58.906 [info] Got 2 verified sessions.
2026-09-19 15:51:58.906 [info] Got 2 sessions for ...
2026-09-19 15:51:58.906 [info] Getting sessions for all scopes...
2026-09-19 15:51:58.906 [info] Got 2 sessions for ...
2026-09-19 15:51:58.906 [info] Getting sessions for all scopes...
2026-09-19 15:51:58.906 [info] Got 2 sessions for ...
2026-09-19 15:51:58.906 [info] Getting sessions for all scopes...
2026-09-19 15:51:58.906 [info] Got 2 sessions for ...
2026-09-19 15:51:58.906 [info] Getting sessions for all scopes...
2026-09-19 15:51:58.906 [info] Got 2 sessions for ...
2026-09-19 15:52:01.064 [info] Getting sessions for read:user,user:email...
2026-09-19 15:52:01.064 [info] Got 0 sessions for read:user,user:email...
2026-09-19 15:52:01.116 [info] Getting sessions for all scopes...
2026-09-19 15:52:01.116 [info] Got 2 sessions for ...
2026-09-19 15:52:01.344 [info] Getting sessions for all scopes...
2026-09-19 15:52:01.344 [info] Got 2 sessions for ...
2026-09-19 15:52:01.357 [info] Getting sessions for all scopes...
2026-09-19 15:52:01.357 [info] Got 2 sessions for ...
2026-09-19 15:52:01.357 [info] Getting sessions for all scopes...
2026-09-19 15:52:01.357 [info] Got 2 sessions for ...
2026-09-19 15:52:01.769 [info] Getting sessions for read:user,repo,user:email,workflow...
2026-09-19 15:52:01.769 [info] Got 1 sessions for read:user,repo,user:email,workflow...
2026-09-19 15:52:01.911 [info] Getting sessions for all scopes...
2026-09-19 15:52:01.911 [info] Got 2 sessions for ...
2026-09-19 15:52:01.912 [info] Getting sessions for read:user,repo,user:email,workflow...
2026-09-19 15:52:01.912 [info] Got 1 sessions for read:user,repo,user:email,workflow...
2026-09-19 15:52:02.455 [info] FetcherService: Electron fetch failed with status: 429 
2026-09-19 15:52:02.457 [info] Unable to resolve optional EDU details. Status: 429 
2026-09-19 15:52:02.669 [info] Getting sessions for all scopes...
2026-09-19 15:52:02.669 [info] Got 2 sessions for ...
2026-09-19 15:52:02.670 [info] Getting sessions for all scopes...
2026-09-19 15:52:02.670 [info] Got 2 sessions for ...
2026-09-19 15:52:02.737 [info] Getting sessions for read:user,repo,user:email,workflow...
2026-09-19 15:52:02.737 [info] Got 1 sessions for read:user,repo,user:email,workflow...
2026-09-19 15:52:03.093 [info] Getting sessions for all scopes...
2026-09-19 15:52:03.093 [info] Got 2 sessions for ...
2026-09-19 15:52:03.095 [info] Getting sessions for read:user,repo,user:email,workflow...
2026-09-19 15:52:03.095 [info] Got 1 sessions for read:user,repo,user:email,workflow...
2026-09-19 15:52:03.125 [info] Getting sessions for all scopes...
2026-09-19 15:52:03.125 [info] Got 2 sessions for ...
2026-09-19 15:52:03.127 [info] Getting sessions for read:user,repo,user:email,workflow...
2026-09-19 15:52:03.127 [info] Got 1 sessions for read:user,repo,user:email,workflow...
2026-09-19 15:52:03.435 [info] Getting sessions for all scopes...
2026-09-19 15:52:03.436 [info] Got 2 sessions for ...
2026-09-19 15:52:03.438 [info] Getting sessions for read:user,repo,user:email,workflow...
2026-09-19 15:52:03.438 [info] Got 1 sessions for read:user,repo,user:email,workflow...
2026-09-19 15:52:03.866 [info] Getting sessions for all scopes...
2026-09-19 15:52:03.867 [info] Got 2 sessions for ...
2026-09-19 15:52:03.871 [info] Getting sessions for read:user,repo,user:email,workflow...
2026-09-19 15:52:03.871 [info] Got 1 sessions for read:user,repo,user:email,workflow...
2026-09-19 15:52:04.106 [info] Getting sessions for all scopes...
2026-09-19 15:52:04.106 [info] Got 2 sessions for ...
2026-09-19 15:52:04.107 [info] Getting sessions for read:user,repo,user:email,workflow...
2026-09-19 15:52:04.107 [info] Got 1 sessions for read:user,repo,user:email,workflow...
2026-09-19 15:52:04.133 [info] Getting sessions for repo...
2026-09-19 15:52:04.133 [info] Got 0 sessions for repo...
2026-09-19 15:52:04.134 [info] Getting sessions for all scopes...
2026-09-19 15:52:04.134 [info] Got 2 sessions for ...
2026-09-19 15:52:04.159 [info] Getting sessions for read:user,user:email...
2026-09-19 15:52:04.159 [info] Got 0 sessions for read:user,user:email...
2026-09-19 15:52:04.160 [info] Getting sessions for all scopes...
2026-09-19 15:52:04.160 [info] Got 2 sessions for ...
2026-09-19 15:52:04.160 [info] Getting sessions for repo...
2026-09-19 15:52:04.160 [info] Got 0 sessions for repo...
2026-09-19 15:52:04.161 [info] Getting sessions for all scopes...
2026-09-19 15:52:04.161 [info] Got 2 sessions for ...
2026-09-19 15:52:06.610 [info] Getting sessions for read:user,user:email...
2026-09-19 15:52:06.610 [info] Got 0 sessions for read:user,user:email...
2026-09-19 15:52:06.612 [info] Getting sessions for all scopes...
2026-09-19 15:52:06.612 [info] Got 2 sessions for ...
2026-09-19 15:52:06.616 [info] Getting sessions for repo...
2026-09-19 15:52:06.616 [info] Got 0 sessions for repo...
2026-09-19 15:52:06.618 [info] Getting sessions for all scopes...
2026-09-19 15:52:06.618 [info] Got 2 sessions for ...
2026-09-19 15:52:06.623 [info] Getting sessions for read:user,user:email...
2026-09-19 15:52:06.623 [info] Got 0 sessions for read:user,user:email...
2026-09-19 15:52:06.624 [info] Getting sessions for all scopes...
2026-09-19 15:52:06.624 [info] Got 2 sessions for ...
2026-09-19 15:52:06.625 [info] Getting sessions for repo...
2026-09-19 15:52:06.625 [info] Got 0 sessions for repo...
2026-09-19 15:52:06.625 [info] Getting sessions for all scopes...
2026-09-19 15:52:06.625 [info] Got 2 sessions for ...
2026-09-19 15:52:07.575 [info] Getting sessions for all scopes...
2026-09-19 15:52:07.575 [info] Got 2 sessions for ...
2026-09-19 15:52:07.577 [info] Getting sessions for all scopes...
2026-09-19 15:52:07.577 [info] Got 2 sessions for ...
2026-09-19 15:52:14.915 [info] Getting sessions for read:user,user:email...
2026-09-19 15:52:14.915 [info] Got 0 sessions for read:user,user:email...
2026-09-19 15:52:14.916 [info] Getting sessions for read:user,user:email...
2026-09-19 15:52:14.916 [info] Got 0 sessions for read:user,user:email...
2026-09-19 15:52:14.917 [info] Getting sessions for all scopes...
2026-09-19 15:52:14.917 [info] Got 2 sessions for ...
2026-09-19 15:52:14.920 [info] Getting sessions for all scopes...
2026-09-19 15:52:14.920 [info] Got 2 sessions for ...
2026-09-19 15:52:14.920 [info] Getting sessions for all scopes...
2026-09-19 15:52:14.920 [info] Got 2 sessions for ...
2026-09-19 15:52:14.921 [info] Getting sessions for all scopes...
2026-09-19 15:52:14.922 [info] Got 2 sessions for ...
2026-09-19 15:52:14.922 [info] Getting sessions for repo...
2026-09-19 15:52:14.922 [info] Got 0 sessions for repo...
2026-09-19 15:52:14.923 [info] Getting sessions for repo...
2026-09-19 15:52:14.923 [info] Got 0 sessions for repo...
2026-09-19 15:52:14.925 [info] Getting sessions for all scopes...
2026-09-19 15:52:14.925 [info] Got 2 sessions for ...
2026-09-19 15:52:14.925 [info] Getting sessions for all scopes...
2026-09-19 15:52:14.925 [info] Got 2 sessions for ...
2026-09-19 15:52:14.928 [info] Getting sessions for read:user,user:email...
2026-09-19 15:52:14.928 [info] Got 0 sessions for read:user,user:email...
2026-09-19 15:52:14.929 [info] Getting sessions for read:user,user:email...
2026-09-19 15:52:14.929 [info] Got 0 sessions for read:user,user:email...
2026-09-19 15:52:14.930 [info] Getting sessions for all scopes...
2026-09-19 15:52:14.930 [info] Got 2 sessions for ...
2026-09-19 15:52:14.930 [info] Getting sessions for all scopes...
2026-09-19 15:52:14.930 [info] Got 2 sessions for ...
2026-09-19 15:52:14.931 [info] Getting sessions for repo...
2026-09-19 15:52:14.931 [info] Got 0 sessions for repo...
2026-09-19 15:52:14.931 [info] Getting sessions for repo...
2026-09-19 15:52:14.931 [info] Got 0 sessions for repo...
2026-09-19 15:52:14.932 [info] Getting sessions for all scopes...
2026-09-19 15:52:14.932 [info] Got 2 sessions for ...
2026-09-19 15:52:14.932 [info] Getting sessions for all scopes...
2026-09-19 15:52:14.932 [info] Got 2 sessions for ...
2026-09-19 15:52:15.328 [info] Getting sessions for all scopes...
2026-09-19 15:52:15.328 [info] Got 2 sessions for ...
2026-09-19 15:52:15.328 [info] Getting sessions for all scopes...
2026-09-19 15:52:15.328 [info] Got 2 sessions for ...
2026-09-19 15:52:31.918 [info] Getting sessions for all scopes...
2026-09-19 15:52:31.918 [info] Got 2 sessions for ...
2026-09-19 15:52:31.919 [info] Getting sessions for all scopes...
2026-09-19 15:52:31.919 [info] Got 2 sessions for ...
2026-09-19 15:52:36.416 [info] Getting sessions for all scopes...
2026-09-19 15:52:36.416 [info] Got 2 sessions for ...
2026-09-19 15:52:36.416 [info] Getting sessions for all scopes...
2026-09-19 15:52:36.416 [info] Got 2 sessions for ...
2026-09-19 15:53:06.441 [info] Getting sessions for all scopes...
2026-09-19 15:53:06.441 [info] Got 2 sessions for ...
2026-09-19 15:53:06.442 [info] Getting sessions for all scopes...
2026-09-19 15:53:06.442 [info] Got 2 sessions for ...
2026-09-19 15:53:17.469 [info] Getting sessions for all scopes...
2026-09-19 15:53:17.469 [info] Got 2 sessions for ...
2026-09-19 15:53:17.470 [info] Getting sessions for all scopes...
2026-09-19 15:53:17.470 [info] Got 2 sessions for ...
