2026-09-22 13:29:43.135 [info] Reading sessions from keychain...
2026-09-22 13:29:43.135 [info] Getting sessions for all scopes...
2026-09-22 13:29:43.135 [info] Got stored sessions!
2026-09-22 13:29:43.135 [info] Got 2 verified sessions.
2026-09-22 13:29:43.135 [info] Got 2 sessions for ...
2026-09-22 13:29:43.135 [info] Getting sessions for all scopes...
2026-09-22 13:29:43.135 [info] Got 2 sessions for ...
2026-09-22 13:29:43.135 [info] Getting sessions for all scopes...
2026-09-22 13:29:43.135 [info] Got 2 sessions for ...
2026-09-22 13:29:43.135 [info] Getting sessions for all scopes...
2026-09-22 13:29:43.135 [info] Got 2 sessions for ...
2026-09-22 13:29:43.135 [info] Getting sessions for all scopes...
2026-09-22 13:29:43.135 [info] Got 2 sessions for ...
2026-09-22 13:29:43.135 [info] Getting sessions for all scopes...
2026-09-22 13:29:43.135 [info] Got 2 sessions for ...
2026-09-22 13:29:43.135 [info] Getting sessions for all scopes...
2026-09-22 13:29:43.135 [info] Got 2 sessions for ...
2026-09-22 13:29:43.135 [info] Getting sessions for read:user,user:email...
2026-09-22 13:29:43.135 [info] Got 0 sessions for read:user,user:email...
2026-09-22 13:29:43.135 [info] Getting sessions for all scopes...
2026-09-22 13:29:43.135 [info] Got 2 sessions for ...
2026-09-22 13:29:43.692 [info] Getting sessions for read:user,repo,user:email,workflow...
2026-09-22 13:29:43.692 [info] Got 1 sessions for read:user,repo,user:email,workflow...
2026-09-22 13:29:44.974 [info] Getting sessions for all scopes...
2026-09-22 13:29:44.974 [info] Got 2 sessions for ...
2026-09-22 13:29:45.026 [info] Getting sessions for all scopes...
2026-09-22 13:29:45.026 [info] Got 2 sessions for ...
2026-09-22 13:29:45.054 [info] Getting sessions for read:user,repo,user:email,workflow...
2026-09-22 13:29:45.054 [info] Got 1 sessions for read:user,repo,user:email,workflow...
2026-09-22 13:29:45.383 [info] Getting sessions for read:user,repo,user:email,workflow...
2026-09-22 13:29:45.384 [info] Got 1 sessions for read:user,repo,user:email,workflow...
2026-09-22 13:29:45.384 [info] Getting sessions for all scopes...
2026-09-22 13:29:45.384 [info] Got 2 sessions for ...
2026-09-22 13:29:45.461 [info] Getting sessions for read:user,repo,user:email,workflow...
2026-09-22 13:29:45.461 [info] Got 1 sessions for read:user,repo,user:email,workflow...
2026-09-22 13:29:45.907 [info] Getting sessions for all scopes...
2026-09-22 13:29:45.907 [info] Got 2 sessions for ...
2026-09-22 13:29:45.907 [info] Getting sessions for all scopes...
2026-09-22 13:29:45.907 [info] Got 2 sessions for ...
2026-09-22 13:29:45.943 [info] Getting sessions for read:user,repo,user:email,workflow...
2026-09-22 13:29:45.943 [info] Got 1 sessions for read:user,repo,user:email,workflow...
2026-09-22 13:29:46.035 [info] Getting sessions for all scopes...
2026-09-22 13:29:46.035 [info] Got 2 sessions for ...
2026-09-22 13:29:46.038 [info] Getting sessions for read:user,repo,user:email,workflow...
2026-09-22 13:29:46.038 [info] Got 1 sessions for read:user,repo,user:email,workflow...
2026-09-22 13:29:46.067 [info] Getting sessions for repo...
2026-09-22 13:29:46.067 [info] Got 0 sessions for repo...
2026-09-22 13:29:46.068 [info] Getting sessions for all scopes...
2026-09-22 13:29:46.068 [info] Got 2 sessions for ...
2026-09-22 13:29:46.083 [info] Getting sessions for read:user,user:email...
2026-09-22 13:29:46.083 [info] Got 0 sessions for read:user,user:email...
2026-09-22 13:29:46.084 [info] Getting sessions for all scopes...
2026-09-22 13:29:46.084 [info] Got 2 sessions for ...
2026-09-22 13:29:46.084 [info] Getting sessions for repo...
2026-09-22 13:29:46.084 [info] Got 0 sessions for repo...
2026-09-22 13:29:46.085 [info] Getting sessions for all scopes...
2026-09-22 13:29:46.085 [info] Got 2 sessions for ...
2026-09-22 13:29:46.223 [info] Getting sessions for all scopes...
2026-09-22 13:29:46.223 [info] Got 2 sessions for ...
2026-09-22 13:29:46.224 [info] Getting sessions for read:user,repo,user:email,workflow...
2026-09-22 13:29:46.224 [info] Got 1 sessions for read:user,repo,user:email,workflow...
2026-09-22 13:29:46.412 [info] Getting sessions for all scopes...
2026-09-22 13:29:46.412 [info] Got 2 sessions for ...
2026-09-22 13:29:46.414 [info] Getting sessions for read:user,repo,user:email,workflow...
2026-09-22 13:29:46.414 [info] Got 1 sessions for read:user,repo,user:email,workflow...
2026-09-22 13:29:47.062 [info] FetcherService: Electron fetch failed with status: 429 
2026-09-22 13:29:47.068 [info] Unable to resolve optional EDU details. Status: 429 
2026-09-22 13:29:51.034 [info] Getting sessions for all scopes...
2026-09-22 13:29:51.035 [info] Got 2 sessions for ...
2026-09-22 13:29:51.037 [info] Getting sessions for all scopes...
2026-09-22 13:29:51.038 [info] Got 2 sessions for ...
2026-09-22 13:29:55.772 [info] Getting sessions for read:user,user:email...
2026-09-22 13:29:55.773 [info] Got 0 sessions for read:user,user:email...
2026-09-22 13:29:55.779 [info] Getting sessions for all scopes...
2026-09-22 13:29:55.779 [info] Got 2 sessions for ...
2026-09-22 13:29:55.785 [info] Getting sessions for repo...
2026-09-22 13:29:55.785 [info] Got 0 sessions for repo...
2026-09-22 13:29:55.787 [info] Getting sessions for all scopes...
2026-09-22 13:29:55.787 [info] Got 2 sessions for ...
2026-09-22 13:29:55.789 [info] Getting sessions for read:user,user:email...
2026-09-22 13:29:55.789 [info] Got 0 sessions for read:user,user:email...
2026-09-22 13:29:55.790 [info] Getting sessions for all scopes...
2026-09-22 13:29:55.790 [info] Got 2 sessions for ...
2026-09-22 13:29:55.795 [info] Getting sessions for repo...
2026-09-22 13:29:55.795 [info] Got 0 sessions for repo...
2026-09-22 13:29:55.795 [info] Getting sessions for all scopes...
2026-09-22 13:29:55.795 [info] Got 2 sessions for ...
2026-09-22 13:29:58.442 [info] Getting sessions for read:user,user:email...
2026-09-22 13:29:58.442 [info] Got 0 sessions for read:user,user:email...
2026-09-22 13:29:58.443 [info] Getting sessions for read:user,user:email...
2026-09-22 13:29:58.443 [info] Got 0 sessions for read:user,user:email...
2026-09-22 13:29:58.444 [info] Getting sessions for all scopes...
2026-09-22 13:29:58.444 [info] Got 2 sessions for ...
2026-09-22 13:29:58.444 [info] Getting sessions for all scopes...
2026-09-22 13:29:58.444 [info] Got 2 sessions for ...
2026-09-22 13:29:58.444 [info] Getting sessions for repo...
2026-09-22 13:29:58.444 [info] Got 0 sessions for repo...
2026-09-22 13:29:58.444 [info] Getting sessions for repo...
2026-09-22 13:29:58.444 [info] Got 0 sessions for repo...
2026-09-22 13:29:58.445 [info] Getting sessions for all scopes...
2026-09-22 13:29:58.445 [info] Got 2 sessions for ...
2026-09-22 13:29:58.445 [info] Getting sessions for all scopes...
2026-09-22 13:29:58.445 [info] Got 2 sessions for ...
2026-09-22 13:29:58.445 [info] Getting sessions for read:user,user:email...
2026-09-22 13:29:58.445 [info] Got 0 sessions for read:user,user:email...
2026-09-22 13:29:58.445 [info] Getting sessions for read:user,user:email...
2026-09-22 13:29:58.445 [info] Got 0 sessions for read:user,user:email...
2026-09-22 13:29:58.445 [info] Getting sessions for all scopes...
2026-09-22 13:29:58.445 [info] Got 2 sessions for ...
2026-09-22 13:29:58.445 [info] Getting sessions for all scopes...
2026-09-22 13:29:58.445 [info] Got 2 sessions for ...
2026-09-22 13:29:58.445 [info] Getting sessions for repo...
2026-09-22 13:29:58.445 [info] Got 0 sessions for repo...
2026-09-22 13:29:58.446 [info] Getting sessions for repo...
2026-09-22 13:29:58.446 [info] Got 0 sessions for repo...
2026-09-22 13:29:58.446 [info] Getting sessions for all scopes...
2026-09-22 13:29:58.446 [info] Got 2 sessions for ...
2026-09-22 13:29:58.446 [info] Getting sessions for all scopes...
2026-09-22 13:29:58.446 [info] Got 2 sessions for ...
2026-09-22 13:30:46.784 [info] Getting sessions for all scopes...
2026-09-22 13:30:46.784 [info] Got 2 sessions for ...
2026-09-22 13:30:46.784 [info] Getting sessions for all scopes...
2026-09-22 13:30:46.784 [info] Got 2 sessions for ...
2026-09-22 13:30:49.120 [info] Getting sessions for all scopes...
2026-09-22 13:30:49.120 [info] Got 2 sessions for ...
2026-09-22 13:30:49.121 [info] Getting sessions for all scopes...
2026-09-22 13:30:49.121 [info] Got 2 sessions for ...
2026-09-22 13:30:50.264 [info] Getting sessions for all scopes...
2026-09-22 13:30:50.264 [info] Got 2 sessions for ...
2026-09-22 13:30:50.265 [info] Getting sessions for all scopes...
2026-09-22 13:30:50.265 [info] Got 2 sessions for ...
2026-09-22 13:30:52.786 [info] Getting sessions for all scopes...
2026-09-22 13:30:52.786 [info] Got 2 sessions for ...
2026-09-22 13:30:52.788 [info] Getting sessions for all scopes...
2026-09-22 13:30:52.788 [info] Got 2 sessions for ...
2026-09-22 13:30:53.540 [info] Getting sessions for all scopes...
2026-09-22 13:30:53.540 [info] Got 2 sessions for ...
2026-09-22 13:30:53.544 [info] Getting sessions for read:user,repo,user:email,workflow...
2026-09-22 13:30:53.544 [info] Got 1 sessions for read:user,repo,user:email,workflow...
2026-09-22 13:33:07.159 [info] Getting sessions for all scopes...
2026-09-22 13:33:07.159 [info] Got 2 sessions for ...
2026-09-22 13:33:07.160 [info] Getting sessions for all scopes...
2026-09-22 13:33:07.160 [info] Got 2 sessions for ...
2026-09-22 13:33:33.343 [info] Getting sessions for all scopes...
2026-09-22 13:33:33.343 [info] Got 2 sessions for ...
2026-09-22 13:33:33.344 [info] Getting sessions for all scopes...
2026-09-22 13:33:33.345 [info] Got 2 sessions for ...
2026-09-22 13:33:37.189 [info] Getting sessions for all scopes...
2026-09-22 13:33:37.190 [info] Got 2 sessions for ...
2026-09-22 13:33:37.191 [info] Getting sessions for all scopes...
2026-09-22 13:33:37.191 [info] Got 2 sessions for ...
