2026-09-22 13:33:57.115 [info] Reading sessions from keychain...
2026-09-22 13:33:57.115 [info] Getting sessions for all scopes...
2026-09-22 13:33:57.115 [info] Got stored sessions!
2026-09-22 13:33:57.115 [info] Got 2 verified sessions.
2026-09-22 13:33:57.115 [info] Got 2 sessions for ...
2026-09-22 13:33:57.115 [info] Getting sessions for all scopes...
2026-09-22 13:33:57.115 [info] Got 2 sessions for ...
2026-09-22 13:33:57.115 [info] Getting sessions for all scopes...
2026-09-22 13:33:57.115 [info] Got 2 sessions for ...
2026-09-22 13:33:57.115 [info] Getting sessions for all scopes...
2026-09-22 13:33:57.115 [info] Got 2 sessions for ...
2026-09-22 13:33:57.115 [info] Getting sessions for all scopes...
2026-09-22 13:33:57.115 [info] Got 2 sessions for ...
2026-09-22 13:33:57.115 [info] Getting sessions for all scopes...
2026-09-22 13:33:57.115 [info] Got 2 sessions for ...
2026-09-22 13:33:57.115 [info] Getting sessions for all scopes...
2026-09-22 13:33:57.115 [info] Got 2 sessions for ...
2026-09-22 13:33:57.115 [info] Getting sessions for read:user,user:email...
2026-09-22 13:33:57.115 [info] Got 0 sessions for read:user,user:email...
2026-09-22 13:33:57.187 [info] Getting sessions for all scopes...
2026-09-22 13:33:57.187 [info] Got 2 sessions for ...
2026-09-22 13:33:58.356 [info] Getting sessions for read:user,repo,user:email,workflow...
2026-09-22 13:33:58.356 [info] Got 1 sessions for read:user,repo,user:email,workflow...
2026-09-22 13:33:58.481 [info] Getting sessions for repo...
2026-09-22 13:33:58.481 [info] Got 0 sessions for repo...
2026-09-22 13:33:58.504 [info] Getting sessions for all scopes...
2026-09-22 13:33:58.504 [info] Got 2 sessions for ...
2026-09-22 13:33:58.776 [info] Getting sessions for all scopes...
2026-09-22 13:33:58.776 [info] Got 2 sessions for ...
2026-09-22 13:33:58.836 [info] Getting sessions for all scopes...
2026-09-22 13:33:58.836 [info] Got 2 sessions for ...
2026-09-22 13:33:58.844 [info] Getting sessions for read:user,user:email...
2026-09-22 13:33:58.844 [info] Got 0 sessions for read:user,user:email...
2026-09-22 13:33:58.850 [info] Getting sessions for all scopes...
2026-09-22 13:33:58.850 [info] Got 2 sessions for ...
2026-09-22 13:33:58.865 [info] Getting sessions for repo...
2026-09-22 13:33:58.865 [info] Got 0 sessions for repo...
2026-09-22 13:33:58.865 [info] Getting sessions for read:user,repo,user:email,workflow...
2026-09-22 13:33:58.865 [info] Got 1 sessions for read:user,repo,user:email,workflow...
2026-09-22 13:33:58.879 [info] Getting sessions for all scopes...
2026-09-22 13:33:58.879 [info] Got 2 sessions for ...
2026-09-22 13:33:59.191 [info] Getting sessions for read:user,repo,user:email,workflow...
2026-09-22 13:33:59.191 [info] Got 1 sessions for read:user,repo,user:email,workflow...
2026-09-22 13:33:59.192 [info] Getting sessions for all scopes...
2026-09-22 13:33:59.192 [info] Got 2 sessions for ...
2026-09-22 13:33:59.327 [info] Getting sessions for read:user,repo,user:email,workflow...
2026-09-22 13:33:59.327 [info] Got 1 sessions for read:user,repo,user:email,workflow...
2026-09-22 13:33:59.594 [info] Getting sessions for all scopes...
2026-09-22 13:33:59.594 [info] Got 2 sessions for ...
2026-09-22 13:33:59.594 [info] Getting sessions for all scopes...
2026-09-22 13:33:59.594 [info] Got 2 sessions for ...
2026-09-22 13:33:59.654 [info] Getting sessions for all scopes...
2026-09-22 13:33:59.654 [info] Got 2 sessions for ...
2026-09-22 13:33:59.656 [info] Getting sessions for read:user,repo,user:email,workflow...
2026-09-22 13:33:59.657 [info] Got 1 sessions for read:user,repo,user:email,workflow...
2026-09-22 13:33:59.658 [info] Getting sessions for all scopes...
2026-09-22 13:33:59.659 [info] Got 2 sessions for ...
2026-09-22 13:33:59.727 [info] FetcherService: Electron fetch failed with status: 429 
2026-09-22 13:33:59.730 [info] Unable to resolve optional EDU details. Status: 429 
2026-09-22 13:33:59.909 [info] Getting sessions for all scopes...
2026-09-22 13:33:59.909 [info] Got 2 sessions for ...
2026-09-22 13:33:59.912 [info] Getting sessions for read:user,repo,user:email,workflow...
2026-09-22 13:33:59.912 [info] Got 1 sessions for read:user,repo,user:email,workflow...
2026-09-22 13:34:00.069 [info] Getting sessions for all scopes...
2026-09-22 13:34:00.069 [info] Got 2 sessions for ...
2026-09-22 13:34:00.071 [info] Getting sessions for read:user,repo,user:email,workflow...
2026-09-22 13:34:00.071 [info] Got 1 sessions for read:user,repo,user:email,workflow...
2026-09-22 13:34:06.529 [info] Getting sessions for read:user,user:email...
2026-09-22 13:34:06.529 [info] Got 0 sessions for read:user,user:email...
2026-09-22 13:34:06.531 [info] Getting sessions for all scopes...
2026-09-22 13:34:06.531 [info] Got 2 sessions for ...
2026-09-22 13:34:06.533 [info] Getting sessions for repo...
2026-09-22 13:34:06.533 [info] Got 0 sessions for repo...
2026-09-22 13:34:06.536 [info] Getting sessions for all scopes...
2026-09-22 13:34:06.536 [info] Got 2 sessions for ...
2026-09-22 13:34:06.537 [info] Getting sessions for read:user,user:email...
2026-09-22 13:34:06.537 [info] Got 0 sessions for read:user,user:email...
2026-09-22 13:34:06.538 [info] Getting sessions for all scopes...
2026-09-22 13:34:06.538 [info] Got 2 sessions for ...
2026-09-22 13:34:06.539 [info] Getting sessions for repo...
2026-09-22 13:34:06.539 [info] Got 0 sessions for repo...
2026-09-22 13:34:06.539 [info] Getting sessions for all scopes...
2026-09-22 13:34:06.539 [info] Got 2 sessions for ...
2026-09-22 13:34:07.317 [info] Getting sessions for read:user,user:email...
2026-09-22 13:34:07.317 [info] Got 0 sessions for read:user,user:email...
2026-09-22 13:34:07.317 [info] Getting sessions for read:user,user:email...
2026-09-22 13:34:07.317 [info] Got 0 sessions for read:user,user:email...
2026-09-22 13:34:07.319 [info] Getting sessions for all scopes...
2026-09-22 13:34:07.319 [info] Got 2 sessions for ...
2026-09-22 13:34:07.319 [info] Getting sessions for all scopes...
2026-09-22 13:34:07.319 [info] Got 2 sessions for ...
2026-09-22 13:34:07.319 [info] Getting sessions for repo...
2026-09-22 13:34:07.319 [info] Got 0 sessions for repo...
2026-09-22 13:34:07.320 [info] Getting sessions for repo...
2026-09-22 13:34:07.320 [info] Got 0 sessions for repo...
2026-09-22 13:34:07.320 [info] Getting sessions for all scopes...
2026-09-22 13:34:07.320 [info] Got 2 sessions for ...
2026-09-22 13:34:07.320 [info] Getting sessions for all scopes...
2026-09-22 13:34:07.320 [info] Got 2 sessions for ...
2026-09-22 13:34:07.320 [info] Getting sessions for read:user,user:email...
2026-09-22 13:34:07.320 [info] Got 0 sessions for read:user,user:email...
2026-09-22 13:34:07.321 [info] Getting sessions for read:user,user:email...
2026-09-22 13:34:07.321 [info] Got 0 sessions for read:user,user:email...
2026-09-22 13:34:07.321 [info] Getting sessions for all scopes...
2026-09-22 13:34:07.321 [info] Got 2 sessions for ...
2026-09-22 13:34:07.321 [info] Getting sessions for all scopes...
2026-09-22 13:34:07.321 [info] Got 2 sessions for ...
2026-09-22 13:34:07.321 [info] Getting sessions for repo...
2026-09-22 13:34:07.321 [info] Got 0 sessions for repo...
2026-09-22 13:34:07.321 [info] Getting sessions for repo...
2026-09-22 13:34:07.321 [info] Got 0 sessions for repo...
2026-09-22 13:34:07.321 [info] Getting sessions for all scopes...
2026-09-22 13:34:07.321 [info] Got 2 sessions for ...
2026-09-22 13:34:07.322 [info] Getting sessions for all scopes...
2026-09-22 13:34:07.322 [info] Got 2 sessions for ...
2026-09-22 13:36:10.559 [info] Getting sessions for all scopes...
2026-09-22 13:36:10.559 [info] Got 2 sessions for ...
2026-09-22 13:36:10.559 [info] Getting sessions for all scopes...
2026-09-22 13:36:10.559 [info] Got 2 sessions for ...
2026-09-22 13:36:11.632 [info] Getting sessions for all scopes...
2026-09-22 13:36:11.632 [info] Got 2 sessions for ...
2026-09-22 13:36:11.636 [info] Getting sessions for read:user,repo,user:email,workflow...
2026-09-22 13:36:11.636 [info] Got 1 sessions for read:user,repo,user:email,workflow...
2026-09-22 13:36:16.321 [info] Getting sessions for all scopes...
2026-09-22 13:36:16.321 [info] Got 2 sessions for ...
2026-09-22 13:36:16.322 [info] Getting sessions for all scopes...
2026-09-22 13:36:16.322 [info] Got 2 sessions for ...
2026-09-22 13:36:17.377 [info] Getting sessions for all scopes...
2026-09-22 13:36:17.377 [info] Got 2 sessions for ...
2026-09-22 13:36:17.378 [info] Getting sessions for all scopes...
2026-09-22 13:36:17.378 [info] Got 2 sessions for ...
