2026-09-17 13:26:15.933 [info] Reading sessions from keychain...
2026-09-17 13:26:15.933 [info] Getting sessions for all scopes...
2026-09-17 13:26:15.933 [info] Got stored sessions!
2026-09-17 13:26:15.933 [info] Got 2 verified sessions.
2026-09-17 13:26:15.933 [info] Got 2 sessions for ...
2026-09-17 13:26:15.933 [info] Getting sessions for all scopes...
2026-09-17 13:26:15.933 [info] Got 2 sessions for ...
2026-09-17 13:26:15.933 [info] Getting sessions for all scopes...
2026-09-17 13:26:15.933 [info] Got 2 sessions for ...
2026-09-17 13:26:15.933 [info] Getting sessions for all scopes...
2026-09-17 13:26:15.933 [info] Got 2 sessions for ...
2026-09-17 13:26:15.933 [info] Getting sessions for all scopes...
2026-09-17 13:26:15.933 [info] Got 2 sessions for ...
2026-09-17 13:26:17.102 [info] Getting sessions for read:user,user:email...
2026-09-17 13:26:17.102 [info] Got 0 sessions for read:user,user:email...
2026-09-17 13:26:17.175 [info] Getting sessions for all scopes...
2026-09-17 13:26:17.175 [info] Got 2 sessions for ...
2026-09-17 13:26:17.197 [info] Getting sessions for all scopes...
2026-09-17 13:26:17.197 [info] Got 2 sessions for ...
2026-09-17 13:26:17.304 [info] Getting sessions for all scopes...
2026-09-17 13:26:17.304 [info] Got 2 sessions for ...
2026-09-17 13:26:17.305 [info] Getting sessions for all scopes...
2026-09-17 13:26:17.305 [info] Got 2 sessions for ...
2026-09-17 13:26:17.844 [info] Getting sessions for read:user,repo,user:email,workflow...
2026-09-17 13:26:17.844 [info] Got 1 sessions for read:user,repo,user:email,workflow...
2026-09-17 13:26:18.228 [info] Getting sessions for all scopes...
2026-09-17 13:26:18.228 [info] Got 2 sessions for ...
2026-09-17 13:26:18.234 [info] Getting sessions for read:user,repo,user:email,workflow...
2026-09-17 13:26:18.234 [info] Got 1 sessions for read:user,repo,user:email,workflow...
2026-09-17 13:26:19.091 [info] Getting sessions for all scopes...
2026-09-17 13:26:19.091 [info] Got 2 sessions for ...
2026-09-17 13:26:19.091 [info] Getting sessions for all scopes...
2026-09-17 13:26:19.091 [info] Got 2 sessions for ...
2026-09-17 13:26:19.095 [info] FetcherService: Electron fetch failed with status: 429 
2026-09-17 13:26:19.098 [info] Unable to resolve optional EDU details. Status: 429 
2026-09-17 13:26:19.111 [info] Getting sessions for read:user,repo,user:email,workflow...
2026-09-17 13:26:19.111 [info] Got 1 sessions for read:user,repo,user:email,workflow...
2026-09-17 13:26:19.558 [info] Getting sessions for all scopes...
2026-09-17 13:26:19.558 [info] Got 2 sessions for ...
2026-09-17 13:26:19.558 [info] Getting sessions for all scopes...
2026-09-17 13:26:19.558 [info] Got 2 sessions for ...
2026-09-17 13:26:19.590 [info] Getting sessions for read:user,repo,user:email,workflow...
2026-09-17 13:26:19.590 [info] Got 1 sessions for read:user,repo,user:email,workflow...
2026-09-17 13:26:19.963 [info] Getting sessions for all scopes...
2026-09-17 13:26:19.963 [info] Got 2 sessions for ...
2026-09-17 13:26:19.964 [info] Getting sessions for read:user,repo,user:email,workflow...
2026-09-17 13:26:19.964 [info] Got 1 sessions for read:user,repo,user:email,workflow...
2026-09-17 13:26:20.223 [info] Getting sessions for all scopes...
2026-09-17 13:26:20.223 [info] Got 2 sessions for ...
2026-09-17 13:26:20.224 [info] Getting sessions for read:user,repo,user:email,workflow...
2026-09-17 13:26:20.224 [info] Got 1 sessions for read:user,repo,user:email,workflow...
2026-09-17 13:26:20.405 [info] Getting sessions for repo...
2026-09-17 13:26:20.405 [info] Got 0 sessions for repo...
2026-09-17 13:26:20.406 [info] Getting sessions for all scopes...
2026-09-17 13:26:20.406 [info] Got 2 sessions for ...
2026-09-17 13:26:20.417 [info] Getting sessions for read:user,user:email...
2026-09-17 13:26:20.417 [info] Got 0 sessions for read:user,user:email...
2026-09-17 13:26:20.417 [info] Getting sessions for all scopes...
2026-09-17 13:26:20.417 [info] Got 2 sessions for ...
2026-09-17 13:26:20.418 [info] Getting sessions for repo...
2026-09-17 13:26:20.418 [info] Got 0 sessions for repo...
2026-09-17 13:26:20.419 [info] Getting sessions for all scopes...
2026-09-17 13:26:20.419 [info] Got 2 sessions for ...
2026-09-17 13:26:20.681 [info] Getting sessions for all scopes...
2026-09-17 13:26:20.681 [info] Got 2 sessions for ...
2026-09-17 13:26:20.683 [info] Getting sessions for read:user,repo,user:email,workflow...
2026-09-17 13:26:20.683 [info] Got 1 sessions for read:user,repo,user:email,workflow...
2026-09-17 13:26:20.897 [info] Getting sessions for all scopes...
2026-09-17 13:26:20.897 [info] Got 2 sessions for ...
2026-09-17 13:26:20.902 [info] Getting sessions for read:user,repo,user:email,workflow...
2026-09-17 13:26:20.902 [info] Got 1 sessions for read:user,repo,user:email,workflow...
2026-09-17 13:26:21.273 [info] Getting sessions for all scopes...
2026-09-17 13:26:21.273 [info] Got 2 sessions for ...
2026-09-17 13:26:21.275 [info] Getting sessions for read:user,repo,user:email,workflow...
2026-09-17 13:26:21.275 [info] Got 1 sessions for read:user,repo,user:email,workflow...
2026-09-17 13:26:22.475 [info] Getting sessions for all scopes...
2026-09-17 13:26:22.475 [info] Got 2 sessions for ...
2026-09-17 13:26:22.476 [info] Getting sessions for read:user,repo,user:email,workflow...
2026-09-17 13:26:22.476 [info] Got 1 sessions for read:user,repo,user:email,workflow...
2026-09-17 13:26:24.018 [info] Getting sessions for read:user,user:email...
2026-09-17 13:26:24.018 [info] Got 0 sessions for read:user,user:email...
2026-09-17 13:26:24.021 [info] Getting sessions for all scopes...
2026-09-17 13:26:24.021 [info] Got 2 sessions for ...
2026-09-17 13:26:24.032 [info] Getting sessions for repo...
2026-09-17 13:26:24.032 [info] Got 0 sessions for repo...
2026-09-17 13:26:24.039 [info] Getting sessions for all scopes...
2026-09-17 13:26:24.039 [info] Got 2 sessions for ...
2026-09-17 13:26:24.041 [info] Getting sessions for read:user,user:email...
2026-09-17 13:26:24.041 [info] Got 0 sessions for read:user,user:email...
2026-09-17 13:26:24.042 [info] Getting sessions for all scopes...
2026-09-17 13:26:24.042 [info] Got 2 sessions for ...
2026-09-17 13:26:24.043 [info] Getting sessions for repo...
2026-09-17 13:26:24.043 [info] Got 0 sessions for repo...
2026-09-17 13:26:24.044 [info] Getting sessions for all scopes...
2026-09-17 13:26:24.044 [info] Got 2 sessions for ...
2026-09-17 13:26:25.010 [info] Getting sessions for all scopes...
2026-09-17 13:26:25.011 [info] Got 2 sessions for ...
2026-09-17 13:26:25.012 [info] Getting sessions for all scopes...
2026-09-17 13:26:25.012 [info] Got 2 sessions for ...
2026-09-17 13:26:33.577 [info] Getting sessions for read:user,user:email...
2026-09-17 13:26:33.577 [info] Got 0 sessions for read:user,user:email...
2026-09-17 13:26:33.577 [info] Getting sessions for read:user,user:email...
2026-09-17 13:26:33.577 [info] Got 0 sessions for read:user,user:email...
2026-09-17 13:26:33.579 [info] Getting sessions for all scopes...
2026-09-17 13:26:33.579 [info] Got 2 sessions for ...
2026-09-17 13:26:33.579 [info] Getting sessions for all scopes...
2026-09-17 13:26:33.579 [info] Got 2 sessions for ...
2026-09-17 13:26:33.580 [info] Getting sessions for repo...
2026-09-17 13:26:33.580 [info] Got 0 sessions for repo...
2026-09-17 13:26:33.581 [info] Getting sessions for repo...
2026-09-17 13:26:33.581 [info] Got 0 sessions for repo...
2026-09-17 13:26:33.581 [info] Getting sessions for all scopes...
2026-09-17 13:26:33.581 [info] Got 2 sessions for ...
2026-09-17 13:26:33.582 [info] Getting sessions for all scopes...
2026-09-17 13:26:33.582 [info] Got 2 sessions for ...
2026-09-17 13:26:33.583 [info] Getting sessions for read:user,user:email...
2026-09-17 13:26:33.583 [info] Got 0 sessions for read:user,user:email...
2026-09-17 13:26:33.584 [info] Getting sessions for read:user,user:email...
2026-09-17 13:26:33.584 [info] Got 0 sessions for read:user,user:email...
2026-09-17 13:26:33.584 [info] Getting sessions for all scopes...
2026-09-17 13:26:33.584 [info] Got 2 sessions for ...
2026-09-17 13:26:33.585 [info] Getting sessions for all scopes...
2026-09-17 13:26:33.585 [info] Got 2 sessions for ...
2026-09-17 13:26:33.585 [info] Getting sessions for repo...
2026-09-17 13:26:33.585 [info] Got 0 sessions for repo...
2026-09-17 13:26:33.585 [info] Getting sessions for repo...
2026-09-17 13:26:33.585 [info] Got 0 sessions for repo...
2026-09-17 13:26:33.585 [info] Getting sessions for all scopes...
2026-09-17 13:26:33.585 [info] Got 2 sessions for ...
2026-09-17 13:26:33.585 [info] Getting sessions for all scopes...
2026-09-17 13:26:33.585 [info] Got 2 sessions for ...
2026-09-17 13:34:27.727 [info] Getting sessions for all scopes...
2026-09-17 13:34:27.727 [info] Got 2 sessions for ...
2026-09-17 13:34:27.728 [info] Getting sessions for all scopes...
2026-09-17 13:34:27.728 [info] Got 2 sessions for ...
2026-09-17 13:34:50.738 [info] Getting sessions for all scopes...
2026-09-17 13:34:50.738 [info] Got 2 sessions for ...
2026-09-17 13:34:50.739 [info] Getting sessions for all scopes...
2026-09-17 13:34:50.739 [info] Got 2 sessions for ...
2026-09-17 13:53:59.146 [info] Getting sessions for all scopes...
2026-09-17 13:53:59.147 [info] Got 2 sessions for ...
2026-09-17 13:53:59.148 [info] Getting sessions for all scopes...
2026-09-17 13:53:59.148 [info] Got 2 sessions for ...
