[2026-01-01 21:30:49.138] [main] [info] [saleae_log.cpp:338] Logfile path set to: /home/trang/.config/Logic/logs/2026-01-01_21-30-47_364b8ecc-bdec-4915-b385-382aa5bae768/graphio.log
[2026-01-01 21:30:49.138] [main] [critical] [saleae_log.cpp:341] Global logging level is set to: info
[2026-01-01 21:30:50.014] [main] [info] [graph_server.cpp:821] DeleteGraphData SeesionId: -2
[2026-01-01 21:30:50.014] [main] [info] [graph_server.cpp:843] DeleteGraph( -2 ) called
[2026-01-01 21:30:50.220] [usb] [info] [DevicesManager.cpp:167] Resetting DevicesManager
[2026-01-01 21:30:50.232] [device] [info] [GenericDevice.cpp:60] Updating device state (Logic8/0xF4243) from DSInitializing(msg=, progress=0%) to DSReady()
[2026-01-01 21:30:50.232] [device] [info] [GenericDevice.cpp:60] Updating device state (LogicPro8/0xF4244) from DSInitializing(msg=, progress=0%) to DSReady()
[2026-01-01 21:30:50.232] [device] [info] [GenericDevice.cpp:60] Updating device state (LogicPro16/0xF4241) from DSInitializing(msg=, progress=0%) to DSReady()
[2026-01-01 21:31:04.881] [monitor] [info] [graph_server.cpp:352] System Memory Usage: sys_total=7632.035 MB, sys_avail=2655.559 MB, proc_mem_usage=-0.000 MB
[2026-01-01 21:31:19.882] [monitor] [info] [graph_server.cpp:352] System Memory Usage: sys_total=7632.035 MB, sys_avail=2654.500 MB, proc_mem_usage=-0.000 MB
[2026-01-01 21:31:34.883] [monitor] [info] [graph_server.cpp:352] System Memory Usage: sys_total=7632.035 MB, sys_avail=2708.816 MB, proc_mem_usage=-0.000 MB
[2026-01-01 21:31:49.884] [monitor] [info] [graph_server.cpp:352] System Memory Usage: sys_total=7632.035 MB, sys_avail=2802.969 MB, proc_mem_usage=-0.000 MB
[2026-01-01 21:32:04.885] [monitor] [info] [graph_server.cpp:352] System Memory Usage: sys_total=7632.035 MB, sys_avail=2780.266 MB, proc_mem_usage=-0.000 MB
[2026-01-01 21:32:05.276] [main] [info] [logic_device_node.cpp:121] acquire request for device instance id DeviceInstanceId(1000)
[2026-01-01 21:32:05.276] [usb] [info] [DevicesManager.cpp:347] Acquiring device handle 1000
[2026-01-01 21:32:05.287] [main] [info] [logic_device_node.cpp:279] enable channels
[2026-01-01 21:32:05.294] [node] [info] [digital_store.cpp:428] DigitalStore::HandleSetWriteAllowed: Write allowed set to true
[2026-01-01 21:32:05.294] [node] [info] [analog_store.cpp:124] AnalogStore::HandleSetWriteAllowed: Write allowed set to true
[2026-01-01 21:32:05.296] [node] [info] [digital_store.cpp:428] DigitalStore::HandleSetWriteAllowed: Write allowed set to true
[2026-01-01 21:32:05.296] [node] [info] [analog_store.cpp:124] AnalogStore::HandleSetWriteAllowed: Write allowed set to true
[2026-01-01 21:32:05.297] [node] [info] [digital_store.cpp:428] DigitalStore::HandleSetWriteAllowed: Write allowed set to true
[2026-01-01 21:32:05.297] [node] [info] [analog_store.cpp:124] AnalogStore::HandleSetWriteAllowed: Write allowed set to true
[2026-01-01 21:32:05.298] [node] [info] [digital_store.cpp:428] DigitalStore::HandleSetWriteAllowed: Write allowed set to true
[2026-01-01 21:32:05.298] [node] [info] [analog_store.cpp:124] AnalogStore::HandleSetWriteAllowed: Write allowed set to true
[2026-01-01 21:32:05.298] [node] [info] [digital_store.cpp:428] DigitalStore::HandleSetWriteAllowed: Write allowed set to true
[2026-01-01 21:32:05.298] [node] [info] [analog_store.cpp:124] AnalogStore::HandleSetWriteAllowed: Write allowed set to true
[2026-01-01 21:32:05.298] [node] [info] [digital_store.cpp:428] DigitalStore::HandleSetWriteAllowed: Write allowed set to true
[2026-01-01 21:32:05.298] [node] [info] [analog_store.cpp:124] AnalogStore::HandleSetWriteAllowed: Write allowed set to true
[2026-01-01 21:32:05.298] [node] [info] [digital_store.cpp:428] DigitalStore::HandleSetWriteAllowed: Write allowed set to true
[2026-01-01 21:32:05.298] [node] [info] [analog_store.cpp:124] AnalogStore::HandleSetWriteAllowed: Write allowed set to true
[2026-01-01 21:32:05.299] [node] [info] [digital_store.cpp:428] DigitalStore::HandleSetWriteAllowed: Write allowed set to true
[2026-01-01 21:32:05.299] [node] [info] [analog_store.cpp:124] AnalogStore::HandleSetWriteAllowed: Write allowed set to true
[2026-01-01 21:32:19.886] [monitor] [info] [graph_server.cpp:352] System Memory Usage: sys_total=7632.035 MB, sys_avail=2461.145 MB, proc_mem_usage=-0.000 MB
[2026-01-01 21:32:34.888] [monitor] [info] [graph_server.cpp:352] System Memory Usage: sys_total=7632.035 MB, sys_avail=2168.434 MB, proc_mem_usage=-0.000 MB
[2026-01-01 21:32:49.890] [monitor] [info] [graph_server.cpp:352] System Memory Usage: sys_total=7632.035 MB, sys_avail=2219.164 MB, proc_mem_usage=-0.000 MB
[2026-01-01 21:33:04.892] [monitor] [info] [graph_server.cpp:352] System Memory Usage: sys_total=7632.035 MB, sys_avail=2265.391 MB, proc_mem_usage=-0.000 MB
[2026-01-01 21:33:19.893] [monitor] [info] [graph_server.cpp:352] System Memory Usage: sys_total=7632.035 MB, sys_avail=2251.801 MB, proc_mem_usage=-0.000 MB
[2026-01-01 21:33:34.894] [monitor] [info] [graph_server.cpp:352] System Memory Usage: sys_total=7632.035 MB, sys_avail=2283.035 MB, proc_mem_usage=-0.000 MB
[2026-01-01 21:33:49.895] [monitor] [info] [graph_server.cpp:352] System Memory Usage: sys_total=7632.035 MB, sys_avail=2330.176 MB, proc_mem_usage=-0.000 MB
[2026-01-01 21:34:04.900] [monitor] [info] [graph_server.cpp:352] System Memory Usage: sys_total=7632.035 MB, sys_avail=2059.949 MB, proc_mem_usage=-0.000 MB
[2026-01-01 21:34:19.905] [monitor] [info] [graph_server.cpp:352] System Memory Usage: sys_total=7632.035 MB, sys_avail=2132.215 MB, proc_mem_usage=-0.000 MB
[2026-01-01 21:34:34.915] [monitor] [info] [graph_server.cpp:352] System Memory Usage: sys_total=7632.035 MB, sys_avail=1822.145 MB, proc_mem_usage=-0.000 MB
[2026-01-01 21:34:49.917] [monitor] [info] [graph_server.cpp:352] System Memory Usage: sys_total=7632.035 MB, sys_avail=1818.641 MB, proc_mem_usage=-0.000 MB
[2026-01-01 21:35:04.918] [monitor] [info] [graph_server.cpp:352] System Memory Usage: sys_total=7632.035 MB, sys_avail=1763.551 MB, proc_mem_usage=-0.000 MB
[2026-01-01 21:35:19.919] [monitor] [info] [graph_server.cpp:352] System Memory Usage: sys_total=7632.035 MB, sys_avail=1827.777 MB, proc_mem_usage=-0.000 MB
[2026-01-01 21:35:34.920] [monitor] [info] [graph_server.cpp:352] System Memory Usage: sys_total=7632.035 MB, sys_avail=1831.117 MB, proc_mem_usage=-0.000 MB
[2026-01-01 21:35:49.923] [monitor] [info] [graph_server.cpp:352] System Memory Usage: sys_total=7632.035 MB, sys_avail=1847.336 MB, proc_mem_usage=-0.000 MB
[2026-01-01 21:36:04.925] [monitor] [info] [graph_server.cpp:352] System Memory Usage: sys_total=7632.035 MB, sys_avail=1882.633 MB, proc_mem_usage=-0.000 MB
[2026-01-01 21:36:19.926] [monitor] [info] [graph_server.cpp:352] System Memory Usage: sys_total=7632.035 MB, sys_avail=1899.570 MB, proc_mem_usage=-0.000 MB
[2026-01-01 21:36:34.928] [monitor] [info] [graph_server.cpp:352] System Memory Usage: sys_total=7632.035 MB, sys_avail=1987.984 MB, proc_mem_usage=-0.000 MB
[2026-01-01 21:36:49.929] [monitor] [info] [graph_server.cpp:352] System Memory Usage: sys_total=7632.035 MB, sys_avail=1960.746 MB, proc_mem_usage=-0.000 MB
[2026-01-01 21:37:04.931] [monitor] [info] [graph_server.cpp:352] System Memory Usage: sys_total=7632.035 MB, sys_avail=2001.082 MB, proc_mem_usage=-0.000 MB
[2026-01-01 21:37:19.932] [monitor] [info] [graph_server.cpp:352] System Memory Usage: sys_total=7632.035 MB, sys_avail=1897.488 MB, proc_mem_usage=-0.000 MB
[2026-01-01 21:37:34.933] [monitor] [info] [graph_server.cpp:352] System Memory Usage: sys_total=7632.035 MB, sys_avail=2042.504 MB, proc_mem_usage=-0.000 MB
[2026-01-01 21:37:49.934] [monitor] [info] [graph_server.cpp:352] System Memory Usage: sys_total=7632.035 MB, sys_avail=2496.668 MB, proc_mem_usage=-0.000 MB
[2026-01-01 21:38:04.935] [monitor] [info] [graph_server.cpp:352] System Memory Usage: sys_total=7632.035 MB, sys_avail=2526.910 MB, proc_mem_usage=-0.000 MB
[2026-01-01 21:38:19.936] [monitor] [info] [graph_server.cpp:352] System Memory Usage: sys_total=7632.035 MB, sys_avail=2502.824 MB, proc_mem_usage=-0.000 MB
[2026-01-01 21:38:34.937] [monitor] [info] [graph_server.cpp:352] System Memory Usage: sys_total=7632.035 MB, sys_avail=2589.488 MB, proc_mem_usage=-0.000 MB
[2026-01-01 21:38:49.941] [monitor] [info] [graph_server.cpp:352] System Memory Usage: sys_total=7632.035 MB, sys_avail=2517.910 MB, proc_mem_usage=-0.000 MB
[2026-01-01 21:39:04.942] [monitor] [info] [graph_server.cpp:352] System Memory Usage: sys_total=7632.035 MB, sys_avail=2591.367 MB, proc_mem_usage=-0.000 MB
[2026-01-01 21:39:19.944] [monitor] [info] [graph_server.cpp:352] System Memory Usage: sys_total=7632.035 MB, sys_avail=2377.340 MB, proc_mem_usage=-0.000 MB
[2026-01-01 21:39:34.945] [monitor] [info] [graph_server.cpp:352] System Memory Usage: sys_total=7632.035 MB, sys_avail=2323.512 MB, proc_mem_usage=-0.000 MB
[2026-01-01 21:39:49.952] [monitor] [info] [graph_server.cpp:352] System Memory Usage: sys_total=7632.035 MB, sys_avail=2385.980 MB, proc_mem_usage=-0.000 MB
[2026-01-01 21:40:04.953] [monitor] [info] [graph_server.cpp:352] System Memory Usage: sys_total=7632.035 MB, sys_avail=2368.848 MB, proc_mem_usage=-0.000 MB
[2026-01-01 21:40:19.957] [monitor] [info] [graph_server.cpp:352] System Memory Usage: sys_total=7632.035 MB, sys_avail=2314.562 MB, proc_mem_usage=-0.000 MB
[2026-01-01 21:40:34.958] [monitor] [info] [graph_server.cpp:352] System Memory Usage: sys_total=7632.035 MB, sys_avail=2394.633 MB, proc_mem_usage=-0.000 MB
[2026-01-01 21:40:49.960] [monitor] [info] [graph_server.cpp:352] System Memory Usage: sys_total=7632.035 MB, sys_avail=2409.117 MB, proc_mem_usage=-0.000 MB
[2026-01-01 21:41:04.961] [monitor] [info] [graph_server.cpp:352] System Memory Usage: sys_total=7632.035 MB, sys_avail=2419.555 MB, proc_mem_usage=-0.000 MB
[2026-01-01 21:41:19.962] [monitor] [info] [graph_server.cpp:352] System Memory Usage: sys_total=7632.035 MB, sys_avail=2420.949 MB, proc_mem_usage=-0.000 MB
[2026-01-01 21:41:34.964] [monitor] [info] [graph_server.cpp:352] System Memory Usage: sys_total=7632.035 MB, sys_avail=2515.805 MB, proc_mem_usage=-0.000 MB
[2026-01-01 21:41:49.965] [monitor] [info] [graph_server.cpp:352] System Memory Usage: sys_total=7632.035 MB, sys_avail=2504.750 MB, proc_mem_usage=-0.000 MB
[2026-01-01 21:42:04.966] [monitor] [info] [graph_server.cpp:352] System Memory Usage: sys_total=7632.035 MB, sys_avail=2500.398 MB, proc_mem_usage=-0.000 MB
[2026-01-01 21:42:19.967] [monitor] [info] [graph_server.cpp:352] System Memory Usage: sys_total=7632.035 MB, sys_avail=2497.262 MB, proc_mem_usage=-0.000 MB
[2026-01-01 21:42:34.969] [monitor] [info] [graph_server.cpp:352] System Memory Usage: sys_total=7632.035 MB, sys_avail=2500.492 MB, proc_mem_usage=-0.000 MB
[2026-01-01 21:42:49.970] [monitor] [info] [graph_server.cpp:352] System Memory Usage: sys_total=7632.035 MB, sys_avail=2457.422 MB, proc_mem_usage=-0.000 MB
[2026-01-01 21:43:04.971] [monitor] [info] [graph_server.cpp:352] System Memory Usage: sys_total=7632.035 MB, sys_avail=2340.426 MB, proc_mem_usage=-0.000 MB
[2026-01-01 21:43:19.972] [monitor] [info] [graph_server.cpp:352] System Memory Usage: sys_total=7632.035 MB, sys_avail=2270.020 MB, proc_mem_usage=-0.000 MB
[2026-01-01 21:43:34.974] [monitor] [info] [graph_server.cpp:352] System Memory Usage: sys_total=7632.035 MB, sys_avail=3155.430 MB, proc_mem_usage=-0.000 MB
[2026-01-01 21:43:49.975] [monitor] [info] [graph_server.cpp:352] System Memory Usage: sys_total=7632.035 MB, sys_avail=3118.410 MB, proc_mem_usage=-0.000 MB
[2026-01-01 21:44:04.979] [monitor] [info] [graph_server.cpp:352] System Memory Usage: sys_total=7632.035 MB, sys_avail=3151.621 MB, proc_mem_usage=-0.000 MB
[2026-01-01 21:44:18.999] [main] [info] [logic_device_node.cpp:231] device release request
[2026-01-01 21:44:18.999] [usb] [info] [DevicesManager.cpp:399] Releasing device handle 1000
[2026-01-01 21:44:19.181] [main] [info] [graph_server.cpp:821] DeleteGraphData SeesionId: 0
[2026-01-01 21:44:19.181] [main] [info] [graph_server.cpp:843] DeleteGraph( 0 ) called
[2026-01-01 21:44:19.980] [monitor] [info] [graph_server.cpp:352] System Memory Usage: sys_total=7632.035 MB, sys_avail=2912.566 MB, proc_mem_usage=-0.000 MB
[2026-01-01 21:44:29.335] [main] [info] [logic_device_node.cpp:121] acquire request for device instance id DeviceInstanceId(1000)
[2026-01-01 21:44:29.335] [usb] [info] [DevicesManager.cpp:347] Acquiring device handle 1000
[2026-01-01 21:44:29.376] [main] [info] [logic_device_node.cpp:279] enable channels
[2026-01-01 21:44:29.381] [main] [info] [logic_device_node.cpp:250] set sample rate: 10000000, 1250000
[2026-01-01 21:44:29.381] [node] [info] [digital_store.cpp:428] DigitalStore::HandleSetWriteAllowed: Write allowed set to true
[2026-01-01 21:44:29.393] [node] [info] [analog_store.cpp:124] AnalogStore::HandleSetWriteAllowed: Write allowed set to true
[2026-01-01 21:44:29.396] [node] [info] [digital_store.cpp:428] DigitalStore::HandleSetWriteAllowed: Write allowed set to true
[2026-01-01 21:44:29.397] [node] [info] [analog_store.cpp:124] AnalogStore::HandleSetWriteAllowed: Write allowed set to true
[2026-01-01 21:44:29.397] [node] [info] [digital_store.cpp:428] DigitalStore::HandleSetWriteAllowed: Write allowed set to true
[2026-01-01 21:44:29.397] [node] [info] [analog_store.cpp:124] AnalogStore::HandleSetWriteAllowed: Write allowed set to true
[2026-01-01 21:44:29.398] [node] [info] [digital_store.cpp:428] DigitalStore::HandleSetWriteAllowed: Write allowed set to true
[2026-01-01 21:44:29.398] [node] [info] [analog_store.cpp:124] AnalogStore::HandleSetWriteAllowed: Write allowed set to true
[2026-01-01 21:44:29.398] [node] [info] [digital_store.cpp:428] DigitalStore::HandleSetWriteAllowed: Write allowed set to true
[2026-01-01 21:44:29.398] [node] [info] [analog_store.cpp:124] AnalogStore::HandleSetWriteAllowed: Write allowed set to true
[2026-01-01 21:44:29.398] [node] [info] [digital_store.cpp:428] DigitalStore::HandleSetWriteAllowed: Write allowed set to true
[2026-01-01 21:44:29.398] [node] [info] [analog_store.cpp:124] AnalogStore::HandleSetWriteAllowed: Write allowed set to true
[2026-01-01 21:44:29.398] [node] [info] [digital_store.cpp:428] DigitalStore::HandleSetWriteAllowed: Write allowed set to true
[2026-01-01 21:44:29.398] [node] [info] [analog_store.cpp:124] AnalogStore::HandleSetWriteAllowed: Write allowed set to true
[2026-01-01 21:44:29.399] [node] [info] [digital_store.cpp:428] DigitalStore::HandleSetWriteAllowed: Write allowed set to true
[2026-01-01 21:44:29.399] [node] [info] [analog_store.cpp:124] AnalogStore::HandleSetWriteAllowed: Write allowed set to true
[2026-01-01 21:44:34.981] [monitor] [info] [graph_server.cpp:352] System Memory Usage: sys_total=7632.035 MB, sys_avail=3039.273 MB, proc_mem_usage=-0.000 MB
[2026-01-01 21:44:49.982] [monitor] [info] [graph_server.cpp:352] System Memory Usage: sys_total=7632.035 MB, sys_avail=3147.094 MB, proc_mem_usage=-0.000 MB
[2026-01-01 21:44:57.860] [main] [info] [logic_device_node.cpp:279] enable channels
[2026-01-01 21:44:59.912] [main] [info] [logic_device_node.cpp:279] enable channels
[2026-01-01 21:45:04.988] [monitor] [info] [graph_server.cpp:352] System Memory Usage: sys_total=7632.035 MB, sys_avail=3024.441 MB, proc_mem_usage=-0.000 MB
[2026-01-01 21:45:07.171] [main] [info] [logic_device_node.cpp:444] start capture
[2026-01-01 21:45:07.382] [main] [info] [analyzer_node.cpp:2057] named pipe connected
[2026-01-01 21:45:09.348] [main] [info] [logic_device_node.cpp:530] stop capture
[2026-01-01 21:45:10.653] [main] [info] [analyzer_node.cpp:2022] all frames written to database
[2026-01-01 21:45:19.989] [monitor] [info] [graph_server.cpp:352] System Memory Usage: sys_total=7632.035 MB, sys_avail=2705.199 MB, proc_mem_usage=-0.000 MB
[2026-01-01 21:45:34.991] [monitor] [info] [graph_server.cpp:352] System Memory Usage: sys_total=7632.035 MB, sys_avail=2605.711 MB, proc_mem_usage=-0.000 MB
[2026-01-01 21:45:49.992] [monitor] [info] [graph_server.cpp:352] System Memory Usage: sys_total=7632.035 MB, sys_avail=2795.082 MB, proc_mem_usage=-0.000 MB
[2026-01-01 21:46:04.994] [monitor] [info] [graph_server.cpp:352] System Memory Usage: sys_total=7632.035 MB, sys_avail=2805.129 MB, proc_mem_usage=-0.000 MB
[2026-01-01 21:46:15.460] [main] [info] [logic_device_node.cpp:231] device release request
[2026-01-01 21:46:15.460] [usb] [info] [DevicesManager.cpp:399] Releasing device handle 1000
[2026-01-01 21:46:15.870] [main] [info] [graph_server.cpp:821] DeleteGraphData SeesionId: 1
[2026-01-01 21:46:15.870] [main] [info] [graph_server.cpp:843] DeleteGraph( 1 ) called
[2026-01-01 21:46:15.918] [main] [info] [analyzer_node.cpp:629] joining database thread
[2026-01-01 21:46:15.918] [main] [info] [analyzer_node.cpp:632] database thread joined
[2026-01-01 21:46:19.997] [monitor] [info] [graph_server.cpp:352] System Memory Usage: sys_total=7632.035 MB, sys_avail=2805.395 MB, proc_mem_usage=-0.000 MB
[2026-01-01 21:46:34.999] [monitor] [info] [graph_server.cpp:352] System Memory Usage: sys_total=7632.035 MB, sys_avail=2865.270 MB, proc_mem_usage=-0.000 MB
[2026-01-01 21:46:50.000] [monitor] [info] [graph_server.cpp:352] System Memory Usage: sys_total=7632.035 MB, sys_avail=2858.320 MB, proc_mem_usage=-0.000 MB
[2026-01-01 21:47:05.002] [monitor] [info] [graph_server.cpp:352] System Memory Usage: sys_total=7632.035 MB, sys_avail=2759.141 MB, proc_mem_usage=-0.000 MB
[2026-01-01 21:47:20.003] [monitor] [info] [graph_server.cpp:352] System Memory Usage: sys_total=7632.035 MB, sys_avail=2779.883 MB, proc_mem_usage=-0.000 MB
[2026-01-01 21:47:35.006] [monitor] [info] [graph_server.cpp:352] System Memory Usage: sys_total=7632.035 MB, sys_avail=2284.168 MB, proc_mem_usage=-0.000 MB
[2026-01-01 21:47:50.007] [monitor] [info] [graph_server.cpp:352] System Memory Usage: sys_total=7632.035 MB, sys_avail=2141.957 MB, proc_mem_usage=-0.000 MB
[2026-01-01 21:48:05.009] [monitor] [info] [graph_server.cpp:352] System Memory Usage: sys_total=7632.035 MB, sys_avail=2225.996 MB, proc_mem_usage=-0.000 MB
[2026-01-01 21:48:20.010] [monitor] [info] [graph_server.cpp:352] System Memory Usage: sys_total=7632.035 MB, sys_avail=2238.211 MB, proc_mem_usage=-0.000 MB
[2026-01-01 21:48:35.028] [monitor] [info] [graph_server.cpp:352] System Memory Usage: sys_total=7632.035 MB, sys_avail=2204.039 MB, proc_mem_usage=-0.000 MB
[2026-01-01 21:48:50.029] [monitor] [info] [graph_server.cpp:352] System Memory Usage: sys_total=7632.035 MB, sys_avail=2335.371 MB, proc_mem_usage=-0.000 MB
[2026-01-01 21:49:05.030] [monitor] [info] [graph_server.cpp:352] System Memory Usage: sys_total=7632.035 MB, sys_avail=2381.285 MB, proc_mem_usage=-0.000 MB
[2026-01-01 21:49:20.032] [monitor] [info] [graph_server.cpp:352] System Memory Usage: sys_total=7632.035 MB, sys_avail=2364.367 MB, proc_mem_usage=-0.000 MB
[2026-01-01 21:49:35.033] [monitor] [info] [graph_server.cpp:352] System Memory Usage: sys_total=7632.035 MB, sys_avail=2390.016 MB, proc_mem_usage=-0.000 MB
[2026-01-01 21:49:50.035] [monitor] [info] [graph_server.cpp:352] System Memory Usage: sys_total=7632.035 MB, sys_avail=2358.230 MB, proc_mem_usage=-0.000 MB
[2026-01-01 21:50:05.037] [monitor] [info] [graph_server.cpp:352] System Memory Usage: sys_total=7632.035 MB, sys_avail=2309.320 MB, proc_mem_usage=-0.000 MB
[2026-01-01 21:50:20.038] [monitor] [info] [graph_server.cpp:352] System Memory Usage: sys_total=7632.035 MB, sys_avail=2342.273 MB, proc_mem_usage=-0.000 MB
[2026-01-01 21:50:35.040] [monitor] [info] [graph_server.cpp:352] System Memory Usage: sys_total=7632.035 MB, sys_avail=2316.984 MB, proc_mem_usage=-0.000 MB
[2026-01-01 21:50:50.041] [monitor] [info] [graph_server.cpp:352] System Memory Usage: sys_total=7632.035 MB, sys_avail=2308.270 MB, proc_mem_usage=-0.000 MB
[2026-01-01 21:51:05.042] [monitor] [info] [graph_server.cpp:352] System Memory Usage: sys_total=7632.035 MB, sys_avail=2299.590 MB, proc_mem_usage=-0.000 MB
[2026-01-01 21:51:20.054] [monitor] [info] [graph_server.cpp:352] System Memory Usage: sys_total=7632.035 MB, sys_avail=2269.312 MB, proc_mem_usage=-0.000 MB
[2026-01-01 21:51:35.056] [monitor] [info] [graph_server.cpp:352] System Memory Usage: sys_total=7632.035 MB, sys_avail=2224.434 MB, proc_mem_usage=-0.000 MB
[2026-01-01 21:51:50.058] [monitor] [info] [graph_server.cpp:352] System Memory Usage: sys_total=7632.035 MB, sys_avail=2276.215 MB, proc_mem_usage=-0.000 MB
[2026-01-01 21:51:55.065] [main] [info] [logic_device_node.cpp:121] acquire request for device instance id DeviceInstanceId(1000)
[2026-01-01 21:51:55.065] [usb] [info] [DevicesManager.cpp:347] Acquiring device handle 1000
[2026-01-01 21:51:55.139] [main] [info] [logic_device_node.cpp:279] enable channels
[2026-01-01 21:51:55.144] [main] [info] [logic_device_node.cpp:250] set sample rate: 10000000, 625000
[2026-01-01 21:51:55.144] [node] [info] [digital_store.cpp:428] DigitalStore::HandleSetWriteAllowed: Write allowed set to true
[2026-01-01 21:51:55.154] [node] [info] [analog_store.cpp:124] AnalogStore::HandleSetWriteAllowed: Write allowed set to true
[2026-01-01 21:51:55.154] [node] [info] [digital_store.cpp:428] DigitalStore::HandleSetWriteAllowed: Write allowed set to true
[2026-01-01 21:51:55.155] [node] [info] [analog_store.cpp:124] AnalogStore::HandleSetWriteAllowed: Write allowed set to true
[2026-01-01 21:51:55.155] [node] [info] [digital_store.cpp:428] DigitalStore::HandleSetWriteAllowed: Write allowed set to true
[2026-01-01 21:51:55.155] [node] [info] [analog_store.cpp:124] AnalogStore::HandleSetWriteAllowed: Write allowed set to true
[2026-01-01 21:51:55.155] [node] [info] [digital_store.cpp:428] DigitalStore::HandleSetWriteAllowed: Write allowed set to true
[2026-01-01 21:51:55.156] [node] [info] [analog_store.cpp:124] AnalogStore::HandleSetWriteAllowed: Write allowed set to true
[2026-01-01 21:51:55.156] [node] [info] [digital_store.cpp:428] DigitalStore::HandleSetWriteAllowed: Write allowed set to true
[2026-01-01 21:51:55.156] [node] [info] [analog_store.cpp:124] AnalogStore::HandleSetWriteAllowed: Write allowed set to true
[2026-01-01 21:51:55.156] [node] [info] [digital_store.cpp:428] DigitalStore::HandleSetWriteAllowed: Write allowed set to true
[2026-01-01 21:51:55.156] [node] [info] [analog_store.cpp:124] AnalogStore::HandleSetWriteAllowed: Write allowed set to true
[2026-01-01 21:51:55.156] [node] [info] [digital_store.cpp:428] DigitalStore::HandleSetWriteAllowed: Write allowed set to true
[2026-01-01 21:51:55.156] [node] [info] [analog_store.cpp:124] AnalogStore::HandleSetWriteAllowed: Write allowed set to true
[2026-01-01 21:51:55.156] [node] [info] [digital_store.cpp:428] DigitalStore::HandleSetWriteAllowed: Write allowed set to true
[2026-01-01 21:51:55.157] [node] [info] [analog_store.cpp:124] AnalogStore::HandleSetWriteAllowed: Write allowed set to true
[2026-01-01 21:52:05.059] [monitor] [info] [graph_server.cpp:352] System Memory Usage: sys_total=7632.035 MB, sys_avail=2223.102 MB, proc_mem_usage=-0.000 MB
[2026-01-01 21:52:20.061] [monitor] [info] [graph_server.cpp:352] System Memory Usage: sys_total=7632.035 MB, sys_avail=2312.496 MB, proc_mem_usage=-0.000 MB
[2026-01-01 21:52:35.062] [monitor] [info] [graph_server.cpp:352] System Memory Usage: sys_total=7632.035 MB, sys_avail=2299.387 MB, proc_mem_usage=-0.000 MB
[2026-01-01 21:52:50.063] [monitor] [info] [graph_server.cpp:352] System Memory Usage: sys_total=7632.035 MB, sys_avail=2357.824 MB, proc_mem_usage=-0.000 MB
[2026-01-01 21:53:05.065] [monitor] [info] [graph_server.cpp:352] System Memory Usage: sys_total=7632.035 MB, sys_avail=2383.797 MB, proc_mem_usage=-0.000 MB
[2026-01-01 21:53:20.069] [monitor] [info] [graph_server.cpp:352] System Memory Usage: sys_total=7632.035 MB, sys_avail=2434.254 MB, proc_mem_usage=-0.000 MB
[2026-01-01 21:53:35.072] [monitor] [info] [graph_server.cpp:352] System Memory Usage: sys_total=7632.035 MB, sys_avail=2443.992 MB, proc_mem_usage=-0.000 MB
[2026-01-01 21:53:50.073] [monitor] [info] [graph_server.cpp:352] System Memory Usage: sys_total=7632.035 MB, sys_avail=2417.969 MB, proc_mem_usage=-0.000 MB
[2026-01-01 21:54:05.076] [monitor] [info] [graph_server.cpp:352] System Memory Usage: sys_total=7632.035 MB, sys_avail=2452.055 MB, proc_mem_usage=-0.000 MB
[2026-01-01 21:54:20.078] [monitor] [info] [graph_server.cpp:352] System Memory Usage: sys_total=7632.035 MB, sys_avail=2432.984 MB, proc_mem_usage=-0.000 MB
[2026-01-01 21:54:35.113] [monitor] [info] [graph_server.cpp:352] System Memory Usage: sys_total=7632.035 MB, sys_avail=1654.090 MB, proc_mem_usage=-0.000 MB
[2026-01-01 21:54:50.117] [monitor] [info] [graph_server.cpp:352] System Memory Usage: sys_total=7632.035 MB, sys_avail=1871.883 MB, proc_mem_usage=-0.000 MB
[2026-01-01 21:55:05.118] [monitor] [info] [graph_server.cpp:352] System Memory Usage: sys_total=7632.035 MB, sys_avail=1864.941 MB, proc_mem_usage=-0.000 MB
[2026-01-01 21:55:20.120] [monitor] [info] [graph_server.cpp:352] System Memory Usage: sys_total=7632.035 MB, sys_avail=2292.285 MB, proc_mem_usage=-0.000 MB
[2026-01-01 21:55:35.121] [monitor] [info] [graph_server.cpp:352] System Memory Usage: sys_total=7632.035 MB, sys_avail=2389.797 MB, proc_mem_usage=-0.000 MB
[2026-01-01 21:55:40.886] [graph] [warning] [graph_server.cpp:510] Direct message handler exception: Pipe with specified id does not exist
Data:
{"type":"request","contents":{"id":317,"type":"Saleae::Graph::GraphActionData","runInParallel":false,"actions":[{"type":"Saleae::Graph::GraphActions::RemovePipe","id":1000000273}],"meta":{"sessionId":2,"destination":"GraphServer"}}}
