2026-09-19 15:53:23.342 [info] Reading sessions from keychain...
2026-09-19 15:53:23.342 [info] Getting sessions for all scopes...
2026-09-19 15:53:23.342 [info] Got stored sessions!
2026-09-19 15:53:23.342 [info] Got 2 verified sessions.
2026-09-19 15:53:23.342 [info] Got 2 sessions for ...
2026-09-19 15:53:23.342 [info] Getting sessions for all scopes...
2026-09-19 15:53:23.342 [info] Got 2 sessions for ...
2026-09-19 15:53:23.342 [info] Getting sessions for all scopes...
2026-09-19 15:53:23.342 [info] Got 2 sessions for ...
2026-09-19 15:53:23.424 [info] Getting sessions for all scopes...
2026-09-19 15:53:23.424 [info] Got 2 sessions for ...
2026-09-19 15:53:26.103 [info] Getting sessions for all scopes...
2026-09-19 15:53:26.103 [info] Got 2 sessions for ...
2026-09-19 15:53:26.105 [info] Getting sessions for all scopes...
2026-09-19 15:53:26.105 [info] Got 2 sessions for ...
2026-09-19 15:53:26.539 [info] Getting sessions for read:user,repo,user:email,workflow...
2026-09-19 15:53:26.540 [info] Got 1 sessions for read:user,repo,user:email,workflow...
2026-09-19 15:53:26.654 [info] Getting sessions for read:user,user:email...
2026-09-19 15:53:26.654 [info] Got 0 sessions for read:user,user:email...
2026-09-19 15:53:26.659 [info] Getting sessions for all scopes...
2026-09-19 15:53:26.659 [info] Got 2 sessions for ...
2026-09-19 15:53:26.754 [info] Getting sessions for repo...
2026-09-19 15:53:26.754 [info] Got 0 sessions for repo...
2026-09-19 15:53:26.755 [info] Getting sessions for all scopes...
2026-09-19 15:53:26.755 [info] Got 2 sessions for ...
2026-09-19 15:53:26.785 [info] Getting sessions for all scopes...
2026-09-19 15:53:26.785 [info] Got 2 sessions for ...
2026-09-19 15:53:26.789 [info] Getting sessions for read:user,repo,user:email,workflow...
2026-09-19 15:53:26.789 [info] Got 1 sessions for read:user,repo,user:email,workflow...
2026-09-19 15:53:26.790 [info] Getting sessions for read:user,user:email...
2026-09-19 15:53:26.790 [info] Got 0 sessions for read:user,user:email...
2026-09-19 15:53:26.802 [info] Getting sessions for all scopes...
2026-09-19 15:53:26.802 [info] Got 2 sessions for ...
2026-09-19 15:53:26.838 [info] FetcherService: Electron fetch failed with status: 429 
2026-09-19 15:53:26.842 [info] Unable to resolve optional EDU details. Status: 429 
2026-09-19 15:53:27.214 [info] Getting sessions for repo...
2026-09-19 15:53:27.214 [info] Got 0 sessions for repo...
2026-09-19 15:53:27.275 [info] Getting sessions for all scopes...
2026-09-19 15:53:27.275 [info] Got 2 sessions for ...
2026-09-19 15:53:27.293 [info] Getting sessions for all scopes...
2026-09-19 15:53:27.293 [info] Got 2 sessions for ...
2026-09-19 15:53:27.294 [info] Getting sessions for all scopes...
2026-09-19 15:53:27.294 [info] Got 2 sessions for ...
2026-09-19 15:53:27.300 [info] Getting sessions for read:user,repo,user:email,workflow...
2026-09-19 15:53:27.300 [info] Got 1 sessions for read:user,repo,user:email,workflow...
2026-09-19 15:53:27.653 [info] Getting sessions for all scopes...
2026-09-19 15:53:27.653 [info] Got 2 sessions for ...
2026-09-19 15:53:27.654 [info] Getting sessions for all scopes...
2026-09-19 15:53:27.654 [info] Got 2 sessions for ...
2026-09-19 15:53:27.709 [info] Getting sessions for all scopes...
2026-09-19 15:53:27.709 [info] Got 2 sessions for ...
2026-09-19 15:53:27.713 [info] Getting sessions for read:user,repo,user:email,workflow...
2026-09-19 15:53:27.713 [info] Got 1 sessions for read:user,repo,user:email,workflow...
2026-09-19 15:53:27.714 [info] Getting sessions for all scopes...
2026-09-19 15:53:27.714 [info] Got 2 sessions for ...
2026-09-19 15:53:28.105 [info] Getting sessions for all scopes...
2026-09-19 15:53:28.105 [info] Got 2 sessions for ...
2026-09-19 15:53:28.110 [info] Getting sessions for read:user,repo,user:email,workflow...
2026-09-19 15:53:28.110 [info] Got 1 sessions for read:user,repo,user:email,workflow...
2026-09-19 15:53:28.150 [info] Getting sessions for all scopes...
2026-09-19 15:53:28.150 [info] Got 2 sessions for ...
2026-09-19 15:53:28.151 [info] Getting sessions for read:user,repo,user:email,workflow...
2026-09-19 15:53:28.152 [info] Got 1 sessions for read:user,repo,user:email,workflow...
2026-09-19 15:53:28.465 [info] Getting sessions for all scopes...
2026-09-19 15:53:28.465 [info] Got 2 sessions for ...
2026-09-19 15:53:28.471 [info] Getting sessions for read:user,repo,user:email,workflow...
2026-09-19 15:53:28.471 [info] Got 1 sessions for read:user,repo,user:email,workflow...
2026-09-19 15:53:28.972 [info] Getting sessions for all scopes...
2026-09-19 15:53:28.972 [info] Got 2 sessions for ...
2026-09-19 15:53:28.975 [info] Getting sessions for read:user,repo,user:email,workflow...
2026-09-19 15:53:28.975 [info] Got 1 sessions for read:user,repo,user:email,workflow...
2026-09-19 15:53:29.016 [info] Getting sessions for all scopes...
2026-09-19 15:53:29.017 [info] Got 2 sessions for ...
2026-09-19 15:53:29.017 [info] Getting sessions for read:user,repo,user:email,workflow...
2026-09-19 15:53:29.017 [info] Got 1 sessions for read:user,repo,user:email,workflow...
2026-09-19 15:53:29.086 [info] Getting sessions for all scopes...
2026-09-19 15:53:29.086 [info] Got 2 sessions for ...
2026-09-19 15:53:32.118 [info] Getting sessions for read:user,user:email...
2026-09-19 15:53:32.118 [info] Got 0 sessions for read:user,user:email...
2026-09-19 15:53:32.122 [info] Getting sessions for all scopes...
2026-09-19 15:53:32.122 [info] Got 2 sessions for ...
2026-09-19 15:53:32.127 [info] Getting sessions for repo...
2026-09-19 15:53:32.127 [info] Got 0 sessions for repo...
2026-09-19 15:53:32.130 [info] Getting sessions for all scopes...
2026-09-19 15:53:32.130 [info] Got 2 sessions for ...
2026-09-19 15:53:32.132 [info] Getting sessions for read:user,user:email...
2026-09-19 15:53:32.132 [info] Got 0 sessions for read:user,user:email...
2026-09-19 15:53:32.132 [info] Getting sessions for all scopes...
2026-09-19 15:53:32.132 [info] Got 2 sessions for ...
2026-09-19 15:53:32.133 [info] Getting sessions for repo...
2026-09-19 15:53:32.133 [info] Got 0 sessions for repo...
2026-09-19 15:53:32.133 [info] Getting sessions for all scopes...
2026-09-19 15:53:32.133 [info] Got 2 sessions for ...
2026-09-19 15:53:36.131 [info] Getting sessions for read:user,user:email...
2026-09-19 15:53:36.131 [info] Got 0 sessions for read:user,user:email...
2026-09-19 15:53:36.131 [info] Getting sessions for read:user,user:email...
2026-09-19 15:53:36.131 [info] Got 0 sessions for read:user,user:email...
2026-09-19 15:53:36.131 [info] Getting sessions for all scopes...
2026-09-19 15:53:36.131 [info] Got 2 sessions for ...
2026-09-19 15:53:36.132 [info] Getting sessions for all scopes...
2026-09-19 15:53:36.132 [info] Got 2 sessions for ...
2026-09-19 15:53:36.132 [info] Getting sessions for all scopes...
2026-09-19 15:53:36.132 [info] Got 2 sessions for ...
2026-09-19 15:53:36.132 [info] Getting sessions for all scopes...
2026-09-19 15:53:36.132 [info] Got 2 sessions for ...
2026-09-19 15:53:36.132 [info] Getting sessions for repo...
2026-09-19 15:53:36.132 [info] Got 0 sessions for repo...
2026-09-19 15:53:36.132 [info] Getting sessions for repo...
2026-09-19 15:53:36.132 [info] Got 0 sessions for repo...
2026-09-19 15:53:36.133 [info] Getting sessions for all scopes...
2026-09-19 15:53:36.133 [info] Got 2 sessions for ...
2026-09-19 15:53:36.133 [info] Getting sessions for all scopes...
2026-09-19 15:53:36.133 [info] Got 2 sessions for ...
2026-09-19 15:53:36.133 [info] Getting sessions for read:user,user:email...
2026-09-19 15:53:36.133 [info] Got 0 sessions for read:user,user:email...
2026-09-19 15:53:36.133 [info] Getting sessions for read:user,user:email...
2026-09-19 15:53:36.133 [info] Got 0 sessions for read:user,user:email...
2026-09-19 15:53:36.134 [info] Getting sessions for all scopes...
2026-09-19 15:53:36.134 [info] Got 2 sessions for ...
2026-09-19 15:53:36.134 [info] Getting sessions for all scopes...
2026-09-19 15:53:36.134 [info] Got 2 sessions for ...
2026-09-19 15:53:36.134 [info] Getting sessions for repo...
2026-09-19 15:53:36.134 [info] Got 0 sessions for repo...
2026-09-19 15:53:36.135 [info] Getting sessions for repo...
2026-09-19 15:53:36.135 [info] Got 0 sessions for repo...
2026-09-19 15:53:36.135 [info] Getting sessions for all scopes...
2026-09-19 15:53:36.135 [info] Got 2 sessions for ...
2026-09-19 15:53:36.135 [info] Getting sessions for all scopes...
2026-09-19 15:53:36.135 [info] Got 2 sessions for ...
2026-09-19 15:53:48.902 [info] Reading sessions from keychain...
2026-09-19 15:53:48.902 [info] Getting sessions for all scopes...
2026-09-19 15:53:48.902 [info] Got stored sessions!
2026-09-19 15:53:48.902 [info] Got 2 verified sessions.
2026-09-19 15:53:48.902 [info] Got 2 sessions for ...
2026-09-19 15:53:48.902 [info] Getting sessions for all scopes...
2026-09-19 15:53:48.902 [info] Got 2 sessions for ...
2026-09-19 15:53:48.902 [info] Getting sessions for all scopes...
2026-09-19 15:53:48.902 [info] Got 2 sessions for ...
2026-09-19 15:53:48.902 [info] Getting sessions for all scopes...
2026-09-19 15:53:48.902 [info] Got 2 sessions for ...
2026-09-19 15:53:48.902 [info] Getting sessions for all scopes...
2026-09-19 15:53:48.902 [info] Got 2 sessions for ...
2026-09-19 15:53:48.908 [info] Getting sessions for read:user,repo,user:email,workflow...
2026-09-19 15:53:48.908 [info] Got 1 sessions for read:user,repo,user:email,workflow...
2026-09-19 15:53:50.489 [info] Getting sessions for all scopes...
2026-09-19 15:53:50.489 [info] Got 2 sessions for ...
2026-09-19 15:53:50.946 [info] FetcherService: Electron fetch failed with status: 429 
2026-09-19 15:53:50.950 [info] Unable to resolve optional EDU details. Status: 429 
2026-09-19 15:53:51.009 [info] Getting sessions for all scopes...
2026-09-19 15:53:51.009 [info] Got 2 sessions for ...
2026-09-19 15:53:51.009 [info] Getting sessions for all scopes...
2026-09-19 15:53:51.009 [info] Got 2 sessions for ...
2026-09-19 15:53:51.010 [info] Getting sessions for all scopes...
2026-09-19 15:53:51.010 [info] Got 2 sessions for ...
2026-09-19 15:53:51.027 [info] Getting sessions for read:user,repo,user:email,workflow...
2026-09-19 15:53:51.027 [info] Got 1 sessions for read:user,repo,user:email,workflow...
2026-09-19 15:53:51.500 [info] Getting sessions for read:user,user:email...
2026-09-19 15:53:51.500 [info] Got 0 sessions for read:user,user:email...
2026-09-19 15:53:51.554 [info] Getting sessions for all scopes...
2026-09-19 15:53:51.554 [info] Got 2 sessions for ...
2026-09-19 15:53:51.812 [info] Getting sessions for repo...
2026-09-19 15:53:51.812 [info] Got 0 sessions for repo...
2026-09-19 15:53:51.885 [info] Getting sessions for read:user,repo,user:email,workflow...
2026-09-19 15:53:51.885 [info] Got 1 sessions for read:user,repo,user:email,workflow...
2026-09-19 15:53:51.887 [info] Getting sessions for all scopes...
2026-09-19 15:53:51.887 [info] Got 2 sessions for ...
2026-09-19 15:53:51.888 [info] Getting sessions for all scopes...
2026-09-19 15:53:51.888 [info] Got 2 sessions for ...
2026-09-19 15:53:51.888 [info] Getting sessions for all scopes...
2026-09-19 15:53:51.888 [info] Got 2 sessions for ...
2026-09-19 15:53:51.975 [info] Getting sessions for all scopes...
2026-09-19 15:53:51.975 [info] Got 2 sessions for ...
2026-09-19 15:53:51.977 [info] Getting sessions for all scopes...
2026-09-19 15:53:51.977 [info] Got 2 sessions for ...
2026-09-19 15:53:52.023 [info] Getting sessions for read:user,user:email...
2026-09-19 15:53:52.023 [info] Got 0 sessions for read:user,user:email...
2026-09-19 15:53:52.082 [info] Getting sessions for all scopes...
2026-09-19 15:53:52.082 [info] Got 2 sessions for ...
2026-09-19 15:53:52.165 [info] Getting sessions for all scopes...
2026-09-19 15:53:52.165 [info] Got 2 sessions for ...
2026-09-19 15:53:52.167 [info] Getting sessions for read:user,repo,user:email,workflow...
2026-09-19 15:53:52.167 [info] Got 1 sessions for read:user,repo,user:email,workflow...
2026-09-19 15:53:52.200 [info] Getting sessions for repo...
2026-09-19 15:53:52.200 [info] Got 0 sessions for repo...
2026-09-19 15:53:52.252 [info] Getting sessions for all scopes...
2026-09-19 15:53:52.252 [info] Got 2 sessions for ...
2026-09-19 15:53:52.444 [info] Getting sessions for all scopes...
2026-09-19 15:53:52.444 [info] Got 2 sessions for ...
2026-09-19 15:53:52.503 [info] Getting sessions for read:user,repo,user:email,workflow...
2026-09-19 15:53:52.503 [info] Got 1 sessions for read:user,repo,user:email,workflow...
2026-09-19 15:53:52.630 [info] Getting sessions for all scopes...
2026-09-19 15:53:52.630 [info] Got 2 sessions for ...
2026-09-19 15:53:52.633 [info] Getting sessions for read:user,repo,user:email,workflow...
2026-09-19 15:53:52.633 [info] Got 1 sessions for read:user,repo,user:email,workflow...
2026-09-19 15:54:17.967 [info] Getting sessions for all scopes...
2026-09-19 15:54:17.967 [info] Got 2 sessions for ...
2026-09-19 15:54:17.968 [info] Getting sessions for all scopes...
2026-09-19 15:54:17.968 [info] Got 2 sessions for ...
2026-09-19 15:54:22.311 [info] Getting sessions for all scopes...
2026-09-19 15:54:22.311 [info] Got 2 sessions for ...
2026-09-19 15:54:22.312 [info] Getting sessions for all scopes...
2026-09-19 15:54:22.312 [info] Got 2 sessions for ...
2026-09-19 15:54:24.930 [info] Getting sessions for all scopes...
2026-09-19 15:54:24.930 [info] Got 2 sessions for ...
2026-09-19 15:54:24.934 [info] Getting sessions for all scopes...
2026-09-19 15:54:24.935 [info] Got 2 sessions for ...
2026-09-19 15:54:36.472 [info] Getting sessions for all scopes...
2026-09-19 15:54:36.472 [info] Got 2 sessions for ...
2026-09-19 15:54:36.473 [info] Getting sessions for all scopes...
2026-09-19 15:54:36.473 [info] Got 2 sessions for ...
2026-09-19 15:54:39.889 [info] Getting sessions for all scopes...
2026-09-19 15:54:39.889 [info] Got 2 sessions for ...
2026-09-19 15:54:39.890 [info] Getting sessions for all scopes...
2026-09-19 15:54:39.890 [info] Got 2 sessions for ...
2026-09-19 15:54:48.783 [info] Getting sessions for all scopes...
2026-09-19 15:54:48.783 [info] Got 2 sessions for ...
2026-09-19 15:54:48.785 [info] Getting sessions for all scopes...
2026-09-19 15:54:48.785 [info] Got 2 sessions for ...
