2025-11-16 04:37:51 Loading main app package /tmp/.mount_Obsidi5q1qTj/resources/obsidian.asar
2025-11-16 04:37:52 Checking for update using Github
2025-11-16 04:37:52 Success.
2025-11-16 04:37:52 Latest version is 1.10.3
2025-11-16 04:37:52 App is up to date.
2025-11-16 05:19:26 Loading main app package /tmp/.mount_ObsidibmDIno/resources/obsidian.asar
2025-11-16 05:19:31 Checking for update using Github
2025-11-16 05:19:32 Success.
2025-11-16 05:19:32 Latest version is 1.10.3
2025-11-16 05:19:32 App is up to date.
2025-11-16 05:23:55 Loading main app package /tmp/.mount_ObsidiN21PRU/resources/obsidian.asar
2025-11-16 05:23:56 Checking for update using Github
2025-11-16 05:23:56 Success.
2025-11-16 05:23:56 Latest version is 1.10.3
2025-11-16 05:23:56 App is up to date.
2025-11-17 02:34:08 Loading main app package /tmp/.mount_ObsidihMeUFm/resources/obsidian.asar
2025-11-17 02:34:09 Checking for update using Github
2025-11-17 02:34:09 Success.
2025-11-17 02:34:09 Latest version is 1.10.3
2025-11-17 02:34:09 App is up to date.
2025-11-17 03:34:08 Checking for update using Github
2025-11-17 08:09:59 Loading main app package /tmp/.mount_ObsidiifHklc/resources/obsidian.asar
2025-11-17 08:10:00 Checking for update using Github
2025-11-17 08:10:01 Success.
2025-11-17 08:10:01 Latest version is 1.10.3
2025-11-17 08:10:01 App is up to date.
2025-11-17 09:09:59 Checking for update using Github
2025-11-17 09:10:00 Success.
2025-11-17 09:10:00 Latest version is 1.10.3
2025-11-17 09:10:00 App is up to date.
2025-11-17 10:09:59 Checking for update using Github
2025-11-17 10:09:59 Failed to check for update using Github (net::ERR_INTERNET_DISCONNECTED)
2025-11-17 10:09:59 Checking for update using obsidian.md
2025-11-17 10:09:59 Failed to check for update using obsidian.md (net::ERR_INTERNET_DISCONNECTED)
2025-11-18 07:45:57 Loading main app package /tmp/.mount_ObsidiNpA5Wx/resources/obsidian.asar
2025-11-18 07:45:58 Checking for update using Github
2025-11-18 07:45:58 Success.
2025-11-18 07:45:58 Latest version is 1.10.3
2025-11-18 07:45:58 App is up to date.
2025-11-18 08:45:57 Checking for update using Github
2025-11-18 08:45:57 Success.
2025-11-18 08:45:57 Latest version is 1.10.3
2025-11-18 08:45:57 App is up to date.
2025-11-18 09:45:57 Checking for update using Github
2025-11-18 09:45:57 Success.
2025-11-18 09:45:57 Latest version is 1.10.3
2025-11-18 09:45:57 App is up to date.
2025-11-18 10:33:04 Loading main app package /tmp/.mount_Obsidi35Yxs5/resources/obsidian.asar
2025-11-18 10:33:06 Checking for update using Github
2025-11-18 10:33:06 Success.
2025-11-18 10:33:06 Latest version is 1.10.3
2025-11-18 10:33:06 App is up to date.
2025-11-20 10:39:34 Loading main app package /tmp/.mount_ObsidiuMZi9i/resources/obsidian.asar
2025-11-20 10:39:34 Checking for update using Github
2025-11-20 10:39:35 Success.
2025-11-20 10:39:35 Latest version is 1.10.3
2025-11-20 10:39:35 App is up to date.
2025-11-20 11:39:34 Checking for update using Github
2025-11-20 11:39:34 Success.
2025-11-20 11:39:34 Latest version is 1.10.3
2025-11-20 11:39:34 App is up to date.
2025-11-20 12:39:34 Checking for update using Github
2025-11-20 12:39:34 Failed to check for update using Github (net::ERR_INTERNET_DISCONNECTED)
2025-11-20 12:39:34 Checking for update using obsidian.md
2025-11-20 12:39:34 Failed to check for update using obsidian.md (net::ERR_INTERNET_DISCONNECTED)
2025-11-25 08:55:22 Loading main app package /tmp/.mount_ObsidiQRAjKD/resources/obsidian.asar
2025-11-25 08:55:23 Checking for update using Github
2025-11-25 08:55:24 Success.
2025-11-25 08:55:24 Latest version is 1.10.3
2025-11-25 08:55:24 App is up to date.
2025-11-25 09:55:22 Checking for update using Github
2025-11-25 09:55:22 Success.
2025-11-25 09:55:22 Latest version is 1.10.3
2025-11-25 09:55:22 App is up to date.
2025-11-25 12:27:50 Checking for update using Github
2025-11-25 12:27:50 Success.
2025-11-25 12:27:50 Latest version is 1.10.3
2025-11-25 12:27:50 App is up to date.
2025-11-25 13:27:50 Checking for update using Github
2025-11-25 13:27:50 Success.
2025-11-25 13:27:50 Latest version is 1.10.3
2025-11-25 13:27:50 App is up to date.
2025-11-25 14:27:50 Checking for update using Github
2025-11-25 14:27:50 Success.
2025-11-25 14:27:50 Latest version is 1.10.3
2025-11-25 14:27:50 App is up to date.
2025-11-26 09:16:40 Loading main app package /tmp/.mount_ObsidiZP0mcu/resources/obsidian.asar
2025-11-26 09:16:41 Checking for update using Github
2025-11-26 09:16:42 Success.
2025-11-26 09:16:42 Latest version is 1.10.6
2025-11-26 09:16:42 Downloading update from https://github.com/obsidianmd/obsidian-releases/releases/download/v1.10.6/obsidian-1.10.6.asar.gz
2025-11-26 09:16:57 Verifying hash & signature. Size= 9054843
2025-11-26 09:16:57 Saving file
2025-11-26 09:16:57 Update complete.
2025-11-26 10:16:40 Checking for update using Github
2025-11-26 10:16:41 Success.
2025-11-26 10:16:41 Latest version is 1.10.6
2025-11-26 10:16:41 An update is already downloaded.
2025-11-26 11:16:41 Checking for update using Github
2025-11-26 11:16:41 Success.
2025-11-26 11:16:41 Latest version is 1.10.6
2025-11-26 11:16:41 An update is already downloaded.
2025-11-26 12:55:38 Checking for update using Github
2025-11-26 12:55:38 Success.
2025-11-26 12:55:38 Latest version is 1.10.6
2025-11-26 12:55:38 An update is already downloaded.
2025-11-26 13:55:38 Checking for update using Github
2025-11-26 13:55:38 Success.
2025-11-26 13:55:38 Latest version is 1.10.6
2025-11-26 13:55:38 An update is already downloaded.
2025-11-26 15:16:26 Checking for update using Github
2025-11-26 15:16:26 Success.
2025-11-26 15:16:26 Latest version is 1.10.6
2025-11-26 15:16:26 An update is already downloaded.
2025-11-26 16:16:26 Checking for update using Github
2025-11-26 16:16:26 Success.
2025-11-26 16:16:26 Latest version is 1.10.6
2025-11-26 16:16:26 An update is already downloaded.
2025-11-26 17:30:49 Loading updated app package /home/trang/.config/obsidian/obsidian-1.10.6.asar
2025-11-26 17:30:50 Checking for update using Github
2025-11-26 17:30:51 Success.
2025-11-26 17:30:51 Latest version is 1.10.6
2025-11-26 17:30:51 App is up to date.
2025-11-27 03:01:03 Loading updated app package /home/trang/.config/obsidian/obsidian-1.10.6.asar
2025-11-27 03:01:03 Checking for update using Github
2025-11-27 03:01:04 Success.
2025-11-27 03:01:04 Latest version is 1.10.6
2025-11-27 03:01:04 App is up to date.
2025-11-27 04:01:03 Checking for update using Github
2025-11-27 04:01:03 Success.
2025-11-27 04:01:03 Latest version is 1.10.6
2025-11-27 04:01:03 App is up to date.
2025-11-27 06:32:25 Checking for update using Github
2025-11-27 06:32:25 Success.
2025-11-27 06:32:25 Latest version is 1.10.6
2025-11-27 06:32:25 App is up to date.
2025-11-27 07:32:25 Checking for update using Github
2025-11-27 07:32:25 Success.
2025-11-27 07:32:25 Latest version is 1.10.6
2025-11-27 07:32:25 App is up to date.
2025-11-27 08:32:25 Checking for update using Github
2025-11-27 08:32:25 Success.
2025-11-27 08:32:25 Latest version is 1.10.6
2025-11-27 08:32:25 App is up to date.
2025-11-27 09:45:20 Checking for update using Github
2025-11-27 09:45:27 Success.
2025-11-27 09:45:27 Latest version is 1.10.6
2025-11-27 09:45:27 App is up to date.
2025-11-27 22:48:07 Loading updated app package /home/trang/.config/obsidian/obsidian-1.10.6.asar
2025-11-27 22:48:08 Checking for update using Github
2025-11-27 22:48:09 Success.
2025-11-27 22:48:09 Latest version is 1.10.6
2025-11-27 22:48:09 App is up to date.
2025-11-27 23:48:08 Checking for update using Github
2025-11-27 23:48:08 Success.
2025-11-27 23:48:08 Latest version is 1.10.6
2025-11-27 23:48:08 App is up to date.
2025-11-28 01:14:15 Checking for update using Github
2025-11-28 01:14:15 Success.
2025-11-28 01:14:15 Latest version is 1.10.6
2025-11-28 01:14:15 App is up to date.
2025-11-28 07:12:24 Loading updated app package /home/trang/.config/obsidian/obsidian-1.10.6.asar
2025-11-28 07:12:25 Checking for update using Github
2025-11-28 07:12:25 Success.
2025-11-28 07:12:25 Latest version is 1.10.6
2025-11-28 07:12:25 App is up to date.
2025-11-28 07:12:40 Loading updated app package /home/trang/.config/obsidian/obsidian-1.10.6.asar
2025-11-28 07:12:40 Checking for update using Github
2025-11-28 07:12:41 Success.
2025-11-28 07:12:41 Latest version is 1.10.6
2025-11-28 07:12:41 App is up to date.
2025-11-28 08:12:40 Checking for update using Github
2025-11-28 08:12:44 Success.
2025-11-28 08:12:44 Latest version is 1.10.6
2025-11-28 08:12:44 App is up to date.
2025-11-28 09:39:30 Checking for update using Github
2025-11-28 09:39:31 Success.
2025-11-28 09:39:31 Latest version is 1.10.6
2025-11-28 09:39:31 App is up to date.
2025-11-28 10:39:30 Checking for update using Github
2025-11-28 10:39:31 Success.
2025-11-28 10:39:31 Latest version is 1.10.6
2025-11-28 10:39:31 App is up to date.
2025-11-28 11:39:30 Checking for update using Github
2025-11-28 11:39:31 Success.
2025-11-28 11:39:31 Latest version is 1.10.6
2025-11-28 11:39:31 App is up to date.
2025-11-29 12:17:37 Loading updated app package /home/trang/.config/obsidian/obsidian-1.10.6.asar
2025-11-29 12:17:37 Checking for update using Github
2025-11-29 12:17:38 Success.
2025-11-29 12:17:38 Latest version is 1.10.6
2025-11-29 12:17:38 App is up to date.
2025-11-29 13:17:37 Checking for update using Github
2025-11-29 13:17:37 Success.
2025-11-29 13:17:37 Latest version is 1.10.6
2025-11-29 13:17:37 App is up to date.
2025-11-29 14:17:37 Checking for update using Github
2025-11-29 14:17:37 Success.
2025-11-29 14:17:37 Latest version is 1.10.6
2025-11-29 14:17:37 App is up to date.
2025-11-29 15:17:37 Checking for update using Github
2025-11-29 15:17:37 Success.
2025-11-29 15:17:37 Latest version is 1.10.6
2025-11-29 15:17:37 App is up to date.
2025-11-30 16:11:58 Loading updated app package /home/trang/.config/obsidian/obsidian-1.10.6.asar
2025-11-30 16:11:59 Checking for update using Github
2025-11-30 16:11:59 Success.
2025-11-30 16:11:59 Latest version is 1.10.6
2025-11-30 16:11:59 App is up to date.
2025-11-30 17:11:59 Checking for update using Github
2025-11-30 17:11:59 Success.
2025-11-30 17:11:59 Latest version is 1.10.6
2025-11-30 17:11:59 App is up to date.
2025-12-01 03:48:21 Checking for update using Github
2025-12-01 03:48:22 Success.
2025-12-01 03:48:22 Latest version is 1.10.6
2025-12-01 03:48:22 App is up to date.
2025-12-01 07:47:50 Loading updated app package /home/trang/.config/obsidian/obsidian-1.10.6.asar
2025-12-01 07:47:51 Checking for update using Github
2025-12-01 07:47:58 Success.
2025-12-01 07:47:58 Latest version is 1.10.6
2025-12-01 07:47:58 App is up to date.
2025-12-01 08:47:49 Checking for update using Github
2025-12-01 08:47:50 Success.
2025-12-01 08:47:50 Latest version is 1.10.6
2025-12-01 08:47:50 App is up to date.
2025-12-01 09:47:49 Checking for update using Github
2025-12-01 09:47:50 Success.
2025-12-01 09:47:50 Latest version is 1.10.6
2025-12-01 09:47:50 App is up to date.
2025-12-01 12:40:22 Loading updated app package /home/trang/.config/obsidian/obsidian-1.10.6.asar
2025-12-01 12:40:23 Checking for update using Github
2025-12-01 12:40:23 Success.
2025-12-01 12:40:23 Latest version is 1.10.6
2025-12-01 12:40:23 App is up to date.
2025-12-02 07:51:16 Loading updated app package /home/trang/.config/obsidian/obsidian-1.10.6.asar
2025-12-02 07:51:17 Checking for update using Github
2025-12-02 07:51:18 Success.
2025-12-02 07:51:18 Latest version is 1.10.6
2025-12-02 07:51:18 App is up to date.
2025-12-02 09:20:41 Checking for update using Github
2025-12-02 09:20:41 Success.
2025-12-02 09:20:41 Latest version is 1.10.6
2025-12-02 09:20:41 App is up to date.
2025-12-08 11:46:35 Loading updated app package /home/trang/.config/obsidian/obsidian-1.10.6.asar
2025-12-08 11:46:36 Checking for update using Github
2025-12-08 11:46:36 Success.
2025-12-08 11:46:36 Latest version is 1.10.6
2025-12-08 11:46:36 App is up to date.
2025-12-08 12:46:35 Checking for update using Github
2025-12-08 12:46:36 Success.
2025-12-08 12:46:36 Latest version is 1.10.6
2025-12-08 12:46:36 App is up to date.
2025-12-09 07:22:37 Loading updated app package /home/trang/.config/obsidian/obsidian-1.10.6.asar
2025-12-09 07:22:38 Checking for update using Github
2025-12-09 07:23:13 Failed to check for update using Github (net::ERR_TIMED_OUT)
2025-12-09 07:23:13 Checking for update using obsidian.md
2025-12-09 07:23:22 Failed to check for update using obsidian.md (net::ERR_INTERNET_DISCONNECTED)
2025-12-09 07:51:35 Loading updated app package /home/trang/.config/obsidian/obsidian-1.10.6.asar
2025-12-09 07:51:37 Checking for update using Github
2025-12-09 07:51:38 Success.
2025-12-09 07:51:38 Latest version is 1.10.6
2025-12-09 07:51:38 App is up to date.
2025-12-09 08:51:35 Checking for update using Github
2025-12-09 08:51:36 Success.
2025-12-09 08:51:36 Latest version is 1.10.6
2025-12-09 08:51:36 App is up to date.
2025-12-09 09:51:35 Checking for update using Github
2025-12-09 09:51:37 Success.
2025-12-09 09:51:37 Latest version is 1.10.6
2025-12-09 09:51:37 App is up to date.
2025-12-09 16:55:50 Loading updated app package /home/trang/.config/obsidian/obsidian-1.10.6.asar
2025-12-09 16:55:50 Checking for update using Github
2025-12-09 16:55:51 Success.
2025-12-09 16:55:51 Latest version is 1.10.6
2025-12-09 16:55:51 App is up to date.
2025-12-15 07:22:24 Loading updated app package /home/trang/.config/obsidian/obsidian-1.10.6.asar
2025-12-15 07:22:26 Checking for update using Github
2025-12-15 07:22:27 Success.
2025-12-15 07:22:27 Latest version is 1.10.6
2025-12-15 07:22:27 App is up to date.
2025-12-15 08:22:24 Checking for update using Github
2025-12-15 08:22:25 Success.
2025-12-15 08:22:25 Latest version is 1.10.6
2025-12-15 08:22:25 App is up to date.
2025-12-15 09:44:49 Checking for update using Github
2025-12-15 09:44:50 Success.
2025-12-15 09:44:50 Latest version is 1.10.6
2025-12-15 09:44:50 App is up to date.
2025-12-16 07:34:33 Loading updated app package /home/trang/.config/obsidian/obsidian-1.10.6.asar
2025-12-16 07:34:34 Checking for update using Github
2025-12-16 07:34:35 Failed to check for update using Github (net::ERR_INTERNET_DISCONNECTED)
2025-12-16 07:34:35 Checking for update using obsidian.md
2025-12-16 07:34:35 Failed to check for update using obsidian.md (net::ERR_INTERNET_DISCONNECTED)
2025-12-16 08:34:33 Checking for update using Github
2025-12-16 08:34:33 Failed to check for update using Github (net::ERR_INTERNET_DISCONNECTED)
2025-12-16 08:34:33 Checking for update using obsidian.md
2025-12-16 08:34:33 Failed to check for update using obsidian.md (net::ERR_INTERNET_DISCONNECTED)
2025-12-16 09:34:34 Checking for update using Github
2025-12-16 09:34:36 Success.
2025-12-16 09:34:36 Latest version is 1.10.6
2025-12-16 09:34:36 App is up to date.
2025-12-16 16:18:53 Loading updated app package /home/trang/.config/obsidian/obsidian-1.10.6.asar
2025-12-16 16:18:54 Checking for update using Github
2025-12-16 16:18:54 Success.
2025-12-16 16:18:54 Latest version is 1.10.6
2025-12-16 16:18:54 App is up to date.
2025-12-16 17:18:53 Checking for update using Github
2025-12-16 17:18:53 Success.
2025-12-16 17:18:53 Latest version is 1.10.6
2025-12-16 17:18:53 App is up to date.
2025-12-17 09:34:35 Loading updated app package /home/trang/.config/obsidian/obsidian-1.10.6.asar
2025-12-17 09:34:37 Checking for update using Github
2025-12-17 09:34:38 Success.
2025-12-17 09:34:38 Latest version is 1.10.6
2025-12-17 09:34:38 App is up to date.
2025-12-18 02:50:22 Loading updated app package /home/trang/.config/obsidian/obsidian-1.10.6.asar
2025-12-18 02:50:23 Checking for update using Github
2025-12-18 02:50:27 Success.
2025-12-18 02:50:27 Latest version is 1.10.6
2025-12-18 02:50:27 App is up to date.
2025-12-18 03:50:22 Checking for update using Github
2025-12-18 03:50:22 Success.
2025-12-18 03:50:22 Latest version is 1.10.6
2025-12-18 03:50:22 App is up to date.
2025-12-18 05:21:06 Loading updated app package /home/trang/.config/obsidian/obsidian-1.10.6.asar
2025-12-18 05:21:06 Checking for update using Github
2025-12-18 05:21:15 Loading updated app package /home/trang/.config/obsidian/obsidian-1.10.6.asar
2025-12-18 05:21:16 Checking for update using Github
2025-12-18 05:21:16 Success.
2025-12-18 05:21:16 Latest version is 1.10.6
2025-12-18 05:21:16 App is up to date.
2025-12-18 05:21:23 Loading updated app package /home/trang/.config/obsidian/obsidian-1.10.6.asar
2025-12-18 05:21:24 Checking for update using Github
2025-12-18 05:21:24 Success.
2025-12-18 05:21:24 Latest version is 1.10.6
2025-12-18 05:21:24 App is up to date.
2025-12-23 07:20:39 Loading updated app package /home/trang/.config/obsidian/obsidian-1.10.6.asar
2025-12-23 07:20:40 Checking for update using Github
2025-12-23 07:20:42 Success.
2025-12-23 07:20:42 Latest version is 1.10.6
2025-12-23 07:20:42 App is up to date.
2025-12-23 08:20:39 Checking for update using Github
2025-12-23 08:20:39 Success.
2025-12-23 08:20:39 Latest version is 1.10.6
2025-12-23 08:20:39 App is up to date.
2025-12-23 09:20:39 Checking for update using Github
2025-12-23 09:20:39 Success.
2025-12-23 09:20:39 Latest version is 1.10.6
2025-12-23 09:20:39 App is up to date.
2025-12-23 10:20:39 Checking for update using Github
2025-12-23 10:20:39 Success.
2025-12-23 10:20:39 Latest version is 1.10.6
2025-12-23 10:20:39 App is up to date.
2025-12-23 13:17:45 Loading updated app package /home/trang/.config/obsidian/obsidian-1.10.6.asar
2025-12-23 13:17:46 Checking for update using Github
2025-12-23 13:17:47 Success.
2025-12-23 13:17:47 Latest version is 1.10.6
2025-12-23 13:17:47 App is up to date.
2025-12-24 03:18:07 Checking for update using Github
2025-12-24 03:18:07 Success.
2025-12-24 03:18:07 Latest version is 1.10.6
2025-12-24 03:18:07 App is up to date.
2025-12-24 07:38:08 Checking for update using Github
2025-12-24 07:38:08 Success.
2025-12-24 07:38:08 Latest version is 1.10.6
2025-12-24 07:38:08 App is up to date.
2025-12-24 13:46:08 Checking for update using Github
2025-12-24 13:46:08 Success.
2025-12-24 13:46:08 Latest version is 1.10.6
2025-12-24 13:46:08 App is up to date.
2025-12-24 14:46:08 Checking for update using Github
2025-12-24 14:46:08 Success.
2025-12-24 14:46:08 Latest version is 1.10.6
2025-12-24 14:46:08 App is up to date.
2025-12-24 15:46:08 Checking for update using Github
2025-12-24 15:46:08 Success.
2025-12-24 15:46:08 Latest version is 1.10.6
2025-12-24 15:46:08 App is up to date.
2025-12-24 16:46:08 Checking for update using Github
2025-12-24 16:46:08 Success.
2025-12-24 16:46:08 Latest version is 1.10.6
2025-12-24 16:46:08 App is up to date.
2025-12-24 17:46:08 Checking for update using Github
2025-12-24 17:46:08 Success.
2025-12-24 17:46:08 Latest version is 1.10.6
2025-12-24 17:46:08 App is up to date.
2025-12-24 18:37:25 Loading updated app package /home/trang/.config/obsidian/obsidian-1.10.6.asar
2025-12-24 18:37:26 Checking for update using Github
2025-12-24 18:37:26 Success.
2025-12-24 18:37:26 Latest version is 1.10.6
2025-12-24 18:37:26 App is up to date.
2025-12-24 19:37:25 Checking for update using Github
2025-12-24 19:37:25 Success.
2025-12-24 19:37:25 Latest version is 1.10.6
2025-12-24 19:37:25 App is up to date.
2025-12-24 20:37:25 Checking for update using Github
2025-12-24 20:37:25 Success.
2025-12-24 20:37:25 Latest version is 1.10.6
2025-12-24 20:37:25 App is up to date.
2025-12-24 21:37:25 Checking for update using Github
2025-12-24 21:37:25 Success.
2025-12-24 21:37:25 Latest version is 1.10.6
2025-12-24 21:37:25 App is up to date.
2025-12-25 03:29:08 Checking for update using Github
2025-12-25 03:29:09 Success.
2025-12-25 03:29:09 Latest version is 1.10.6
2025-12-25 03:29:09 App is up to date.
2025-12-25 04:29:08 Checking for update using Github
2025-12-25 04:29:08 Success.
2025-12-25 04:29:08 Latest version is 1.10.6
2025-12-25 04:29:08 App is up to date.
2025-12-25 07:36:40 Loading updated app package /home/trang/.config/obsidian/obsidian-1.10.6.asar
2025-12-25 07:36:40 Checking for update using Github
2025-12-25 07:36:41 Success.
2025-12-25 07:36:41 Latest version is 1.10.6
2025-12-25 07:36:41 App is up to date.
2025-12-25 08:36:40 Checking for update using Github
2025-12-25 08:36:40 Success.
2025-12-25 08:36:40 Latest version is 1.10.6
2025-12-25 08:36:40 App is up to date.
2025-12-25 09:36:40 Checking for update using Github
2025-12-25 09:36:53 Failed to check for update using Github (net::ERR_ADDRESS_UNREACHABLE)
2025-12-25 09:36:53 Checking for update using obsidian.md
2025-12-25 09:37:02 Failed to check for update using obsidian.md (net::ERR_ADDRESS_UNREACHABLE)
2025-12-27 02:36:54 Loading updated app package /home/trang/.config/obsidian/obsidian-1.10.6.asar
2025-12-27 02:36:55 Checking for update using Github
2025-12-27 02:36:56 Success.
2025-12-27 02:36:56 Latest version is 1.10.6
2025-12-27 02:36:56 App is up to date.
2025-12-27 03:36:55 Checking for update using Github
2025-12-27 03:36:55 Success.
2025-12-27 03:36:55 Latest version is 1.10.6
2025-12-27 03:36:55 App is up to date.
2025-12-30 07:24:54 Loading updated app package /home/trang/.config/obsidian/obsidian-1.10.6.asar
2025-12-30 07:24:56 Checking for update using Github
2025-12-30 07:24:57 Success.
2025-12-30 07:24:57 Latest version is 1.10.6
2025-12-30 07:24:57 App is up to date.
2025-12-30 08:24:54 Checking for update using Github
2025-12-30 08:24:55 Success.
2025-12-30 08:24:55 Latest version is 1.10.6
2025-12-30 08:24:55 App is up to date.
2025-12-30 09:24:54 Checking for update using Github
2025-12-30 09:24:55 Success.
2025-12-30 09:24:55 Latest version is 1.10.6
2025-12-30 09:24:55 App is up to date.
2025-12-30 10:24:54 Checking for update using Github
2025-12-30 10:24:55 Success.
2025-12-30 10:24:55 Latest version is 1.10.6
2025-12-30 10:24:55 App is up to date.
2026-01-06 07:48:03 Loading updated app package /home/trang/.config/obsidian/obsidian-1.10.6.asar
2026-01-06 07:48:04 Checking for update using Github
2026-01-06 07:48:05 Success.
2026-01-06 07:48:05 Latest version is 1.10.6
2026-01-06 07:48:05 App is up to date.
2026-01-06 08:48:03 Checking for update using Github
2026-01-06 08:48:03 Success.
2026-01-06 08:48:03 Latest version is 1.10.6
2026-01-06 08:48:03 App is up to date.
2026-01-06 09:48:03 Checking for update using Github
2026-01-06 09:48:55 Failed to check for update using Github (net::ERR_NAME_NOT_RESOLVED)
2026-01-06 09:48:55 Checking for update using obsidian.md
2026-01-06 09:50:22 Failed to check for update using obsidian.md (net::ERR_NETWORK_IO_SUSPENDED)
2026-01-13 07:53:30 Loading updated app package /home/trang/.config/obsidian/obsidian-1.10.6.asar
2026-01-13 07:53:32 Checking for update using Github
2026-01-13 07:53:33 Success.
2026-01-13 07:53:33 Latest version is 1.11.4
2026-01-13 07:53:33 Downloading update from https://github.com/obsidianmd/obsidian-releases/releases/download/v1.11.4/obsidian-1.11.4.asar.gz
2026-01-13 07:53:46 Verifying hash & signature. Size= 8769455
2026-01-13 07:53:46 Saving file
2026-01-13 07:53:47 Update complete.
2026-01-21 04:36:14 Loading updated app package /home/trang/.config/obsidian/obsidian-1.11.4.asar
2026-01-21 04:36:15 Checking for update using Github
2026-01-21 04:36:15 Success.
2026-01-21 04:36:15 Latest version is 1.11.5
2026-01-21 04:36:15 Downloading update from https://github.com/obsidianmd/obsidian-releases/releases/download/v1.11.5/obsidian-1.11.5.asar.gz
2026-01-21 04:36:19 Verifying hash & signature. Size= 8771203
2026-01-21 04:36:19 Saving file
2026-01-21 04:36:19 Update complete.
2026-01-21 05:36:14 Checking for update using Github
2026-01-21 05:36:14 Success.
2026-01-21 05:36:14 Latest version is 1.11.5
2026-01-21 05:36:14 An update is already downloaded.
2026-01-21 10:06:42 Loading updated app package /home/trang/.config/obsidian/obsidian-1.11.5.asar
2026-01-21 10:06:44 Checking for update using Github
2026-01-21 10:06:45 Success.
2026-01-21 10:06:45 Latest version is 1.11.5
2026-01-21 10:06:45 App is up to date.
2026-01-23 16:53:48 Loading updated app package /home/trang/.config/obsidian/obsidian-1.11.5.asar
2026-01-23 16:53:49 Checking for update using Github
2026-01-23 16:53:49 Success.
2026-01-23 16:53:49 Latest version is 1.11.5
2026-01-23 16:53:49 App is up to date.
2026-01-25 09:13:33 Loading updated app package /home/trang/.config/obsidian/obsidian-1.11.5.asar
2026-01-25 09:13:34 Checking for update using Github
2026-01-25 09:13:34 Success.
2026-01-25 09:13:34 Latest version is 1.11.5
2026-01-25 09:13:34 App is up to date.
2026-01-25 10:13:33 Checking for update using Github
2026-01-25 10:13:33 Success.
2026-01-25 10:13:33 Latest version is 1.11.5
2026-01-25 10:13:33 App is up to date.
2026-01-25 11:13:33 Checking for update using Github
2026-01-25 11:13:34 Success.
2026-01-25 11:13:34 Latest version is 1.11.5
2026-01-25 11:13:34 App is up to date.
2026-01-25 12:13:33 Checking for update using Github
2026-01-25 12:13:33 Failed to check for update using Github (net::ERR_ADDRESS_UNREACHABLE)
2026-01-25 12:13:33 Checking for update using obsidian.md
2026-01-25 12:13:33 Failed to check for update using obsidian.md (net::ERR_ADDRESS_UNREACHABLE)
2026-01-25 13:13:33 Checking for update using Github
2026-01-25 13:13:33 Success.
2026-01-25 13:13:33 Latest version is 1.11.5
2026-01-25 13:13:33 App is up to date.
2026-01-27 15:05:21 Loading updated app package /home/trang/.config/obsidian/obsidian-1.11.5.asar
2026-01-27 15:05:22 Checking for update using Github
2026-01-27 15:05:22 Success.
2026-01-27 15:05:22 Latest version is 1.11.5
2026-01-27 15:05:22 App is up to date.
2026-01-27 16:05:21 Checking for update using Github
2026-01-27 16:05:21 Success.
2026-01-27 16:05:21 Latest version is 1.11.5
2026-01-27 16:05:21 App is up to date.
2026-01-27 17:05:21 Checking for update using Github
2026-01-27 17:05:21 Success.
2026-01-27 17:05:21 Latest version is 1.11.5
2026-01-27 17:05:21 App is up to date.
2026-01-27 18:02:08 Loading updated app package /home/trang/.config/obsidian/obsidian-1.11.5.asar
2026-01-27 18:02:09 Checking for update using Github
2026-01-27 18:02:10 Success.
2026-01-27 18:02:10 Latest version is 1.11.5
2026-01-27 18:02:10 App is up to date.
2026-02-03 17:30:03 Loading updated app package /home/trang/.config/obsidian/obsidian-1.11.5.asar
2026-02-03 17:30:04 Checking for update using Github
2026-02-03 17:30:04 Success.
2026-02-03 17:30:04 Latest version is 1.11.5
2026-02-03 17:30:04 App is up to date.
2026-02-04 09:38:51 Loading updated app package /home/trang/.config/obsidian/obsidian-1.11.5.asar
2026-02-04 09:38:51 Checking for update using Github
2026-02-04 09:38:52 Success.
2026-02-04 09:38:52 Latest version is 1.11.5
2026-02-04 09:38:52 App is up to date.
2026-02-04 10:39:06 Checking for update using Github
2026-02-04 10:39:06 Success.
2026-02-04 10:39:06 Latest version is 1.11.5
2026-02-04 10:39:06 App is up to date.
2026-02-04 11:39:06 Checking for update using Github
2026-02-04 11:39:06 Success.
2026-02-04 11:39:06 Latest version is 1.11.5
2026-02-04 11:39:06 App is up to date.
2026-02-04 12:39:06 Checking for update using Github
2026-02-04 12:39:06 Success.
2026-02-04 12:39:06 Latest version is 1.11.5
2026-02-04 12:39:06 App is up to date.
2026-02-04 15:12:37 Loading updated app package /home/trang/.config/obsidian/obsidian-1.11.5.asar
2026-02-04 15:12:37 Checking for update using Github
2026-02-04 15:12:38 Success.
2026-02-04 15:12:38 Latest version is 1.11.5
2026-02-04 15:12:38 App is up to date.
2026-02-04 16:12:37 Checking for update using Github
2026-02-04 16:12:37 Success.
2026-02-04 16:12:37 Latest version is 1.11.5
2026-02-04 16:12:37 App is up to date.
2026-02-04 17:12:37 Checking for update using Github
2026-02-04 17:12:37 Success.
2026-02-04 17:12:37 Latest version is 1.11.5
2026-02-04 17:12:37 App is up to date.
2026-02-05 02:35:27 Loading updated app package /home/trang/.config/obsidian/obsidian-1.11.5.asar
2026-02-05 02:35:28 Checking for update using Github
2026-02-05 02:35:28 Success.
2026-02-05 02:35:28 Latest version is 1.11.5
2026-02-05 02:35:28 App is up to date.
2026-02-05 03:35:27 Checking for update using Github
2026-02-05 03:35:27 Success.
2026-02-05 03:35:27 Latest version is 1.11.5
2026-02-05 03:35:27 App is up to date.
2026-02-05 04:35:27 Checking for update using Github
2026-02-05 04:35:27 Success.
2026-02-05 04:35:27 Latest version is 1.11.5
2026-02-05 04:35:27 App is up to date.
2026-02-05 08:25:55 Checking for update using Github
2026-02-05 08:25:55 Success.
2026-02-05 08:25:55 Latest version is 1.11.5
2026-02-05 08:25:55 App is up to date.
2026-02-05 10:31:25 Checking for update using Github
2026-02-05 10:31:25 Success.
2026-02-05 10:31:25 Latest version is 1.11.5
2026-02-05 10:31:25 App is up to date.
2026-02-05 10:37:34 Loading updated app package /home/trang/.config/obsidian/obsidian-1.11.5.asar
2026-02-05 10:37:35 Checking for update using Github
2026-02-05 10:37:35 Success.
2026-02-05 10:37:35 Latest version is 1.11.5
2026-02-05 10:37:35 App is up to date.
2026-02-05 11:58:34 Loading updated app package /home/trang/.config/obsidian/obsidian-1.11.5.asar
2026-02-05 11:58:35 Checking for update using Github
2026-02-05 11:58:35 Success.
2026-02-05 11:58:35 Latest version is 1.11.5
2026-02-05 11:58:35 App is up to date.
2026-02-05 11:59:51 Loading updated app package /home/trang/.config/obsidian/obsidian-1.11.5.asar
2026-02-05 11:59:52 Checking for update using Github
2026-02-05 11:59:52 Success.
2026-02-05 11:59:52 Latest version is 1.11.5
2026-02-05 11:59:52 App is up to date.
2026-02-05 13:44:28 Checking for update using Github
2026-02-05 13:44:28 Success.
2026-02-05 13:44:28 Latest version is 1.11.5
2026-02-05 13:44:28 App is up to date.
2026-02-05 15:27:00 Checking for update using Github
2026-02-05 15:27:00 Success.
2026-02-05 15:27:00 Latest version is 1.11.5
2026-02-05 15:27:00 App is up to date.
2026-02-05 16:27:00 Checking for update using Github
2026-02-05 16:27:00 Success.
2026-02-05 16:27:00 Latest version is 1.11.5
2026-02-05 16:27:00 App is up to date.
2026-02-05 17:27:00 Checking for update using Github
2026-02-05 17:27:00 Success.
2026-02-05 17:27:00 Latest version is 1.11.5
2026-02-05 17:27:00 App is up to date.
2026-02-05 18:28:11 Loading updated app package /home/trang/.config/obsidian/obsidian-1.11.5.asar
2026-02-05 18:28:11 Checking for update using Github
2026-02-05 18:28:12 Success.
2026-02-05 18:28:12 Latest version is 1.11.5
2026-02-05 18:28:12 App is up to date.
2026-02-05 19:28:11 Checking for update using Github
2026-02-05 19:28:11 Success.
2026-02-05 19:28:11 Latest version is 1.11.5
2026-02-05 19:28:11 App is up to date.
2026-02-05 20:28:11 Checking for update using Github
2026-02-05 20:28:11 Success.
2026-02-05 20:28:11 Latest version is 1.11.7
2026-02-05 20:28:11 Downloading update from https://github.com/obsidianmd/obsidian-releases/releases/download/v1.11.7/obsidian-1.11.7.asar.gz
2026-02-05 20:28:11 Verifying hash & signature. Size= 8773752
2026-02-05 20:28:11 Saving file
2026-02-05 20:28:12 Update complete.
2026-02-06 00:18:40 Checking for update using Github
2026-02-06 00:18:40 Success.
2026-02-06 00:18:40 Latest version is 1.11.7
2026-02-06 00:18:40 An update is already downloaded.
2026-02-17 01:58:00 Loading updated app package /home/trang/.config/obsidian/obsidian-1.11.7.asar
2026-02-17 01:58:01 Checking for update using Github
2026-02-17 01:58:01 Success.
2026-02-17 01:58:01 Latest version is 1.11.7
2026-02-17 01:58:01 App is up to date.
2026-02-17 03:56:21 Loading updated app package /home/trang/.config/obsidian/obsidian-1.11.7.asar
2026-02-17 03:56:22 Checking for update using Github
2026-02-17 03:56:23 Success.
2026-02-17 03:56:23 Latest version is 1.11.7
2026-02-17 03:56:23 App is up to date.
2026-02-17 05:34:15 Checking for update using Github
2026-02-17 05:34:15 Success.
2026-02-17 05:34:15 Latest version is 1.11.7
2026-02-17 05:34:15 App is up to date.
2026-02-17 06:34:15 Checking for update using Github
2026-02-17 06:34:15 Success.
2026-02-17 06:34:15 Latest version is 1.11.7
2026-02-17 06:34:15 App is up to date.
2026-02-17 14:31:24 Checking for update using Github
2026-02-17 14:31:24 Success.
2026-02-17 14:31:24 Latest version is 1.11.7
2026-02-17 14:31:24 App is up to date.
2026-02-17 15:42:30 Checking for update using Github
2026-02-17 15:42:31 Success.
2026-02-17 15:42:31 Latest version is 1.11.7
2026-02-17 15:42:31 App is up to date.
2026-02-17 18:56:31 Checking for update using Github
2026-02-17 18:56:32 Success.
2026-02-17 18:56:32 Latest version is 1.11.7
2026-02-17 18:56:32 App is up to date.
2026-02-17 19:56:31 Checking for update using Github
2026-02-17 19:56:31 Success.
2026-02-17 19:56:31 Latest version is 1.11.7
2026-02-17 19:56:31 App is up to date.
2026-02-17 20:56:31 Checking for update using Github
2026-02-17 20:56:32 Success.
2026-02-17 20:56:32 Latest version is 1.11.7
2026-02-17 20:56:32 App is up to date.
2026-02-17 21:56:31 Checking for update using Github
2026-02-17 21:56:32 Success.
2026-02-17 21:56:32 Latest version is 1.11.7
2026-02-17 21:56:32 App is up to date.
2026-02-18 06:33:04 Loading updated app package /home/trang/.config/obsidian/obsidian-1.11.7.asar
2026-02-18 06:33:04 Checking for update using Github
2026-02-18 06:33:05 Success.
2026-02-18 06:33:05 Latest version is 1.11.7
2026-02-18 06:33:05 App is up to date.
2026-02-18 06:45:30 Loading updated app package /home/trang/.config/obsidian/obsidian-1.11.7.asar
2026-02-18 06:45:31 Checking for update using Github
2026-02-18 06:45:31 Success.
2026-02-18 06:45:31 Latest version is 1.11.7
2026-02-18 06:45:31 App is up to date.
2026-02-18 06:51:51 Loading updated app package /home/trang/.config/obsidian/obsidian-1.11.7.asar
2026-02-18 06:51:52 Checking for update using Github
2026-02-18 06:51:52 Success.
2026-02-18 06:51:52 Latest version is 1.11.7
2026-02-18 06:51:52 App is up to date.
2026-02-18 07:38:24 Loading updated app package /home/trang/.config/obsidian/obsidian-1.11.7.asar
2026-02-18 07:38:24 Checking for update using Github
2026-02-18 07:38:25 Success.
2026-02-18 07:38:25 Latest version is 1.11.7
2026-02-18 07:38:25 App is up to date.
2026-02-18 16:01:39 Loading updated app package /home/trang/.config/obsidian/obsidian-1.11.7.asar
2026-02-18 16:01:40 Checking for update using Github
2026-02-18 16:01:40 Success.
2026-02-18 16:01:40 Latest version is 1.11.7
2026-02-18 16:01:40 App is up to date.
2026-02-19 01:25:20 Loading updated app package /home/trang/.config/obsidian/obsidian-1.11.7.asar
2026-02-19 01:25:21 Checking for update using Github
2026-02-19 01:25:21 Success.
2026-02-19 01:25:21 Latest version is 1.11.7
2026-02-19 01:25:21 App is up to date.
2026-02-19 09:01:32 Loading updated app package /home/trang/.config/obsidian/obsidian-1.11.7.asar
2026-02-19 09:01:33 Checking for update using Github
2026-02-19 09:01:33 Success.
2026-02-19 09:01:33 Latest version is 1.11.7
2026-02-19 09:01:33 App is up to date.
2026-02-20 02:49:33 Checking for update using Github
2026-02-20 02:49:33 Success.
2026-02-20 02:49:33 Latest version is 1.11.7
2026-02-20 02:49:33 App is up to date.
2026-02-20 03:49:33 Checking for update using Github
2026-02-20 03:49:34 Success.
2026-02-20 03:49:34 Latest version is 1.11.7
2026-02-20 03:49:34 App is up to date.
2026-02-20 07:21:10 Loading updated app package /home/trang/.config/obsidian/obsidian-1.11.7.asar
2026-02-20 07:21:11 Checking for update using Github
2026-02-20 07:21:11 Success.
2026-02-20 07:21:11 Latest version is 1.11.7
2026-02-20 07:21:11 App is up to date.
2026-02-20 08:21:10 Checking for update using Github
2026-02-20 08:21:11 Success.
2026-02-20 08:21:11 Latest version is 1.11.7
2026-02-20 08:21:11 App is up to date.
2026-02-20 16:16:11 Checking for update using Github
2026-02-20 16:16:11 Success.
2026-02-20 16:16:11 Latest version is 1.11.7
2026-02-20 16:16:11 App is up to date.
2026-03-03 16:12:55 Loading updated app package /home/trang/.config/obsidian/obsidian-1.11.7.asar
2026-03-03 16:12:56 Checking for update using Github
2026-03-03 16:12:56 Success.
2026-03-03 16:12:56 Latest version is 1.12.4
2026-03-03 16:12:56 Downloading update from https://github.com/obsidianmd/obsidian-releases/releases/download/v1.12.4/obsidian-1.12.4.asar.gz
2026-03-03 16:13:00 Verifying hash & signature. Size= 8322418
2026-03-03 16:13:00 Saving file
2026-03-03 16:13:00 Update complete.
2026-03-04 01:56:02 Loading updated app package /home/trang/.config/obsidian/obsidian-1.12.4.asar
2026-03-04 01:56:03 Checking for update using Github
2026-03-04 01:56:03 Success.
2026-03-04 01:56:03 Latest version is 1.12.4
2026-03-04 01:56:03 App is up to date.
2026-03-04 03:21:30 Loading updated app package /home/trang/.config/obsidian/obsidian-1.12.4.asar
2026-03-04 03:21:32 Checking for update using Github
2026-03-04 03:21:33 Success.
2026-03-04 03:21:33 Latest version is 1.12.4
2026-03-04 03:21:33 App is up to date.
2026-03-04 04:21:30 Checking for update using Github
2026-03-04 04:21:31 Success.
2026-03-04 04:21:31 Latest version is 1.12.4
2026-03-04 04:21:31 App is up to date.
2026-03-04 17:11:16 Loading updated app package /home/trang/.config/obsidian/obsidian-1.12.4.asar
2026-03-04 17:11:17 Checking for update using Github
2026-03-04 17:11:18 Success.
2026-03-04 17:11:18 Latest version is 1.12.4
2026-03-04 17:11:18 App is up to date.
2026-03-05 10:50:01 Loading updated app package /home/trang/.config/obsidian/obsidian-1.12.4.asar
2026-03-05 10:50:02 Checking for update using Github
2026-03-05 10:50:02 Success.
2026-03-05 10:50:02 Latest version is 1.12.4
2026-03-05 10:50:02 App is up to date.
2026-03-05 10:54:09 Loading updated app package /home/trang/.config/obsidian/obsidian-1.12.4.asar
2026-03-05 10:54:09 Checking for update using Github
2026-03-05 10:54:10 Success.
2026-03-05 10:54:10 Latest version is 1.12.4
2026-03-05 10:54:10 App is up to date.
2026-03-05 12:58:11 Loading updated app package /home/trang/.config/obsidian/obsidian-1.12.4.asar
2026-03-05 12:58:11 Checking for update using Github
2026-03-05 12:58:12 Success.
2026-03-05 12:58:12 Latest version is 1.12.4
2026-03-05 12:58:12 App is up to date.
2026-03-05 13:58:11 Checking for update using Github
2026-03-05 13:58:11 Success.
2026-03-05 13:58:11 Latest version is 1.12.4
2026-03-05 13:58:11 App is up to date.
2026-03-05 14:58:11 Checking for update using Github
2026-03-05 14:58:11 Success.
2026-03-05 14:58:11 Latest version is 1.12.4
2026-03-05 14:58:11 App is up to date.
2026-03-06 13:27:28 Loading updated app package /home/trang/.config/obsidian/obsidian-1.12.4.asar
2026-03-06 13:27:29 Checking for update using Github
2026-03-06 13:27:29 Success.
2026-03-06 13:27:29 Latest version is 1.12.4
2026-03-06 13:27:29 App is up to date.
2026-03-06 14:27:28 Checking for update using Github
2026-03-06 14:27:28 Success.
2026-03-06 14:27:28 Latest version is 1.12.4
2026-03-06 14:27:28 App is up to date.
2026-03-06 15:39:32 Loading updated app package /home/trang/.config/obsidian/obsidian-1.12.4.asar
2026-03-06 15:39:33 Checking for update using Github
2026-03-06 15:39:33 Success.
2026-03-06 15:39:33 Latest version is 1.12.4
2026-03-06 15:39:33 App is up to date.
2026-03-06 15:40:11 Loading updated app package /home/trang/.config/obsidian/obsidian-1.12.4.asar
2026-03-06 15:40:12 Checking for update using Github
2026-03-06 15:40:12 Success.
2026-03-06 15:40:12 Latest version is 1.12.4
2026-03-06 15:40:12 App is up to date.
2026-03-06 15:43:43 Loading updated app package /home/trang/.config/obsidian/obsidian-1.12.4.asar
2026-03-06 15:43:43 Checking for update using Github
2026-03-06 15:43:44 Success.
2026-03-06 15:43:44 Latest version is 1.12.4
2026-03-06 15:43:44 App is up to date.
2026-03-06 16:43:43 Checking for update using Github
2026-03-06 16:43:43 Success.
2026-03-06 16:43:43 Latest version is 1.12.4
2026-03-06 16:43:43 App is up to date.
2026-03-06 17:43:43 Checking for update using Github
2026-03-06 17:43:43 Success.
2026-03-06 17:43:43 Latest version is 1.12.4
2026-03-06 17:43:43 App is up to date.
2026-03-07 01:21:49 Checking for update using Github
2026-03-07 01:21:49 Success.
2026-03-07 01:21:49 Latest version is 1.12.4
2026-03-07 01:21:49 App is up to date.
2026-03-07 02:59:01 Checking for update using Github
2026-03-07 02:59:01 Success.
2026-03-07 02:59:01 Latest version is 1.12.4
2026-03-07 02:59:01 App is up to date.
2026-03-07 03:59:01 Checking for update using Github
2026-03-07 03:59:01 Success.
2026-03-07 03:59:01 Latest version is 1.12.4
2026-03-07 03:59:01 App is up to date.
2026-03-07 06:23:53 Checking for update using Github
2026-03-07 06:23:53 Success.
2026-03-07 06:23:53 Latest version is 1.12.4
2026-03-07 06:23:53 App is up to date.
2026-03-07 07:47:45 Checking for update using Github
2026-03-07 07:47:45 Success.
2026-03-07 07:47:45 Latest version is 1.12.4
2026-03-07 07:47:45 App is up to date.
2026-03-07 16:04:56 Loading updated app package /home/trang/.config/obsidian/obsidian-1.12.4.asar
2026-03-07 16:04:57 Checking for update using Github
2026-03-07 16:04:57 Success.
2026-03-07 16:04:57 Latest version is 1.12.4
2026-03-07 16:04:57 App is up to date.
2026-03-08 01:38:38 Checking for update using Github
2026-03-08 01:38:39 Success.
2026-03-08 01:38:39 Latest version is 1.12.4
2026-03-08 01:38:39 App is up to date.
2026-03-08 07:54:49 Checking for update using Github
2026-03-08 07:54:50 Success.
2026-03-08 07:54:50 Latest version is 1.12.4
2026-03-08 07:54:50 App is up to date.
2026-03-08 08:37:11 Loading updated app package /home/trang/.config/obsidian/obsidian-1.12.4.asar
2026-03-08 08:37:11 Checking for update using Github
2026-03-08 08:37:12 Success.
2026-03-08 08:37:12 Latest version is 1.12.4
2026-03-08 08:37:12 App is up to date.
2026-03-09 07:16:14 Loading updated app package /home/trang/.config/obsidian/obsidian-1.12.4.asar
2026-03-09 07:16:16 Checking for update using Github
2026-03-09 07:16:16 Success.
2026-03-09 07:16:16 Latest version is 1.12.4
2026-03-09 07:16:16 App is up to date.
2026-03-09 08:16:15 Checking for update using Github
2026-03-09 08:16:15 Success.
2026-03-09 08:16:15 Latest version is 1.12.4
2026-03-09 08:16:15 App is up to date.
2026-03-09 16:31:27 Loading updated app package /home/trang/.config/obsidian/obsidian-1.12.4.asar
2026-03-09 16:31:28 Checking for update using Github
2026-03-09 16:31:28 Success.
2026-03-09 16:31:28 Latest version is 1.12.4
2026-03-09 16:31:28 App is up to date.
2026-03-10 03:45:19 Loading updated app package /home/trang/.config/obsidian/obsidian-1.12.4.asar
2026-03-10 03:45:20 Checking for update using Github
2026-03-10 03:45:21 Success.
2026-03-10 03:45:21 Latest version is 1.12.4
2026-03-10 03:45:21 App is up to date.
2026-03-11 03:44:19 Loading updated app package /home/trang/.config/obsidian/obsidian-1.12.4.asar
2026-03-11 03:44:20 Checking for update using Github
2026-03-11 03:44:22 Success.
2026-03-11 03:44:22 Latest version is 1.12.4
2026-03-11 03:44:22 App is up to date.
2026-03-16 08:29:52 Loading updated app package /home/trang/.config/obsidian/obsidian-1.12.4.asar
2026-03-16 08:29:54 Checking for update using Github
2026-03-16 08:29:56 Success.
2026-03-16 08:29:56 Latest version is 1.12.4
2026-03-16 08:29:56 App is up to date.
2026-03-17 03:04:52 Loading updated app package /home/trang/.config/obsidian/obsidian-1.12.4.asar
2026-03-17 03:04:53 Checking for update using Github
2026-03-17 03:04:54 Success.
2026-03-17 03:04:54 Latest version is 1.12.4
2026-03-17 03:04:54 App is up to date.
2026-03-17 04:04:52 Checking for update using Github
2026-03-17 04:04:52 Success.
2026-03-17 04:04:52 Latest version is 1.12.4
2026-03-17 04:04:52 App is up to date.
2026-03-18 02:41:49 Loading updated app package /home/trang/.config/obsidian/obsidian-1.12.4.asar
2026-03-18 02:41:50 Checking for update using Github
2026-03-18 02:41:51 Success.
2026-03-18 02:41:51 Latest version is 1.12.4
2026-03-18 02:41:51 App is up to date.
2026-03-18 04:17:04 Checking for update using Github
2026-03-18 04:17:04 Success.
2026-03-18 04:17:04 Latest version is 1.12.4
2026-03-18 04:17:04 App is up to date.
2026-03-19 06:31:26 Loading updated app package /home/trang/.config/obsidian/obsidian-1.12.4.asar
2026-03-19 06:31:27 Checking for update using Github
2026-03-19 06:31:28 Success.
2026-03-19 06:31:28 Latest version is 1.12.4
2026-03-19 06:31:28 App is up to date.
2026-03-21 07:14:18 Loading updated app package /home/trang/.config/obsidian/obsidian-1.12.4.asar
2026-03-21 07:14:19 Checking for update using Github
2026-03-21 07:14:19 Success.
2026-03-21 07:14:19 Latest version is 1.12.4
2026-03-21 07:14:19 App is up to date.
2026-03-24 02:48:56 Loading updated app package /home/trang/.config/obsidian/obsidian-1.12.4.asar
2026-03-24 02:48:57 Checking for update using Github
2026-03-24 02:48:58 Success.
2026-03-24 02:48:58 Latest version is 1.12.7
2026-03-24 02:48:58 Downloading update from https://github.com/obsidianmd/obsidian-releases/releases/download/v1.12.7/obsidian-1.12.7.asar.gz
2026-03-24 02:49:12 Verifying hash & signature. Size= 8323080
2026-03-24 02:49:12 Saving file
2026-03-24 02:49:12 Update complete.
2026-03-24 03:48:56 Checking for update using Github
2026-03-24 03:48:56 Failed to check for update using Github (net::ERR_INTERNET_DISCONNECTED)
2026-03-24 03:48:56 Checking for update using obsidian.md
2026-03-24 03:48:56 Failed to check for update using obsidian.md (net::ERR_INTERNET_DISCONNECTED)
2026-03-27 03:44:48 Loading updated app package /home/trang/.config/obsidian/obsidian-1.12.7.asar
2026-03-27 03:44:48 Checking for update using Github
2026-03-27 03:44:49 Success.
2026-03-27 03:44:49 Latest version is 1.12.7
2026-03-27 03:44:49 App is up to date.
2026-03-27 05:20:58 Checking for update using Github
2026-03-27 05:20:59 Success.
2026-03-27 05:20:59 Latest version is 1.12.7
2026-03-27 05:20:59 App is up to date.
2026-04-03 04:38:52 Loading updated app package /home/trang/.config/obsidian/obsidian-1.12.7.asar
2026-04-03 04:38:53 Checking for update using Github
2026-04-03 04:38:53 Success.
2026-04-03 04:38:53 Latest version is 1.12.7
2026-04-03 04:38:53 App is up to date.
2026-04-03 05:38:52 Checking for update using Github
2026-04-03 05:38:52 Success.
2026-04-03 05:38:52 Latest version is 1.12.7
2026-04-03 05:38:52 App is up to date.
2026-04-03 08:14:18 Checking for update using Github
2026-04-03 08:14:18 Success.
2026-04-03 08:14:18 Latest version is 1.12.7
2026-04-03 08:14:18 App is up to date.
2026-04-03 09:45:03 Checking for update using Github
2026-04-03 09:45:03 Success.
2026-04-03 09:45:03 Latest version is 1.12.7
2026-04-03 09:45:03 App is up to date.
2026-04-03 10:45:03 Checking for update using Github
2026-04-03 10:45:03 Success.
2026-04-03 10:45:03 Latest version is 1.12.7
2026-04-03 10:45:03 App is up to date.
2026-04-03 14:22:09 Checking for update using Github
2026-04-03 14:22:09 Success.
2026-04-03 14:22:09 Latest version is 1.12.7
2026-04-03 14:22:09 App is up to date.
2026-04-03 15:22:09 Checking for update using Github
2026-04-03 15:22:09 Success.
2026-04-03 15:22:09 Latest version is 1.12.7
2026-04-03 15:22:09 App is up to date.
2026-04-05 02:54:26 Loading updated app package /home/trang/.config/obsidian/obsidian-1.12.7.asar
2026-04-05 02:54:27 Checking for update using Github
2026-04-05 02:54:27 Success.
2026-04-05 02:54:27 Latest version is 1.12.7
2026-04-05 02:54:27 App is up to date.
2026-04-05 03:54:26 Checking for update using Github
2026-04-05 03:54:26 Success.
2026-04-05 03:54:26 Latest version is 1.12.7
2026-04-05 03:54:26 App is up to date.
2026-04-05 04:54:26 Checking for update using Github
2026-04-05 04:54:26 Success.
2026-04-05 04:54:26 Latest version is 1.12.7
2026-04-05 04:54:26 App is up to date.
2026-04-05 07:36:11 Checking for update using Github
2026-04-05 07:36:11 Success.
2026-04-05 07:36:11 Latest version is 1.12.7
2026-04-05 07:36:11 App is up to date.
2026-04-05 11:38:02 Loading updated app package /home/trang/.config/obsidian/obsidian-1.12.7.asar
2026-04-05 11:38:02 Checking for update using Github
2026-04-05 11:38:03 Success.
2026-04-05 11:38:03 Latest version is 1.12.7
2026-04-05 11:38:03 App is up to date.
2026-04-05 13:26:16 Checking for update using Github
2026-04-05 13:26:16 Success.
2026-04-05 13:26:16 Latest version is 1.12.7
2026-04-05 13:26:16 App is up to date.
2026-04-05 14:26:16 Checking for update using Github
2026-04-05 14:26:16 Success.
2026-04-05 14:26:16 Latest version is 1.12.7
2026-04-05 14:26:16 App is up to date.
2026-04-05 15:26:16 Checking for update using Github
2026-04-05 15:26:16 Success.
2026-04-05 15:26:16 Latest version is 1.12.7
2026-04-05 15:26:16 App is up to date.
2026-04-05 16:26:16 Checking for update using Github
2026-04-05 16:26:16 Success.
2026-04-05 16:26:16 Latest version is 1.12.7
2026-04-05 16:26:16 App is up to date.
2026-04-05 16:35:23 Loading updated app package /home/trang/.config/obsidian/obsidian-1.12.7.asar
2026-04-05 16:35:24 Checking for update using Github
2026-04-05 16:35:24 Success.
2026-04-05 16:35:24 Latest version is 1.12.7
2026-04-05 16:35:24 App is up to date.
2026-04-05 16:36:00 Loading updated app package /home/trang/.config/obsidian/obsidian-1.12.7.asar
2026-04-05 16:36:01 Checking for update using Github
2026-04-05 16:36:01 Success.
2026-04-05 16:36:01 Latest version is 1.12.7
2026-04-05 16:36:01 App is up to date.
2026-04-05 17:36:00 Checking for update using Github
2026-04-05 17:36:01 Success.
2026-04-05 17:36:01 Latest version is 1.12.7
2026-04-05 17:36:01 App is up to date.
2026-04-06 14:46:56 Loading updated app package /home/trang/.config/obsidian/obsidian-1.12.7.asar
2026-04-06 14:46:56 Checking for update using Github
2026-04-06 14:46:57 Success.
2026-04-06 14:46:57 Latest version is 1.12.7
2026-04-06 14:46:57 App is up to date.
2026-04-06 15:46:56 Checking for update using Github
2026-04-06 15:46:56 Success.
2026-04-06 15:46:56 Latest version is 1.12.7
2026-04-06 15:46:56 App is up to date.
2026-04-06 16:46:56 Checking for update using Github
2026-04-06 16:46:56 Success.
2026-04-06 16:46:56 Latest version is 1.12.7
2026-04-06 16:46:56 App is up to date.
2026-04-07 05:31:21 Loading updated app package /home/trang/.config/obsidian/obsidian-1.12.7.asar
2026-04-07 05:31:22 Checking for update using Github
2026-04-07 05:31:22 Success.
2026-04-07 05:31:22 Latest version is 1.12.7
2026-04-07 05:31:22 App is up to date.
2026-04-15 06:30:41 Loading updated app package /home/trang/.config/obsidian/obsidian-1.12.7.asar
2026-04-15 06:30:43 Checking for update using Github
2026-04-15 06:30:44 Success.
2026-04-15 06:30:44 Latest version is 1.12.7
2026-04-15 06:30:44 App is up to date.
2026-04-20 10:20:29 Loading updated app package /home/trang/.config/obsidian/obsidian-1.12.7.asar
2026-04-20 10:20:30 Checking for update using Github
2026-04-20 10:20:30 Success.
2026-04-20 10:20:30 Latest version is 1.12.7
2026-04-20 10:20:30 App is up to date.
2026-04-28 02:27:06 Loading updated app package /home/trang/.config/obsidian/obsidian-1.12.7.asar
2026-04-28 02:27:07 Checking for update using Github
2026-04-28 02:27:08 Success.
2026-04-28 02:27:08 Latest version is 1.12.7
2026-04-28 02:27:08 App is up to date.
2026-04-28 02:35:25 Loading updated app package /home/trang/.config/obsidian/obsidian-1.12.7.asar
2026-04-28 02:35:26 Checking for update using Github
2026-04-28 02:35:27 Success.
2026-04-28 02:35:27 Latest version is 1.12.7
2026-04-28 02:35:27 App is up to date.
2026-04-28 03:14:27 Loading updated app package /home/trang/.config/obsidian/obsidian-1.12.7.asar
2026-04-28 03:14:28 Checking for update using Github
2026-04-28 03:14:28 Success.
2026-04-28 03:14:28 Latest version is 1.12.7
2026-04-28 03:14:28 App is up to date.
2026-05-04 14:06:59 Loading updated app package /home/trang/.config/obsidian/obsidian-1.12.7.asar
2026-05-04 14:06:59 Checking for update using Github
2026-05-04 14:07:00 Success.
2026-05-04 14:07:00 Latest version is 1.12.7
2026-05-04 14:07:00 App is up to date.
2026-05-04 14:07:12 Loading updated app package /home/trang/.config/obsidian/obsidian-1.12.7.asar
2026-05-04 14:07:13 Checking for update using Github
2026-05-04 14:07:13 Success.
2026-05-04 14:07:13 Latest version is 1.12.7
2026-05-04 14:07:13 App is up to date.
2026-05-04 14:07:59 Loading updated app package /home/trang/.config/obsidian/obsidian-1.12.7.asar
2026-05-04 14:07:59 Checking for update using Github
2026-05-04 14:08:00 Success.
2026-05-04 14:08:00 Latest version is 1.12.7
2026-05-04 14:08:00 App is up to date.
2026-05-04 14:29:11 Loading updated app package /home/trang/.config/obsidian/obsidian-1.12.7.asar
2026-05-04 14:29:12 Checking for update using Github
2026-05-04 14:29:13 Success.
2026-05-04 14:29:13 Latest version is 1.12.7
2026-05-04 14:29:13 App is up to date.
2026-05-07 08:32:48 Loading updated app package /home/trang/.config/obsidian/obsidian-1.12.7.asar
2026-05-07 08:32:49 Checking for update using Github
2026-05-07 08:32:50 Success.
2026-05-07 08:32:50 Latest version is 1.12.7
2026-05-07 08:32:50 App is up to date.
2026-05-07 09:32:49 Checking for update using Github
2026-05-07 09:32:49 Success.
2026-05-07 09:32:49 Latest version is 1.12.7
2026-05-07 09:32:49 App is up to date.
2026-05-09 08:29:05 Loading updated app package /home/trang/.config/obsidian/obsidian-1.12.7.asar
2026-05-09 08:29:06 Checking for update using Github
2026-05-09 08:29:07 Success.
2026-05-09 08:29:07 Latest version is 1.12.7
2026-05-09 08:29:07 App is up to date.
2026-05-09 09:12:18 Loading updated app package /home/trang/.config/obsidian/obsidian-1.12.7.asar
2026-05-25 17:25:05 Loading updated app package /home/trang/.config/obsidian/obsidian-1.12.7.asar
2026-05-25 17:25:07 Checking for update using Github
2026-05-25 17:25:07 Success.
2026-05-25 17:25:07 Latest version is 1.12.7
2026-05-25 17:25:07 App is up to date.
2026-05-27 15:30:21 Loading updated app package /home/trang/.config/obsidian/obsidian-1.12.7.asar
2026-05-27 15:30:22 Checking for update using Github
2026-05-27 15:30:22 Success.
2026-05-27 15:30:22 Latest version is 1.12.7
2026-05-27 15:30:22 App is up to date.
2026-05-27 16:30:21 Checking for update using Github
2026-05-27 16:30:21 Success.
2026-05-27 16:30:21 Latest version is 1.12.7
2026-05-27 16:30:21 App is up to date.
2026-05-27 17:30:21 Checking for update using Github
2026-05-27 17:30:21 Success.
2026-05-27 17:30:21 Latest version is 1.12.7
2026-05-27 17:30:21 App is up to date.
2026-05-28 00:42:01 Checking for update using Github
2026-05-28 00:42:01 Success.
2026-05-28 00:42:01 Latest version is 1.12.7
2026-05-28 00:42:01 App is up to date.
2026-05-28 01:17:11 Loading updated app package /home/trang/.config/obsidian/obsidian-1.12.7.asar
2026-05-28 01:17:12 Checking for update using Github
2026-05-28 01:17:12 Success.
2026-05-28 01:17:12 Latest version is 1.12.7
2026-05-28 01:17:12 App is up to date.
2026-05-28 01:40:23 Loading updated app package /home/trang/.config/obsidian/obsidian-1.12.7.asar
2026-05-28 01:40:25 Checking for update using Github
2026-05-28 01:40:25 Success.
2026-05-28 01:40:25 Latest version is 1.12.7
2026-05-28 01:40:25 App is up to date.
2026-05-28 02:40:24 Checking for update using Github
2026-05-28 02:40:24 Success.
2026-05-28 02:40:24 Latest version is 1.12.7
2026-05-28 02:40:24 App is up to date.
2026-05-28 03:57:23 Loading updated app package /home/trang/.config/obsidian/obsidian-1.12.7.asar
2026-05-28 03:57:23 Checking for update using Github
2026-05-28 03:57:24 Success.
2026-05-28 03:57:24 Latest version is 1.12.7
2026-05-28 03:57:24 App is up to date.
2026-05-28 04:04:32 Loading updated app package /home/trang/.config/obsidian/obsidian-1.12.7.asar
2026-05-28 04:04:33 Checking for update using Github
2026-05-28 04:04:33 Success.
2026-05-28 04:04:33 Latest version is 1.12.7
2026-05-28 04:04:33 App is up to date.
2026-05-28 04:19:41 Loading updated app package /home/trang/.config/obsidian/obsidian-1.12.7.asar
2026-05-28 04:19:42 Checking for update using Github
2026-05-28 04:19:43 Success.
2026-05-28 04:19:43 Latest version is 1.12.7
2026-05-28 04:19:43 App is up to date.
2026-05-28 05:19:42 Checking for update using Github
2026-05-28 05:19:42 Success.
2026-05-28 05:19:42 Latest version is 1.12.7
2026-05-28 05:19:42 App is up to date.
2026-06-06 03:54:40 Loading updated app package /home/trang/.config/obsidian/obsidian-1.12.7.asar
2026-06-06 03:54:41 Checking for update using Github
2026-06-06 03:54:41 Success.
2026-06-06 03:54:41 Latest version is 1.12.7
2026-06-06 03:54:41 App is up to date.
2026-06-06 04:54:40 Checking for update using Github
2026-06-06 04:54:40 Success.
2026-06-06 04:54:40 Latest version is 1.12.7
2026-06-06 04:54:40 App is up to date.
2026-08-27 07:34:03 Loaded main app package /tmp/.mount_ObsidiHGjnU3/resources/obsidian.asar
2026-08-27 07:34:04 Checking for update using Github
2026-08-27 07:34:04 Success.
2026-08-27 07:34:04 Latest version is 1.13.7
2026-08-27 07:34:04 Downloading update from https://github.com/obsidianmd/obsidian-releases/releases/download/v1.13.7/obsidian-1.13.7.asar.gz
2026-08-27 07:48:06 Loaded main app package /tmp/.mount_Obsidi2vv8sX/resources/obsidian.asar
2026-08-27 07:48:07 Checking for update using Github
2026-08-27 07:48:08 Success.
2026-08-27 07:48:08 Latest version is 1.13.7
2026-08-27 07:48:08 Downloading update from https://github.com/obsidianmd/obsidian-releases/releases/download/v1.13.7/obsidian-1.13.7.asar.gz
2026-08-27 07:49:03 Verifying hash & signature. Size= 8773048
2026-08-27 07:49:03 Saving file
2026-08-27 07:49:03 Update complete.
2026-08-27 08:48:06 Checking for update using Github
2026-08-27 08:48:06 Success.
2026-08-27 08:48:06 Latest version is 1.13.7
2026-08-27 08:48:06 An update is already downloaded.
2026-08-27 08:52:57 Loaded updated app package /home/trang/.config/obsidian/obsidian-1.13.7.asar
2026-08-27 08:52:57 Checking for update using Github
2026-08-27 08:52:58 Success.
2026-08-27 08:52:58 Latest version is 1.13.7
2026-08-27 08:52:58 App is up to date.
