[2026-08-29 21:23:21.127] [main] [info] [saleae_log.cpp:338] Logfile path set to: /home/trang/.config/Logic/logs/2026-08-29_21-23-19_b2b7a766-02d9-4681-84c7-eadfe980a5c5/graphio.log
[2026-08-29 21:23:21.127] [main] [critical] [saleae_log.cpp:341] Global logging level is set to: info
[2026-08-29 21:23:21.850] [main] [info] [graph_server.cpp:821] DeleteGraphData SeesionId: -2
[2026-08-29 21:23:21.850] [main] [info] [graph_server.cpp:843] DeleteGraph( -2 ) called
[2026-08-29 21:23:22.085] [usb] [info] [DevicesManager.cpp:167] Resetting DevicesManager
[2026-08-29 21:23:22.126] [device] [info] [GenericDevice.cpp:60] Updating device state (Logic8/0xF4243) from DSInitializing(msg=, progress=0%) to DSReady()
[2026-08-29 21:23:22.126] [device] [info] [GenericDevice.cpp:60] Updating device state (LogicPro8/0xF4244) from DSInitializing(msg=, progress=0%) to DSReady()
[2026-08-29 21:23:22.126] [device] [info] [GenericDevice.cpp:60] Updating device state (LogicPro16/0xF4241) from DSInitializing(msg=, progress=0%) to DSReady()
[2026-08-29 21:23:36.737] [monitor] [info] [graph_server.cpp:352] System Memory Usage: sys_total=7632.047 MB, sys_avail=2134.695 MB, proc_mem_usage=-0.000 MB
[2026-08-29 21:23:51.738] [monitor] [info] [graph_server.cpp:352] System Memory Usage: sys_total=7632.047 MB, sys_avail=2406.762 MB, proc_mem_usage=-0.000 MB
[2026-08-29 21:24:06.741] [monitor] [info] [graph_server.cpp:352] System Memory Usage: sys_total=7632.047 MB, sys_avail=2345.152 MB, proc_mem_usage=-0.000 MB
[2026-08-29 21:24:21.743] [monitor] [info] [graph_server.cpp:352] System Memory Usage: sys_total=7632.047 MB, sys_avail=2162.105 MB, proc_mem_usage=-0.000 MB
[2026-08-29 21:24:36.745] [monitor] [info] [graph_server.cpp:352] System Memory Usage: sys_total=7632.047 MB, sys_avail=2343.480 MB, proc_mem_usage=-0.000 MB
[2026-08-29 21:24:51.747] [monitor] [info] [graph_server.cpp:352] System Memory Usage: sys_total=7632.047 MB, sys_avail=2304.102 MB, proc_mem_usage=-0.000 MB
[2026-08-29 21:25:06.749] [monitor] [info] [graph_server.cpp:352] System Memory Usage: sys_total=7632.047 MB, sys_avail=2273.914 MB, proc_mem_usage=-0.000 MB
[2026-08-29 21:25:21.751] [monitor] [info] [graph_server.cpp:352] System Memory Usage: sys_total=7632.047 MB, sys_avail=2254.754 MB, proc_mem_usage=-0.000 MB
[2026-08-29 21:25:36.753] [monitor] [info] [graph_server.cpp:352] System Memory Usage: sys_total=7632.047 MB, sys_avail=2079.945 MB, proc_mem_usage=-0.000 MB
[2026-08-29 21:25:51.756] [monitor] [info] [graph_server.cpp:352] System Memory Usage: sys_total=7632.047 MB, sys_avail=2086.715 MB, proc_mem_usage=-0.000 MB
[2026-08-29 21:26:06.758] [monitor] [info] [graph_server.cpp:352] System Memory Usage: sys_total=7632.047 MB, sys_avail=2032.301 MB, proc_mem_usage=-0.000 MB
[2026-08-29 21:26:21.759] [monitor] [info] [graph_server.cpp:352] System Memory Usage: sys_total=7632.047 MB, sys_avail=2082.461 MB, proc_mem_usage=-0.000 MB
[2026-08-29 21:26:36.761] [monitor] [info] [graph_server.cpp:352] System Memory Usage: sys_total=7632.047 MB, sys_avail=2168.469 MB, proc_mem_usage=-0.000 MB
[2026-08-29 21:26:51.771] [monitor] [info] [graph_server.cpp:352] System Memory Usage: sys_total=7632.047 MB, sys_avail=2251.480 MB, proc_mem_usage=-0.000 MB
[2026-08-29 21:27:06.773] [monitor] [info] [graph_server.cpp:352] System Memory Usage: sys_total=7632.047 MB, sys_avail=2434.449 MB, proc_mem_usage=-0.000 MB
[2026-08-29 21:27:21.776] [monitor] [info] [graph_server.cpp:352] System Memory Usage: sys_total=7632.047 MB, sys_avail=2502.984 MB, proc_mem_usage=-0.000 MB
[2026-08-29 21:27:36.778] [monitor] [info] [graph_server.cpp:352] System Memory Usage: sys_total=7632.047 MB, sys_avail=2421.578 MB, proc_mem_usage=-0.000 MB
[2026-08-29 21:27:51.780] [monitor] [info] [graph_server.cpp:352] System Memory Usage: sys_total=7632.047 MB, sys_avail=2378.836 MB, proc_mem_usage=-0.000 MB
[2026-08-29 21:28:06.782] [monitor] [info] [graph_server.cpp:352] System Memory Usage: sys_total=7632.047 MB, sys_avail=2180.992 MB, proc_mem_usage=-0.000 MB
[2026-08-29 21:28:21.784] [monitor] [info] [graph_server.cpp:352]