2026-09-17 15:06:16.591 [info] Reading sessions from keychain...
2026-09-17 15:06:16.591 [info] Getting sessions for all scopes...
2026-09-17 15:06:16.591 [info] Got stored sessions!
2026-09-17 15:06:16.591 [info] Got 2 verified sessions.
2026-09-17 15:06:16.591 [info] Got 2 sessions for ...
2026-09-17 15:06:16.591 [info] Getting sessions for all scopes...
2026-09-17 15:06:16.591 [info] Got 2 sessions for ...
2026-09-17 15:06:16.591 [info] Getting sessions for all scopes...
2026-09-17 15:06:16.591 [info] Got 2 sessions for ...
2026-09-17 15:06:16.591 [info] Getting sessions for all scopes...
2026-09-17 15:06:16.591 [info] Got 2 sessions for ...
2026-09-17 15:06:16.591 [info] Getting sessions for all scopes...
2026-09-17 15:06:16.591 [info] Got 2 sessions for ...
2026-09-17 15:06:16.872 [info] Getting sessions for read:user,user:email...
2026-09-17 15:06:16.872 [info] Got 0 sessions for read:user,user:email...
2026-09-17 15:06:17.052 [info] Getting sessions for all scopes...
2026-09-17 15:06:17.052 [info] Got 2 sessions for ...
2026-09-17 15:06:17.989 [info] Getting sessions for all scopes...
2026-09-17 15:06:17.989 [info] Got 2 sessions for ...
2026-09-17 15:06:18.137 [info] Getting sessions for all scopes...
2026-09-17 15:06:18.137 [info] Got 2 sessions for ...
2026-09-17 15:06:18.137 [info] Getting sessions for all scopes...
2026-09-17 15:06:18.137 [info] Got 2 sessions for ...
2026-09-17 15:06:18.436 [info] Getting sessions for read:user,repo,user:email,workflow...
2026-09-17 15:06:18.436 [info] Got 1 sessions for read:user,repo,user:email,workflow...
2026-09-17 15:06:18.488 [info] Getting sessions for all scopes...
2026-09-17 15:06:18.488 [info] Got 2 sessions for ...
2026-09-17 15:06:18.491 [info] Getting sessions for read:user,repo,user:email,workflow...
2026-09-17 15:06:18.491 [info] Got 1 sessions for read:user,repo,user:email,workflow...
2026-09-17 15:06:19.195 [info] Getting sessions for all scopes...
2026-09-17 15:06:19.195 [info] Got 2 sessions for ...
2026-09-17 15:06:19.196 [info] Getting sessions for all scopes...
2026-09-17 15:06:19.196 [info] Got 2 sessions for ...
2026-09-17 15:06:19.217 [info] Getting sessions for read:user,repo,user:email,workflow...
2026-09-17 15:06:19.217 [info] Got 1 sessions for read:user,repo,user:email,workflow...
2026-09-17 15:06:19.681 [info] FetcherService: Electron fetch failed with status: 429 
2026-09-17 15:06:19.682 [info] Unable to resolve optional EDU details. Status: 429 
2026-09-17 15:06:19.981 [info] Getting sessions for repo...
2026-09-17 15:06:19.981 [info] Got 0 sessions for repo...
2026-09-17 15:06:19.982 [info] Getting sessions for all scopes...
2026-09-17 15:06:19.982 [info] Got 2 sessions for ...
2026-09-17 15:06:19.983 [info] Getting sessions for all scopes...
2026-09-17 15:06:19.983 [info] Got 2 sessions for ...
2026-09-17 15:06:20.003 [info] Getting sessions for all scopes...
2026-09-17 15:06:20.003 [info] Got 2 sessions for ...
2026-09-17 15:06:20.017 [info] Getting sessions for read:user,user:email...
2026-09-17 15:06:20.017 [info] Got 0 sessions for read:user,user:email...
2026-09-17 15:06:20.018 [info] Getting sessions for read:user,repo,user:email,workflow...
2026-09-17 15:06:20.018 [info] Got 1 sessions for read:user,repo,user:email,workflow...
2026-09-17 15:06:20.022 [info] Getting sessions for all scopes...
2026-09-17 15:06:20.022 [info] Got 2 sessions for ...
2026-09-17 15:06:20.031 [info] Getting sessions for repo...
2026-09-17 15:06:20.031 [info] Got 0 sessions for repo...
2026-09-17 15:06:20.035 [info] Getting sessions for all scopes...
2026-09-17 15:06:20.036 [info] Got 2 sessions for ...
2026-09-17 15:06:20.412 [info] Getting sessions for all scopes...
2026-09-17 15:06:20.413 [info] Got 2 sessions for ...
2026-09-17 15:06:20.415 [info] Getting sessions for read:user,repo,user:email,workflow...
2026-09-17 15:06:20.415 [info] Got 1 sessions for read:user,repo,user:email,workflow...
2026-09-17 15:06:20.801 [info] Getting sessions for all scopes...
2026-09-17 15:06:20.801 [info] Got 2 sessions for ...
2026-09-17 15:06:20.832 [info] Getting sessions for read:user,repo,user:email,workflow...
2026-09-17 15:06:20.832 [info] Got 1 sessions for read:user,repo,user:email,workflow...
2026-09-17 15:06:21.332 [info] Getting sessions for all scopes...
2026-09-17 15:06:21.333 [info] Got 2 sessions for ...
2026-09-17 15:06:21.336 [info] Getting sessions for read:user,repo,user:email,workflow...
2026-09-17 15:06:21.336 [info] Got 1 sessions for read:user,repo,user:email,workflow...
2026-09-17 15:06:21.793 [info] Getting sessions for all scopes...
2026-09-17 15:06:21.793 [info] Got 2 sessions for ...
2026-09-17 15:06:21.798 [info] Getting sessions for read:user,repo,user:email,workflow...
2026-09-17 15:06:21.798 [info] Got 1 sessions for read:user,repo,user:email,workflow...
2026-09-17 15:06:22.812 [info] Getting sessions for read:user,user:email...
2026-09-17 15:06:22.812 [info] Got 0 sessions for read:user,user:email...
2026-09-17 15:06:22.815 [info] Getting sessions for all scopes...
2026-09-17 15:06:22.815 [info] Got 2 sessions for ...
2026-09-17 15:06:22.820 [info] Getting sessions for repo...
2026-09-17 15:06:22.820 [info] Got 0 sessions for repo...
2026-09-17 15:06:22.824 [info] Getting sessions for all scopes...
2026-09-17 15:06:22.824 [info] Got 2 sessions for ...
2026-09-17 15:06:22.825 [info] Getting sessions for read:user,user:email...
2026-09-17 15:06:22.825 [info] Got 0 sessions for read:user,user:email...
2026-09-17 15:06:22.826 [info] Getting sessions for all scopes...
2026-09-17 15:06:22.826 [info] Got 2 sessions for ...
2026-09-17 15:06:22.827 [info] Getting sessions for repo...
2026-09-17 15:06:22.827 [info] Got 0 sessions for repo...
2026-09-17 15:06:22.827 [info] Getting sessions for all scopes...
2026-09-17 15:06:22.827 [info] Got 2 sessions for ...
2026-09-17 15:10:18.453 [info] Getting sessions for all scopes...
2026-09-17 15:10:18.453 [info] Got 2 sessions for ...
2026-09-17 15:10:18.454 [info] Getting sessions for all scopes...
2026-09-17 15:10:18.454 [info] Got 2 sessions for ...
2026-09-17 15:10:29.494 [info] Getting sessions for all scopes...
2026-09-17 15:10:29.494 [info] Got 2 sessions for ...
2026-09-17 15:10:29.495 [info] Getting sessions for all scopes...
2026-09-17 15:10:29.495 [info] Got 2 sessions for ...
2026-09-17 15:20:13.824 [info] Getting sessions for all scopes...
2026-09-17 15:20:13.824 [info] Got 2 sessions for ...
2026-09-17 15:20:13.825 [info] Getting sessions for all scopes...
2026-09-17 15:20:13.825 [info] Got 2 sessions for ...
2026-09-17 15:33:44.040 [info] Getting sessions for all scopes...
2026-09-17 15:33:44.041 [info] Got 2 sessions for ...
2026-09-17 15:33:44.041 [info] Getting sessions for all scopes...
2026-09-17 15:33:44.041 [info] Got 2 sessions for ...
2026-09-17 15:34:04.693 [info] Getting sessions for all scopes...
2026-09-17 15:34:04.693 [info] Got 2 sessions for ...
2026-09-17 15:34:04.695 [info] Getting sessions for all scopes...
2026-09-17 15:34:04.695 [info] Got 2 sessions for ...
2026-09-17 15:37:13.971 [info] Getting sessions for all scopes...
2026-09-17 15:37:13.971 [info] Got 2 sessions for ...
2026-09-17 15:37:13.971 [info] Getting sessions for all scopes...
2026-09-17 15:37:13.971 [info] Got 2 sessions for ...
2026-09-17 15:41:35.955 [info] Getting sessions for all scopes...
2026-09-17 15:41:35.955 [info] Got 2 sessions for ...
2026-09-17 15:41:35.956 [info] Getting sessions for all scopes...
2026-09-17 15:41:35.956 [info] Got 2 sessions for ...
2026-09-17 15:52:42.935 [info] Getting sessions for all scopes...
2026-09-17 15:52:42.936 [info] Got 2 sessions for ...
2026-09-17 15:52:42.937 [info] Getting sessions for all scopes...
2026-09-17 15:52:42.937 [info] Got 2 sessions for ...
2026-09-17 15:54:05.062 [info] Getting sessions for all scopes...
2026-09-17 15:54:05.062 [info] Got 2 sessions for ...
2026-09-17 15:54:05.063 [info] Getting sessions for all scopes...
2026-09-17 15:54:05.063 [info] Got 2 sessions for ...
2026-09-17 15:55:53.942 [info] Getting sessions for all scopes...
2026-09-17 15:55:53.942 [info] Got 2 sessions for ...
2026-09-17 15:55:53.954 [info] Getting sessions for all scopes...
2026-09-17 15:55:53.954 [info] Got 2 sessions for ...
2026-09-17 15:56:20.406 [info] Getting sessions for all scopes...
2026-09-17 15:56:20.406 [info] Got 2 sessions for ...
2026-09-17 15:56:20.406 [info] Getting sessions for all scopes...
2026-09-17 15:56:20.406 [info] Got 2 sessions for ...
2026-09-17 15:59:03.866 [info] Getting sessions for all scopes...
2026-09-17 15:59:03.866 [info] Got 2 sessions for ...
2026-09-17 15:59:03.867 [info] Getting sessions for all scopes...
2026-09-17 15:59:03.867 [info] Got 2 sessions for ...
2026-09-17 16:00:42.723 [info] Getting sessions for all scopes...
2026-09-17 16:00:42.724 [info] Got 2 sessions for ...
2026-09-17 16:00:42.725 [info] Getting sessions for all scopes...
2026-09-17 16:00:42.725 [info] Got 2 sessions for ...
2026-09-17 16:00:47.721 [info] Getting sessions for all scopes...
2026-09-17 16:00:47.721 [info] Got 2 sessions for ...
2026-09-17 16:00:47.721 [info] Getting sessions for all scopes...
2026-09-17 16:00:47.722 [info] Got 2 sessions for ...
2026-09-17 16:02:23.058 [info] Getting sessions for all scopes...
2026-09-17 16:02:23.058 [info] Got 2 sessions for ...
2026-09-17 16:02:23.059 [info] Getting sessions for all scopes...
2026-09-17 16:02:23.059 [info] Got 2 sessions for ...
2026-09-17 16:02:46.693 [info] Getting sessions for all scopes...
2026-09-17 16:02:46.693 [info] Got 2 sessions for ...
2026-09-17 16:02:46.693 [info] Getting sessions for all scopes...
2026-09-17 16:02:46.694 [info] Got 2 sessions for ...
2026-09-17 16:02:48.253 [info] Getting sessions for all scopes...
2026-09-17 16:02:48.253 [info] Got 2 sessions for ...
2026-09-17 16:02:48.255 [info] Getting sessions for all scopes...
2026-09-17 16:02:48.255 [info] Got 2 sessions for ...
2026-09-17 16:02:53.282 [info] Getting sessions for all scopes...
2026-09-17 16:02:53.282 [info] Got 2 sessions for ...
2026-09-17 16:02:53.284 [info] Getting sessions for all scopes...
2026-09-17 16:02:53.284 [info] Got 2 sessions for ...
2026-09-17 16:03:01.065 [info] Getting sessions for all scopes...
2026-09-17 16:03:01.065 [info] Got 2 sessions for ...
2026-09-17 16:03:01.066 [info] Getting sessions for all scopes...
2026-09-17 16:03:01.066 [info] Got 2 sessions for ...
2026-09-17 16:03:53.814 [info] Getting sessions for all scopes...
2026-09-17 16:03:53.814 [info] Got 2 sessions for ...
2026-09-17 16:03:53.815 [info] Getting sessions for all scopes...
2026-09-17 16:03:53.815 [info] Got 2 sessions for ...
2026-09-17 16:05:16.777 [info] Getting sessions for all scopes...
2026-09-17 16:05:16.777 [info] Got 2 sessions for ...
2026-09-17 16:05:16.778 [info] Getting sessions for all scopes...
2026-09-17 16:05:16.778 [info] Got 2 sessions for ...
2026-09-17 16:05:33.221 [info] Getting sessions for all scopes...
2026-09-17 16:05:33.221 [info] Got 2 sessions for ...
2026-09-17 16:05:33.222 [info] Getting sessions for all scopes...
2026-09-17 16:05:33.222 [info] Got 2 sessions for ...
2026-09-17 16:05:55.763 [info] Getting sessions for all scopes...
2026-09-17 16:05:55.763 [info] Got 2 sessions for ...
2026-09-17 16:05:55.765 [info] Getting sessions for all scopes...
2026-09-17 16:05:55.765 [info] Got 2 sessions for ...
2026-09-17 16:10:52.247 [info] Getting sessions for all scopes...
2026-09-17 16:10:52.247 [info] Got 2 sessions for ...
2026-09-17 16:10:52.247 [info] Getting sessions for all scopes...
2026-09-17 16:10:52.247 [info] Got 2 sessions for ...
2026-09-17 16:11:00.242 [info] Getting sessions for read:user,user:email...
2026-09-17 16:11:00.242 [info] Got 0 sessions for read:user,user:email...
2026-09-17 16:11:00.242 [info] Getting sessions for read:user,user:email...
2026-09-17 16:11:00.242 [info] Got 0 sessions for read:user,user:email...
2026-09-17 16:11:00.243 [info] Getting sessions for all scopes...
2026-09-17 16:11:00.243 [info] Got 2 sessions for ...
2026-09-17 16:11:00.243 [info] Getting sessions for all scopes...
2026-09-17 16:11:00.243 [info] Got 2 sessions for ...
2026-09-17 16:11:00.244 [info] Getting sessions for repo...
2026-09-17 16:11:00.244 [info] Got 0 sessions for repo...
2026-09-17 16:11:00.244 [info] Getting sessions for repo...
2026-09-17 16:11:00.244 [info] Got 0 sessions for repo...
2026-09-17 16:11:00.247 [info] Getting sessions for all scopes...
2026-09-17 16:11:00.247 [info] Got 2 sessions for ...
2026-09-17 16:11:00.247 [info] Getting sessions for all scopes...
2026-09-17 16:11:00.247 [info] Got 2 sessions for ...
2026-09-17 16:11:00.248 [info] Getting sessions for read:user,user:email...
2026-09-17 16:11:00.248 [info] Got 0 sessions for read:user,user:email...
2026-09-17 16:11:00.248 [info] Getting sessions for read:user,user:email...
2026-09-17 16:11:00.248 [info] Got 0 sessions for read:user,user:email...
2026-09-17 16:11:00.249 [info] Getting sessions for all scopes...
2026-09-17 16:11:00.249 [info] Got 2 sessions for ...
2026-09-17 16:11:00.249 [info] Getting sessions for all scopes...
2026-09-17 16:11:00.249 [info] Got 2 sessions for ...
2026-09-17 16:11:00.249 [info] Getting sessions for repo...
2026-09-17 16:11:00.249 [info] Got 0 sessions for repo...
2026-09-17 16:11:00.249 [info] Getting sessions for repo...
2026-09-17 16:11:00.249 [info] Got 0 sessions for repo...
2026-09-17 16:11:00.249 [info] Getting sessions for all scopes...
2026-09-17 16:11:00.249 [info] Got 2 sessions for ...
2026-09-17 16:11:00.250 [info] Getting sessions for all scopes...
2026-09-17 16:11:00.250 [info] Got 2 sessions for ...
2026-09-17 16:11:23.194 [info] Getting sessions for all scopes...
2026-09-17 16:11:23.194 [info] Got 2 sessions for ...
2026-09-17 16:11:23.195 [info] Getting sessions for all scopes...
2026-09-17 16:11:23.195 [info] Got 2 sessions for ...
2026-09-17 16:14:17.546 [info] Getting sessions for all scopes...
2026-09-17 16:14:17.546 [info] Got 2 sessions for ...
2026-09-17 16:14:17.546 [info] Getting sessions for all scopes...
2026-09-17 16:14:17.546 [info] Got 2 sessions for ...
2026-09-17 16:15:00.724 [info] Getting sessions for all scopes...
2026-09-17 16:15:00.724 [info] Got 2 sessions for ...
2026-09-17 16:15:00.724 [info] Getting sessions for all scopes...
2026-09-17 16:15:00.724 [info] Got 2 sessions for ...
2026-09-17 16:15:14.876 [info] Getting sessions for all scopes...
2026-09-17 16:15:14.876 [info] Got 2 sessions for ...
2026-09-17 16:15:14.877 [info] Getting sessions for all scopes...
2026-09-17 16:15:14.877 [info] Got 2 sessions for ...
2026-09-17 16:15:16.773 [info] Getting sessions for all scopes...
2026-09-17 16:15:16.773 [info] Got 2 sessions for ...
2026-09-17 16:15:16.775 [info] Getting sessions for all scopes...
2026-09-17 16:15:16.775 [info] Got 2 sessions for ...
2026-09-17 16:15:59.237 [info] Getting sessions for all scopes...
2026-09-17 16:15:59.237 [info] Got 2 sessions for ...
2026-09-17 16:15:59.238 [info] Getting sessions for all scopes...
2026-09-17 16:15:59.238 [info] Got 2 sessions for ...
2026-09-17 16:16:15.023 [info] Getting sessions for all scopes...
2026-09-17 16:16:15.023 [info] Got 2 sessions for ...
2026-09-17 16:16:15.024 [info] Getting sessions for all scopes...
2026-09-17 16:16:15.024 [info] Got 2 sessions for ...
2026-09-17 16:16:35.975 [info] Getting sessions for all scopes...
2026-09-17 16:16:35.975 [info] Got 2 sessions for ...
2026-09-17 16:16:35.975 [info] Getting sessions for all scopes...
2026-09-17 16:16:35.975 [info] Got 2 sessions for ...
2026-09-17 16:16:36.519 [info] Getting sessions for all scopes...
2026-09-17 16:16:36.519 [info] Got 2 sessions for ...
2026-09-17 16:16:36.520 [info] Getting sessions for all scopes...
2026-09-17 16:16:36.520 [info] Got 2 sessions for ...
2026-09-17 16:19:42.207 [info] Getting sessions for all scopes...
2026-09-17 16:19:42.207 [info] Got 2 sessions for ...
2026-09-17 16:19:42.208 [info] Getting sessions for all scopes...
2026-09-17 16:19:42.208 [info] Got 2 sessions for ...
2026-09-17 16:19:55.974 [info] Getting sessions for all scopes...
2026-09-17 16:19:55.975 [info] Got 2 sessions for ...
2026-09-17 16:19:55.976 [info] Getting sessions for all scopes...
2026-09-17 16:19:55.976 [info] Got 2 sessions for ...
2026-09-17 16:21:55.167 [info] Getting sessions for all scopes...
2026-09-17 16:21:55.167 [info] Got 2 sessions for ...
2026-09-17 16:21:55.167 [info] Getting sessions for all scopes...
2026-09-17 16:21:55.167 [info] Got 2 sessions for ...
2026-09-17 16:21:57.666 [info] Getting sessions for all scopes...
2026-09-17 16:21:57.666 [info] Got 2 sessions for ...
2026-09-17 16:21:57.668 [info] Getting sessions for all scopes...
2026-09-17 16:21:57.668 [info] Got 2 sessions for ...
2026-09-17 16:23:31.067 [info] Getting sessions for all scopes...
2026-09-17 16:23:31.077 [info] Got 2 sessions for ...
2026-09-17 16:23:31.079 [info] Getting sessions for all scopes...
2026-09-17 16:23:31.079 [info] Got 2 sessions for ...
2026-09-17 16:23:51.283 [info] Getting sessions for all scopes...
2026-09-17 16:23:51.284 [info] Got 2 sessions for ...
2026-09-17 16:23:51.284 [info] Getting sessions for all scopes...
2026-09-17 16:23:51.284 [info] Got 2 sessions for ...
2026-09-17 16:24:14.185 [info] Getting sessions for all scopes...
2026-09-17 16:24:14.185 [info] Got 2 sessions for ...
2026-09-17 16:24:14.186 [info] Getting sessions for all scopes...
2026-09-17 16:24:14.186 [info] Got 2 sessions for ...
2026-09-17 16:24:17.965 [info] Getting sessions for all scopes...
2026-09-17 16:24:17.966 [info] Got 2 sessions for ...
2026-09-17 16:24:17.967 [info] Getting sessions for all scopes...
2026-09-17 16:24:17.967 [info] Got 2 sessions for ...
2026-09-17 16:24:34.262 [info] Getting sessions for all scopes...
2026-09-17 16:24:34.262 [info] Got 2 sessions for ...
2026-09-17 16:24:34.263 [info] Getting sessions for all scopes...
2026-09-17 16:24:34.263 [info] Got 2 sessions for ...
2026-09-17 16:24:52.479 [info] Getting sessions for all scopes...
2026-09-17 16:24:52.480 [info] Got 2 sessions for ...
2026-09-17 16:24:52.482 [info] Getting sessions for all scopes...
2026-09-17 16:24:52.483 [info] Got 2 sessions for ...
2026-09-17 16:27:47.052 [info] Getting sessions for all scopes...
2026-09-17 16:27:47.052 [info] Got 2 sessions for ...
2026-09-17 16:27:47.054 [info] Getting sessions for all scopes...
2026-09-17 16:27:47.054 [info] Got 2 sessions for ...
2026-09-17 16:28:16.445 [info] Getting sessions for all scopes...
2026-09-17 16:28:16.445 [info] Got 2 sessions for ...
2026-09-17 16:28:16.446 [info] Getting sessions for all scopes...
2026-09-17 16:28:16.446 [info] Got 2 sessions for ...
2026-09-17 16:28:23.747 [info] Getting sessions for all scopes...
2026-09-17 16:28:23.747 [info] Got 2 sessions for ...
2026-09-17 16:28:23.748 [info] Getting sessions for all scopes...
2026-09-17 16:28:23.748 [info] Got 2 sessions for ...
2026-09-18 09:08:03.370 [info] Getting sessions for all scopes...
2026-09-18 09:08:03.370 [info] Got 2 sessions for ...
2026-09-18 09:08:03.381 [info] Getting sessions for all scopes...
2026-09-18 09:08:03.381 [info] Got 2 sessions for ...
2026-09-18 09:08:12.103 [info] Getting sessions for read:user,user:email...
2026-09-18 09:08:12.103 [info] Got 0 sessions for read:user,user:email...
2026-09-18 09:08:12.103 [info] Getting sessions for read:user,user:email...
2026-09-18 09:08:12.103 [info] Got 0 sessions for read:user,user:email...
2026-09-18 09:08:12.105 [info] Getting sessions for all scopes...
2026-09-18 09:08:12.105 [info] Got 2 sessions for ...
2026-09-18 09:08:12.105 [info] Getting sessions for all scopes...
2026-09-18 09:08:12.105 [info] Got 2 sessions for ...
2026-09-18 09:08:12.105 [info] Getting sessions for repo...
2026-09-18 09:08:12.105 [info] Got 0 sessions for repo...
2026-09-18 09:08:12.105 [info] Getting sessions for repo...
2026-09-18 09:08:12.106 [info] Got 0 sessions for repo...
2026-09-18 09:08:12.106 [info] Getting sessions for all scopes...
2026-09-18 09:08:12.106 [info] Got 2 sessions for ...
2026-09-18 09:08:12.106 [info] Getting sessions for all scopes...
2026-09-18 09:08:12.106 [info] Got 2 sessions for ...
2026-09-18 09:08:12.106 [info] Getting sessions for read:user,user:email...
2026-09-18 09:08:12.106 [info] Got 0 sessions for read:user,user:email...
2026-09-18 09:08:12.106 [info] Getting sessions for read:user,user:email...
2026-09-18 09:08:12.106 [info] Got 0 sessions for read:user,user:email...
2026-09-18 09:08:12.106 [info] Getting sessions for all scopes...
2026-09-18 09:08:12.106 [info] Got 2 sessions for ...
2026-09-18 09:08:12.106 [info] Getting sessions for all scopes...
2026-09-18 09:08:12.106 [info] Got 2 sessions for ...
2026-09-18 09:08:12.107 [info] Getting sessions for repo...
2026-09-18 09:08:12.107 [info] Got 0 sessions for repo...
2026-09-18 09:08:12.107 [info] Getting sessions for repo...
2026-09-18 09:08:12.107 [info] Got 0 sessions for repo...
2026-09-18 09:08:12.107 [info] Getting sessions for all scopes...
2026-09-18 09:08:12.107 [info] Got 2 sessions for ...
2026-09-18 09:08:12.117 [info] Getting sessions for all scopes...
2026-09-18 09:08:12.117 [info] Got 2 sessions for ...
2026-09-18 09:10:43.095 [info] Getting sessions for all scopes...
2026-09-18 09:10:43.095 [info] Got 2 sessions for ...
2026-09-18 09:10:43.096 [info] Getting sessions for all scopes...
2026-09-18 09:10:43.096 [info] Got 2 sessions for ...
2026-09-18 09:10:46.123 [info] Getting sessions for all scopes...
2026-09-18 09:10:46.123 [info] Got 2 sessions for ...
2026-09-18 09:10:46.124 [info] Getting sessions for all scopes...
2026-09-18 09:10:46.124 [info] Got 2 sessions for ...
2026-09-18 09:11:57.841 [info] Getting sessions for all scopes...
2026-09-18 09:11:57.841 [info] Got 2 sessions for ...
2026-09-18 09:11:57.842 [info] Getting sessions for all scopes...
2026-09-18 09:11:57.842 [info] Got 2 sessions for ...
2026-09-18 09:12:53.058 [info] Getting sessions for all scopes...
2026-09-18 09:12:53.058 [info] Got 2 sessions for ...
2026-09-18 09:12:53.059 [info] Getting sessions for all scopes...
2026-09-18 09:12:53.059 [info] Got 2 sessions for ...
2026-09-18 09:13:21.679 [info] Getting sessions for all scopes...
2026-09-18 09:13:21.679 [info] Got 2 sessions for ...
2026-09-18 09:13:21.679 [info] Getting sessions for all scopes...
2026-09-18 09:13:21.679 [info] Got 2 sessions for ...
2026-09-18 09:13:23.096 [info] Getting sessions for all scopes...
2026-09-18 09:13:23.096 [info] Got 2 sessions for ...
2026-09-18 09:13:23.097 [info] Getting sessions for all scopes...
2026-09-18 09:13:23.097 [info] Got 2 sessions for ...
2026-09-18 09:13:36.066 [info] Getting sessions for all scopes...
2026-09-18 09:13:36.066 [info] Got 2 sessions for ...
2026-09-18 09:13:36.066 [info] Getting sessions for all scopes...
2026-09-18 09:13:36.066 [info] Got 2 sessions for ...
2026-09-18 09:13:46.178 [info] Getting sessions for all scopes...
2026-09-18 09:13:46.178 [info] Got 2 sessions for ...
2026-09-18 09:13:46.178 [info] Getting sessions for all scopes...
2026-09-18 09:13:46.178 [info] Got 2 sessions for ...
2026-09-18 09:14:28.261 [info] Getting sessions for all scopes...
2026-09-18 09:14:28.261 [info] Got 2 sessions for ...
2026-09-18 09:14:28.262 [info] Getting sessions for all scopes...
2026-09-18 09:14:28.262 [info] Got 2 sessions for ...
2026-09-18 09:14:35.681 [info] Getting sessions for all scopes...
2026-09-18 09:14:35.681 [info] Got 2 sessions for ...
2026-09-18 09:14:35.682 [info] Getting sessions for all scopes...
2026-09-18 09:14:35.682 [info] Got 2 sessions for ...
2026-09-18 09:15:01.096 [info] Getting sessions for all scopes...
2026-09-18 09:15:01.096 [info] Got 2 sessions for ...
2026-09-18 09:15:01.097 [info] Getting sessions for all scopes...
2026-09-18 09:15:01.097 [info] Got 2 sessions for ...
2026-09-18 09:15:09.172 [info] Getting sessions for all scopes...
2026-09-18 09:15:09.172 [info] Got 2 sessions for ...
2026-09-18 09:15:09.173 [info] Getting sessions for all scopes...
2026-09-18 09:15:09.173 [info] Got 2 sessions for ...
2026-09-18 09:15:14.328 [info] Getting sessions for all scopes...
2026-09-18 09:15:14.328 [info] Got 2 sessions for ...
2026-09-18 09:15:14.329 [info] Getting sessions for all scopes...
2026-09-18 09:15:14.329 [info] Got 2 sessions for ...
2026-09-18 09:15:23.104 [info] Getting sessions for all scopes...
2026-09-18 09:15:23.104 [info] Got 2 sessions for ...
2026-09-18 09:15:23.105 [info] Getting sessions for all scopes...
2026-09-18 09:15:23.105 [info] Got 2 sessions for ...
2026-09-18 09:15:31.540 [info] Getting sessions for all scopes...
2026-09-18 09:15:31.540 [info] Got 2 sessions for ...
2026-09-18 09:15:31.540 [info] Getting sessions for all scopes...
2026-09-18 09:15:31.540 [info] Got 2 sessions for ...
2026-09-18 09:15:53.811 [info] Getting sessions for all scopes...
2026-09-18 09:15:53.811 [info] Got 2 sessions for ...
2026-09-18 09:15:53.811 [info] Getting sessions for all scopes...
2026-09-18 09:15:53.812 [info] Got 2 sessions for ...
2026-09-18 09:17:13.207 [info] Getting sessions for all scopes...
2026-09-18 09:17:13.207 [info] Got 2 sessions for ...
2026-09-18 09:17:13.208 [info] Getting sessions for all scopes...
2026-09-18 09:17:13.208 [info] Got 2 sessions for ...
2026-09-18 09:18:25.546 [info] Getting sessions for all scopes...
2026-09-18 09:18:25.546 [info] Got 2 sessions for ...
2026-09-18 09:18:25.546 [info] Getting sessions for all scopes...
2026-09-18 09:18:25.546 [info] Got 2 sessions for ...
2026-09-18 09:18:55.151 [info] Getting sessions for all scopes...
2026-09-18 09:18:55.151 [info] Got 2 sessions for ...
2026-09-18 09:18:55.151 [info] Getting sessions for all scopes...
2026-09-18 09:18:55.152 [info] Got 2 sessions for ...
2026-09-18 09:19:37.230 [info] Getting sessions for all scopes...
2026-09-18 09:19:37.230 [info] Got 2 sessions for ...
2026-09-18 09:19:37.231 [info] Getting sessions for all scopes...
2026-09-18 09:19:37.231 [info] Got 2 sessions for ...
2026-09-18 09:19:53.498 [info] Getting sessions for all scopes...
2026-09-18 09:19:53.498 [info] Got 2 sessions for ...
2026-09-18 09:19:53.502 [info] Getting sessions for all scopes...
2026-09-18 09:19:53.502 [info] Got 2 sessions for ...
2026-09-18 09:22:05.124 [info] Getting sessions for all scopes...
2026-09-18 09:22:05.124 [info] Got 2 sessions for ...
2026-09-18 09:22:05.124 [info] Getting sessions for all scopes...
2026-09-18 09:22:05.124 [info] Got 2 sessions for ...
2026-09-18 09:24:36.623 [info] Getting sessions for all scopes...
2026-09-18 09:24:36.623 [info] Got 2 sessions for ...
2026-09-18 09:24:36.624 [info] Getting sessions for all scopes...
2026-09-18 09:24:36.624 [info] Got 2 sessions for ...
2026-09-18 09:32:52.513 [info] Getting sessions for all scopes...
2026-09-18 09:32:52.513 [info] Got 2 sessions for ...
2026-09-18 09:32:52.514 [info] Getting sessions for all scopes...
2026-09-18 09:32:52.514 [info] Got 2 sessions for ...
2026-09-18 09:33:41.177 [info] Getting sessions for all scopes...
2026-09-18 09:33:41.178 [info] Got 2 sessions for ...
2026-09-18 09:33:41.178 [info] Getting sessions for all scopes...
2026-09-18 09:33:41.178 [info] Got 2 sessions for ...
2026-09-18 09:34:19.270 [info] Getting sessions for all scopes...
2026-09-18 09:34:19.270 [info] Got 2 sessions for ...
2026-09-18 09:34:19.271 [info] Getting sessions for all scopes...
2026-09-18 09:34:19.271 [info] Got 2 sessions for ...
2026-09-18 09:34:41.581 [info] Getting sessions for all scopes...
2026-09-18 09:34:41.582 [info] Got 2 sessions for ...
2026-09-18 09:34:41.583 [info] Getting sessions for all scopes...
2026-09-18 09:34:41.583 [info] Got 2 sessions for ...
2026-09-18 09:37:14.028 [info] Getting sessions for all scopes...
2026-09-18 09:37:14.028 [info] Got 2 sessions for ...
2026-09-18 09:37:14.029 [info] Getting sessions for all scopes...
2026-09-18 09:37:14.029 [info] Got 2 sessions for ...
2026-09-18 09:37:31.429 [info] Getting sessions for all scopes...
2026-09-18 09:37:31.429 [info] Got 2 sessions for ...
2026-09-18 09:37:31.430 [info] Getting sessions for all scopes...
2026-09-18 09:37:31.430 [info] Got 2 sessions for ...
2026-09-18 09:37:55.789 [info] Getting sessions for all scopes...
2026-09-18 09:37:55.789 [info] Got 2 sessions for ...
2026-09-18 09:37:55.790 [info] Getting sessions for all scopes...
2026-09-18 09:37:55.790 [info] Got 2 sessions for ...
2026-09-18 09:38:37.592 [info] Getting sessions for all scopes...
2026-09-18 09:38:37.592 [info] Got 2 sessions for ...
2026-09-18 09:38:37.593 [info] Getting sessions for all scopes...
2026-09-18 09:38:37.602 [info] Got 2 sessions for ...
2026-09-18 09:38:39.770 [info] Getting sessions for all scopes...
2026-09-18 09:38:39.770 [info] Got 2 sessions for ...
2026-09-18 09:38:39.771 [info] Getting sessions for read:user,repo,user:email,workflow...
2026-09-18 09:38:39.771 [info] Got 1 sessions for read:user,repo,user:email,workflow...
2026-09-18 09:38:40.347 [info] Getting sessions for all scopes...
2026-09-18 09:38:40.347 [info] Got 2 sessions for ...
2026-09-18 09:38:40.349 [info] Getting sessions for read:user,repo,user:email,workflow...
2026-09-18 09:38:40.349 [info] Got 1 sessions for read:user,repo,user:email,workflow...
2026-09-18 09:39:09.376 [info] Getting sessions for all scopes...
2026-09-18 09:39:09.376 [info] Got 2 sessions for ...
2026-09-18 09:39:09.377 [info] Getting sessions for all scopes...
2026-09-18 09:39:09.377 [info] Got 2 sessions for ...
2026-09-18 09:39:25.418 [info] Getting sessions for all scopes...
2026-09-18 09:39:25.418 [info] Got 2 sessions for ...
2026-09-18 09:39:25.419 [info] Getting sessions for read:user,repo,user:email,workflow...
2026-09-18 09:39:25.419 [info] Got 1 sessions for read:user,repo,user:email,workflow...
2026-09-18 09:39:46.428 [info] Getting sessions for all scopes...
2026-09-18 09:39:46.428 [info] Got 2 sessions for ...
2026-09-18 09:39:46.430 [info] Getting sessions for read:user,repo,user:email,workflow...
2026-09-18 09:39:46.430 [info] Got 1 sessions for read:user,repo,user:email,workflow...
2026-09-18 09:39:46.748 [info] Getting sessions for all scopes...
2026-09-18 09:39:46.748 [info] Got 2 sessions for ...
2026-09-18 09:39:46.751 [info] Getting sessions for read:user,repo,user:email,workflow...
2026-09-18 09:39:46.751 [info] Got 1 sessions for read:user,repo,user:email,workflow...
2026-09-18 09:39:47.277 [info] Getting sessions for all scopes...
2026-09-18 09:39:47.277 [info] Got 2 sessions for ...
2026-09-18 09:39:47.279 [info] Getting sessions for read:user,repo,user:email,workflow...
2026-09-18 09:39:47.279 [info] Got 1 sessions for read:user,repo,user:email,workflow...
2026-09-18 09:39:48.214 [info] Getting sessions for all scopes...
2026-09-18 09:39:48.214 [info] Got 2 sessions for ...
2026-09-18 09:39:48.215 [info] Getting sessions for read:user,repo,user:email,workflow...
2026-09-18 09:39:48.215 [info] Got 1 sessions for read:user,repo,user:email,workflow...
2026-09-18 09:40:03.783 [info] Getting sessions for all scopes...
2026-09-18 09:40:03.783 [info] Got 2 sessions for ...
2026-09-18 09:40:03.786 [info] Getting sessions for read:user,repo,user:email,workflow...
2026-09-18 09:40:03.786 [info] Got 1 sessions for read:user,repo,user:email,workflow...
2026-09-18 09:40:04.830 [info] Getting sessions for all scopes...
2026-09-18 09:40:04.830 [info] Got 2 sessions for ...
2026-09-18 09:40:04.834 [info] Getting sessions for read:user,repo,user:email,workflow...
2026-09-18 09:40:04.834 [info] Got 1 sessions for read:user,repo,user:email,workflow...
2026-09-18 09:41:27.761 [info] Getting sessions for all scopes...
2026-09-18 09:41:27.761 [info] Got 2 sessions for ...
2026-09-18 09:41:27.765 [info] Getting sessions for all scopes...
2026-09-18 09:41:27.765 [info] Got 2 sessions for ...
2026-09-18 09:41:31.905 [info] Getting sessions for all scopes...
2026-09-18 09:41:31.905 [info] Got 2 sessions for ...
2026-09-18 09:41:31.905 [info] Getting sessions for all scopes...
2026-09-18 09:41:31.905 [info] Got 2 sessions for ...
2026-09-18 09:45:08.108 [info] Getting sessions for all scopes...
2026-09-18 09:45:08.108 [info] Got 2 sessions for ...
2026-09-18 09:45:08.109 [info] Getting sessions for all scopes...
2026-09-18 09:45:08.109 [info] Got 2 sessions for ...
2026-09-18 09:45:19.123 [info] Getting sessions for all scopes...
2026-09-18 09:45:19.123 [info] Got 2 sessions for ...
2026-09-18 09:45:19.125 [info] Getting sessions for all scopes...
2026-09-18 09:45:19.125 [info] Got 2 sessions for ...
2026-09-18 09:56:03.759 [info] Getting sessions for all scopes...
2026-09-18 09:56:03.760 [info] Got 2 sessions for ...
2026-09-18 09:56:03.760 [info] Getting sessions for all scopes...
2026-09-18 09:56:03.761 [info] Got 2 sessions for ...
2026-09-18 10:18:44.745 [info] Getting sessions for all scopes...
2026-09-18 10:18:44.745 [info] Got 2 sessions for ...
2026-09-18 10:18:44.746 [info] Getting sessions for all scopes...
2026-09-18 10:18:44.746 [info] Got 2 sessions for ...
2026-09-18 10:18:53.418 [info] Getting sessions for read:user,user:email...
2026-09-18 10:18:53.418 [info] Got 0 sessions for read:user,user:email...
2026-09-18 10:18:53.419 [info] Getting sessions for read:user,user:email...
2026-09-18 10:18:53.419 [info] Got 0 sessions for read:user,user:email...
2026-09-18 10:18:53.420 [info] Getting sessions for all scopes...
2026-09-18 10:18:53.420 [info] Got 2 sessions for ...
2026-09-18 10:18:53.421 [info] Getting sessions for all scopes...
2026-09-18 10:18:53.421 [info] Got 2 sessions for ...
2026-09-18 10:18:53.422 [info] Getting sessions for repo...
2026-09-18 10:18:53.422 [info] Got 0 sessions for repo...
2026-09-18 10:18:53.423 [info] Getting sessions for repo...
2026-09-18 10:18:53.423 [info] Got 0 sessions for repo...
2026-09-18 10:18:53.423 [info] Getting sessions for all scopes...
2026-09-18 10:18:53.423 [info] Got 2 sessions for ...
2026-09-18 10:18:53.423 [info] Getting sessions for all scopes...
2026-09-18 10:18:53.423 [info] Got 2 sessions for ...
2026-09-18 10:18:53.424 [info] Getting sessions for read:user,user:email...
2026-09-18 10:18:53.424 [info] Got 0 sessions for read:user,user:email...
2026-09-18 10:18:53.424 [info] Getting sessions for read:user,user:email...
2026-09-18 10:18:53.424 [info] Got 0 sessions for read:user,user:email...
2026-09-18 10:18:53.424 [info] Getting sessions for all scopes...
2026-09-18 10:18:53.424 [info] Got 2 sessions for ...
2026-09-18 10:18:53.424 [info] Getting sessions for all scopes...
2026-09-18 10:18:53.424 [info] Got 2 sessions for ...
2026-09-18 10:18:53.424 [info] Getting sessions for repo...
2026-09-18 10:18:53.424 [info] Got 0 sessions for repo...
2026-09-18 10:18:53.425 [info] Getting sessions for repo...
2026-09-18 10:18:53.425 [info] Got 0 sessions for repo...
2026-09-18 10:18:53.425 [info] Getting sessions for all scopes...
2026-09-18 10:18:53.425 [info] Got 2 sessions for ...
2026-09-18 10:18:53.425 [info] Getting sessions for all scopes...
2026-09-18 10:18:53.425 [info] Got 2 sessions for ...
2026-09-18 10:18:53.447 [info] Getting sessions for all scopes...
2026-09-18 10:18:53.447 [info] Got 2 sessions for ...
2026-09-18 10:18:53.448 [info] Getting sessions for all scopes...
2026-09-18 10:18:53.448 [info] Got 2 sessions for ...
2026-09-18 10:19:39.202 [info] Getting sessions for all scopes...
2026-09-18 10:19:39.202 [info] Got 2 sessions for ...
2026-09-18 10:19:39.204 [info] Getting sessions for all scopes...
2026-09-18 10:19:39.205 [info] Got 2 sessions for ...
2026-09-18 10:21:39.437 [info] Getting sessions for all scopes...
2026-09-18 10:21:39.437 [info] Got 2 sessions for ...
2026-09-18 10:21:39.438 [info] Getting sessions for all scopes...
2026-09-18 10:21:39.438 [info] Got 2 sessions for ...
2026-09-18 10:24:24.807 [info] Getting sessions for all scopes...
2026-09-18 10:24:24.807 [info] Got 2 sessions for ...
2026-09-18 10:24:24.807 [info] Getting sessions for all scopes...
2026-09-18 10:24:24.807 [info] Got 2 sessions for ...
2026-09-18 10:28:16.770 [info] Getting sessions for all scopes...
2026-09-18 10:28:16.770 [info] Got 2 sessions for ...
2026-09-18 10:28:16.771 [info] Getting sessions for all scopes...
2026-09-18 10:28:16.771 [info] Got 2 sessions for ...
2026-09-18 10:28:17.877 [info] Getting sessions for all scopes...
2026-09-18 10:28:17.877 [info] Got 2 sessions for ...
2026-09-18 10:28:17.878 [info] Getting sessions for all scopes...
2026-09-18 10:28:17.878 [info] Got 2 sessions for ...
2026-09-18 10:28:18.773 [info] Getting sessions for all scopes...
2026-09-18 10:28:18.774 [info] Got 2 sessions for ...
2026-09-18 10:28:18.775 [info] Getting sessions for all scopes...
2026-09-18 10:28:18.775 [info] Got 2 sessions for ...
2026-09-18 10:28:38.683 [info] Getting sessions for all scopes...
2026-09-18 10:28:38.683 [info] Got 2 sessions for ...
2026-09-18 10:28:38.684 [info] Getting sessions for all scopes...
2026-09-18 10:28:38.684 [info] Got 2 sessions for ...
2026-09-18 10:30:20.923 [info] Getting sessions for all scopes...
2026-09-18 10:30:20.924 [info] Got 2 sessions for ...
2026-09-18 10:30:20.925 [info] Getting sessions for all scopes...
2026-09-18 10:30:20.925 [info] Got 2 sessions for ...
2026-09-18 10:30:22.276 [info] Getting sessions for all scopes...
2026-09-18 10:30:22.276 [info] Got 2 sessions for ...
2026-09-18 10:30:22.277 [info] Getting sessions for all scopes...
2026-09-18 10:30:22.277 [info] Got 2 sessions for ...
2026-09-18 10:31:35.104 [info] Getting sessions for all scopes...
2026-09-18 10:31:35.104 [info] Got 2 sessions for ...
2026-09-18 10:31:35.104 [info] Getting sessions for all scopes...
2026-09-18 10:31:35.104 [info] Got 2 sessions for ...
2026-09-18 10:33:23.279 [info] Getting sessions for all scopes...
2026-09-18 10:33:23.279 [info] Got 2 sessions for ...
2026-09-18 10:33:23.280 [info] Getting sessions for all scopes...
2026-09-18 10:33:23.280 [info] Got 2 sessions for ...
2026-09-18 10:33:46.224 [info] Getting sessions for all scopes...
2026-09-18 10:33:46.224 [info] Got 2 sessions for ...
2026-09-18 10:33:46.224 [info] Getting sessions for all scopes...
2026-09-18 10:33:46.225 [info] Got 2 sessions for ...
2026-09-18 10:37:34.901 [info] Getting sessions for all scopes...
2026-09-18 10:37:34.901 [info] Got 2 sessions for ...
2026-09-18 10:37:34.901 [info] Getting sessions for all scopes...
2026-09-18 10:37:34.901 [info] Got 2 sessions for ...
2026-09-18 10:37:49.324 [info] Getting sessions for all scopes...
2026-09-18 10:37:49.324 [info] Got 2 sessions for ...
2026-09-18 10:37:49.328 [info] Getting sessions for all scopes...
2026-09-18 10:37:49.328 [info] Got 2 sessions for ...
2026-09-18 10:41:32.631 [info] Getting sessions for all scopes...
2026-09-18 10:41:32.631 [info] Got 2 sessions for ...
2026-09-18 10:41:32.632 [info] Getting sessions for all scopes...
2026-09-18 10:41:32.632 [info] Got 2 sessions for ...
2026-09-18 10:44:35.574 [info] Getting sessions for all scopes...
2026-09-18 10:44:35.574 [info] Got 2 sessions for ...
2026-09-18 10:44:35.575 [info] Getting sessions for all scopes...
2026-09-18 10:44:35.575 [info] Got 2 sessions for ...
2026-09-18 10:44:42.797 [info] Getting sessions for all scopes...
2026-09-18 10:44:42.797 [info] Got 2 sessions for ...
2026-09-18 10:44:42.797 [info] Getting sessions for all scopes...
2026-09-18 10:44:42.797 [info] Got 2 sessions for ...
2026-09-18 10:44:58.904 [info] Getting sessions for all scopes...
2026-09-18 10:44:58.904 [info] Got 2 sessions for ...
2026-09-18 10:44:58.905 [info] Getting sessions for all scopes...
2026-09-18 10:44:58.905 [info] Got 2 sessions for ...
2026-09-18 10:45:05.505 [info] Getting sessions for all scopes...
2026-09-18 10:45:05.505 [info] Got 2 sessions for ...
2026-09-18 10:45:05.506 [info] Getting sessions for all scopes...
2026-09-18 10:45:05.506 [info] Got 2 sessions for ...
2026-09-18 10:48:40.922 [info] Getting sessions for all scopes...
2026-09-18 10:48:40.922 [info] Got 2 sessions for ...
2026-09-18 10:48:40.923 [info] Getting sessions for all scopes...
2026-09-18 10:48:40.923 [info] Got 2 sessions for ...
2026-09-18 10:49:07.039 [info] Getting sessions for all scopes...
2026-09-18 10:49:07.039 [info] Got 2 sessions for ...
2026-09-18 10:49:07.040 [info] Getting sessions for all scopes...
2026-09-18 10:49:07.040 [info] Got 2 sessions for ...
2026-09-18 10:49:13.110 [info] Getting sessions for all scopes...
2026-09-18 10:49:13.110 [info] Got 2 sessions for ...
2026-09-18 10:49:13.111 [info] Getting sessions for all scopes...
2026-09-18 10:49:13.111 [info] Got 2 sessions for ...
2026-09-18 11:00:10.466 [info] Getting sessions for all scopes...
2026-09-18 11:00:10.466 [info] Got 2 sessions for ...
2026-09-18 11:00:10.467 [info] Getting sessions for all scopes...
2026-09-18 11:00:10.467 [info] Got 2 sessions for ...
2026-09-18 11:00:48.241 [info] Getting sessions for all scopes...
2026-09-18 11:00:48.241 [info] Got 2 sessions for ...
2026-09-18 11:00:48.241 [info] Getting sessions for all scopes...
2026-09-18 11:00:48.241 [info] Got 2 sessions for ...
2026-09-18 11:01:14.363 [info] Getting sessions for all scopes...
2026-09-18 11:01:14.363 [info] Got 2 sessions for ...
2026-09-18 11:01:14.363 [info] Getting sessions for all scopes...
2026-09-18 11:01:14.363 [info] Got 2 sessions for ...
2026-09-18 11:03:21.037 [info] Getting sessions for all scopes...
2026-09-18 11:03:21.038 [info] Got 2 sessions for ...
2026-09-18 11:03:21.038 [info] Getting sessions for all scopes...
2026-09-18 11:03:21.038 [info] Got 2 sessions for ...
2026-09-18 11:03:50.989 [info] Getting sessions for all scopes...
2026-09-18 11:03:50.989 [info] Got 2 sessions for ...
2026-09-18 11:03:50.994 [info] Getting sessions for all scopes...
2026-09-18 11:03:50.994 [info] Got 2 sessions for ...
2026-09-18 11:04:02.578 [info] Getting sessions for all scopes...
2026-09-18 11:04:02.579 [info] Got 2 sessions for ...
2026-09-18 11:04:02.591 [info] Getting sessions for all scopes...
2026-09-18 11:04:02.591 [info] Got 2 sessions for ...
2026-09-18 11:04:18.066 [info] Getting sessions for all scopes...
2026-09-18 11:04:18.067 [info] Got 2 sessions for ...
2026-09-18 11:04:18.079 [info] Getting sessions for all scopes...
2026-09-18 11:04:18.079 [info] Got 2 sessions for ...
2026-09-18 11:04:21.526 [info] Getting sessions for all scopes...
2026-09-18 11:04:21.526 [info] Got 2 sessions for ...
2026-09-18 11:04:21.568 [info] Getting sessions for all scopes...
2026-09-18 11:04:21.568 [info] Got 2 sessions for ...
2026-09-18 11:04:54.207 [info] Getting sessions for all scopes...
2026-09-18 11:04:54.207 [info] Got 2 sessions for ...
2026-09-18 11:04:54.216 [info] Getting sessions for all scopes...
2026-09-18 11:04:54.216 [info] Got 2 sessions for ...
2026-09-18 11:10:45.915 [info] Getting sessions for all scopes...
2026-09-18 11:10:45.915 [info] Got 2 sessions for ...
2026-09-18 11:10:45.916 [info] Getting sessions for all scopes...
2026-09-18 11:10:45.916 [info] Got 2 sessions for ...
2026-09-18 11:15:31.184 [info] Getting sessions for all scopes...
2026-09-18 11:15:31.184 [info] Got 2 sessions for ...
2026-09-18 11:15:31.184 [info] Getting sessions for all scopes...
2026-09-18 11:15:31.184 [info] Got 2 sessions for ...
2026-09-18 11:15:52.344 [info] Getting sessions for all scopes...
2026-09-18 11:15:52.345 [info] Got 2 sessions for ...
2026-09-18 11:15:52.346 [info] Getting sessions for all scopes...
2026-09-18 11:15:52.346 [info] Got 2 sessions for ...
2026-09-18 11:17:01.825 [info] Getting sessions for all scopes...
2026-09-18 11:17:01.825 [info] Got 2 sessions for ...
2026-09-18 11:17:01.827 [info] Getting sessions for all scopes...
2026-09-18 11:17:01.827 [info] Got 2 sessions for ...
2026-09-18 11:17:26.712 [info] Getting sessions for all scopes...
2026-09-18 11:17:26.712 [info] Got 2 sessions for ...
2026-09-18 11:17:26.712 [info] Getting sessions for all scopes...
2026-09-18 11:17:26.712 [info] Got 2 sessions for ...
2026-09-18 11:17:49.175 [info] Getting sessions for all scopes...
2026-09-18 11:17:49.175 [info] Got 2 sessions for ...
2026-09-18 11:17:49.176 [info] Getting sessions for all scopes...
2026-09-18 11:17:49.176 [info] Got 2 sessions for ...
2026-09-18 11:18:26.716 [info] Getting sessions for all scopes...
2026-09-18 11:18:26.716 [info] Got 2 sessions for ...
2026-09-18 11:18:26.717 [info] Getting sessions for all scopes...
2026-09-18 11:18:26.717 [info] Got 2 sessions for ...
2026-09-18 11:21:23.115 [info] Getting sessions for all scopes...
2026-09-18 11:21:23.115 [info] Got 2 sessions for ...
2026-09-18 11:21:23.116 [info] Getting sessions for all scopes...
2026-09-18 11:21:23.116 [info] Got 2 sessions for ...
2026-09-18 11:21:30.082 [info] Getting sessions for read:user,user:email...
2026-09-18 11:21:30.082 [info] Got 0 sessions for read:user,user:email...
2026-09-18 11:21:30.082 [info] Getting sessions for read:user,user:email...
2026-09-18 11:21:30.082 [info] Got 0 sessions for read:user,user:email...
2026-09-18 11:21:30.098 [info] Getting sessions for all scopes...
2026-09-18 11:21:30.098 [info] Got 2 sessions for ...
2026-09-18 11:21:30.098 [info] Getting sessions for all scopes...
2026-09-18 11:21:30.098 [info] Got 2 sessions for ...
2026-09-18 11:21:30.100 [info] Getting sessions for repo...
2026-09-18 11:21:30.100 [info] Got 0 sessions for repo...
2026-09-18 11:21:30.100 [info] Getting sessions for repo...
2026-09-18 11:21:30.100 [info] Got 0 sessions for repo...
2026-09-18 11:21:30.100 [info] Getting sessions for all scopes...
2026-09-18 11:21:30.100 [info] Got 2 sessions for ...
2026-09-18 11:21:30.100 [info] Getting sessions for all scopes...
2026-09-18 11:21:30.100 [info] Got 2 sessions for ...
2026-09-18 11:21:30.100 [info] Getting sessions for read:user,user:email...
2026-09-18 11:21:30.100 [info] Got 0 sessions for read:user,user:email...
2026-09-18 11:21:30.100 [info] Getting sessions for read:user,user:email...
2026-09-18 11:21:30.100 [info] Got 0 sessions for read:user,user:email...
2026-09-18 11:21:30.101 [info] Getting sessions for all scopes...
2026-09-18 11:21:30.101 [info] Got 2 sessions for ...
2026-09-18 11:21:30.101 [info] Getting sessions for all scopes...
2026-09-18 11:21:30.101 [info] Got 2 sessions for ...
2026-09-18 11:21:30.101 [info] Getting sessions for repo...
2026-09-18 11:21:30.101 [info] Got 0 sessions for repo...
2026-09-18 11:21:30.101 [info] Getting sessions for repo...
2026-09-18 11:21:30.101 [info] Got 0 sessions for repo...
2026-09-18 11:21:30.101 [info] Getting sessions for all scopes...
2026-09-18 11:21:30.101 [info] Got 2 sessions for ...
2026-09-18 11:21:30.101 [info] Getting sessions for all scopes...
2026-09-18 11:21:30.101 [info] Got 2 sessions for ...
2026-09-18 11:30:16.107 [info] Getting sessions for all scopes...
2026-09-18 11:30:16.107 [info] Got 2 sessions for ...
2026-09-18 11:30:16.109 [info] Getting sessions for all scopes...
2026-09-18 11:30:16.109 [info] Got 2 sessions for ...
2026-09-18 11:31:49.388 [info] Getting sessions for all scopes...
2026-09-18 11:31:49.388 [info] Got 2 sessions for ...
2026-09-18 11:31:49.388 [info] Getting sessions for all scopes...
2026-09-18 11:31:49.388 [info] Got 2 sessions for ...
2026-09-18 11:31:50.487 [info] Getting sessions for all scopes...
2026-09-18 11:31:50.487 [info] Got 2 sessions for ...
2026-09-18 11:31:50.487 [info] Getting sessions for all scopes...
2026-09-18 11:31:50.487 [info] Got 2 sessions for ...
2026-09-18 11:35:02.359 [info] Getting sessions for all scopes...
2026-09-18 11:35:02.359 [info] Got 2 sessions for ...
2026-09-18 11:35:02.359 [info] Getting sessions for all scopes...
2026-09-18 11:35:02.359 [info] Got 2 sessions for ...
2026-09-18 11:35:53.172 [info] Getting sessions for all scopes...
2026-09-18 11:35:53.172 [info] Got 2 sessions for ...
2026-09-18 11:35:53.173 [info] Getting sessions for all scopes...
2026-09-18 11:35:53.173 [info] Got 2 sessions for ...
2026-09-18 11:35:53.747 [info] Getting sessions for all scopes...
2026-09-18 11:35:53.747 [info] Got 2 sessions for ...
2026-09-18 11:35:53.747 [info] Getting sessions for all scopes...
2026-09-18 11:35:53.747 [info] Got 2 sessions for ...
2026-09-18 11:37:07.709 [info] Getting sessions for all scopes...
2026-09-18 11:37:07.709 [info] Got 2 sessions for ...
2026-09-18 11:37:07.710 [info] Getting sessions for all scopes...
2026-09-18 11:37:07.710 [info] Got 2 sessions for ...
2026-09-18 11:37:24.022 [info] Getting sessions for all scopes...
2026-09-18 11:37:24.022 [info] Got 2 sessions for ...
2026-09-18 11:37:24.023 [info] Getting sessions for all scopes...
2026-09-18 11:37:24.023 [info] Got 2 sessions for ...
2026-09-18 11:39:04.011 [info] Getting sessions for all scopes...
2026-09-18 11:39:04.011 [info] Got 2 sessions for ...
2026-09-18 11:39:04.015 [info] Getting sessions for all scopes...
2026-09-18 11:39:04.015 [info] Got 2 sessions for ...
2026-09-18 11:41:19.793 [info] Getting sessions for all scopes...
2026-09-18 11:41:19.793 [info] Got 2 sessions for ...
2026-09-18 11:41:19.795 [info] Getting sessions for all scopes...
2026-09-18 11:41:19.795 [info] Got 2 sessions for ...
2026-09-18 11:41:50.764 [info] Getting sessions for all scopes...
2026-09-18 11:41:50.764 [info] Got 2 sessions for ...
2026-09-18 11:41:50.765 [info] Getting sessions for all scopes...
2026-09-18 11:41:50.765 [info] Got 2 sessions for ...
2026-09-18 11:44:43.701 [info] Getting sessions for all scopes...
2026-09-18 11:44:43.701 [info] Got 2 sessions for ...
2026-09-18 11:44:43.703 [info] Getting sessions for all scopes...
2026-09-18 11:44:43.703 [info] Got 2 sessions for ...
2026-09-18 12:28:45.116 [info] Getting sessions for all scopes...
2026-09-18 12:28:45.116 [info] Got 2 sessions for ...
2026-09-18 12:28:45.116 [info] Getting sessions for all scopes...
2026-09-18 12:28:45.116 [info] Got 2 sessions for ...
2026-09-18 12:28:52.111 [info] Getting sessions for read:user,user:email...
2026-09-18 12:28:52.111 [info] Got 0 sessions for read:user,user:email...
2026-09-18 12:28:52.111 [info] Getting sessions for read:user,user:email...
2026-09-18 12:28:52.111 [info] Got 0 sessions for read:user,user:email...
2026-09-18 12:28:52.114 [info] Getting sessions for all scopes...
2026-09-18 12:28:52.114 [info] Got 2 sessions for ...
2026-09-18 12:28:52.114 [info] Getting sessions for all scopes...
2026-09-18 12:28:52.114 [info] Got 2 sessions for ...
2026-09-18 12:28:52.114 [info] Getting sessions for repo...
2026-09-18 12:28:52.114 [info] Got 0 sessions for repo...
2026-09-18 12:28:52.115 [info] Getting sessions for repo...
2026-09-18 12:28:52.115 [info] Got 0 sessions for repo...
2026-09-18 12:28:52.115 [info] Getting sessions for all scopes...
2026-09-18 12:28:52.115 [info] Got 2 sessions for ...
2026-09-18 12:28:52.115 [info] Getting sessions for all scopes...
2026-09-18 12:28:52.115 [info] Got 2 sessions for ...
2026-09-18 12:28:52.115 [info] Getting sessions for read:user,user:email...
2026-09-18 12:28:52.115 [info] Got 0 sessions for read:user,user:email...
2026-09-18 12:28:52.115 [info] Getting sessions for read:user,user:email...
2026-09-18 12:28:52.115 [info] Got 0 sessions for read:user,user:email...
2026-09-18 12:28:52.115 [info] Getting sessions for all scopes...
2026-09-18 12:28:52.115 [info] Got 2 sessions for ...
2026-09-18 12:28:52.116 [info] Getting sessions for all scopes...
2026-09-18 12:28:52.116 [info] Got 2 sessions for ...
2026-09-18 12:28:52.116 [info] Getting sessions for repo...
2026-09-18 12:28:52.116 [info] Got 0 sessions for repo...
2026-09-18 12:28:52.116 [info] Getting sessions for repo...
2026-09-18 12:28:52.116 [info] Got 0 sessions for repo...
2026-09-18 12:28:52.116 [info] Getting sessions for all scopes...
2026-09-18 12:28:52.116 [info] Got 2 sessions for ...
2026-09-18 12:28:52.116 [info] Getting sessions for all scopes...
2026-09-18 12:28:52.116 [info] Got 2 sessions for ...
2026-09-18 12:29:37.513 [info] Getting sessions for all scopes...
2026-09-18 12:29:37.513 [info] Got 2 sessions for ...
2026-09-18 12:29:37.518 [info] Getting sessions for all scopes...
2026-09-18 12:29:37.518 [info] Got 2 sessions for ...
2026-09-18 12:29:50.670 [info] Getting sessions for all scopes...
2026-09-18 12:29:50.670 [info] Got 2 sessions for ...
2026-09-18 12:29:50.671 [info] Getting sessions for all scopes...
2026-09-18 12:29:50.671 [info] Got 2 sessions for ...
2026-09-18 12:29:55.502 [info] Getting sessions for all scopes...
2026-09-18 12:29:55.502 [info] Got 2 sessions for ...
2026-09-18 12:29:55.502 [info] Getting sessions for all scopes...
2026-09-18 12:29:55.502 [info] Got 2 sessions for ...
2026-09-18 12:30:00.728 [info] Getting sessions for all scopes...
2026-09-18 12:30:00.728 [info] Got 2 sessions for ...
2026-09-18 12:30:00.729 [info] Getting sessions for all scopes...
2026-09-18 12:30:00.729 [info] Got 2 sessions for ...
2026-09-18 12:30:09.313 [info] Getting sessions for all scopes...
2026-09-18 12:30:09.313 [info] Got 2 sessions for ...
2026-09-18 12:30:09.317 [info] Getting sessions for all scopes...
2026-09-18 12:30:09.317 [info] Got 2 sessions for ...
2026-09-18 12:30:19.032 [info] Getting sessions for all scopes...
2026-09-18 12:30:19.033 [info] Got 2 sessions for ...
2026-09-18 12:30:19.034 [info] Getting sessions for all scopes...
2026-09-18 12:30:19.067 [info] Got 2 sessions for ...
2026-09-18 12:30:37.794 [info] Getting sessions for all scopes...
2026-09-18 12:30:37.794 [info] Got 2 sessions for ...
2026-09-18 12:30:37.795 [info] Getting sessions for all scopes...
2026-09-18 12:30:37.795 [info] Got 2 sessions for ...
2026-09-18 12:31:12.625 [info] Getting sessions for all scopes...
2026-09-18 12:31:12.625 [info] Got 2 sessions for ...
2026-09-18 12:31:12.626 [info] Getting sessions for all scopes...
2026-09-18 12:31:12.626 [info] Got 2 sessions for ...
2026-09-18 12:32:43.089 [info] Getting sessions for all scopes...
2026-09-18 12:32:43.089 [info] Got 2 sessions for ...
2026-09-18 12:32:43.090 [info] Getting sessions for all scopes...
2026-09-18 12:32:43.090 [info] Got 2 sessions for ...
2026-09-18 12:33:10.727 [info] Getting sessions for all scopes...
2026-09-18 12:33:10.727 [info] Got 2 sessions for ...
2026-09-18 12:33:10.728 [info] Getting sessions for all scopes...
2026-09-18 12:33:10.728 [info] Got 2 sessions for ...
2026-09-18 12:33:27.264 [info] Getting sessions for all scopes...
2026-09-18 12:33:27.265 [info] Got 2 sessions for ...
2026-09-18 12:33:27.267 [info] Getting sessions for all scopes...
2026-09-18 12:33:27.267 [info] Got 2 sessions for ...
2026-09-18 12:33:33.132 [info] Getting sessions for all scopes...
2026-09-18 12:33:33.133 [info] Got 2 sessions for ...
2026-09-18 12:33:33.133 [info] Getting sessions for all scopes...
2026-09-18 12:33:33.133 [info] Got 2 sessions for ...
2026-09-18 12:33:53.293 [info] Getting sessions for all scopes...
2026-09-18 12:33:53.293 [info] Got 2 sessions for ...
2026-09-18 12:33:53.294 [info] Getting sessions for all scopes...
2026-09-18 12:33:53.294 [info] Got 2 sessions for ...
2026-09-18 12:34:02.235 [info] Getting sessions for all scopes...
2026-09-18 12:34:02.236 [info] Got 2 sessions for ...
2026-09-18 12:34:02.239 [info] Getting sessions for all scopes...
2026-09-18 12:34:02.239 [info] Got 2 sessions for ...
2026-09-18 12:34:14.139 [info] Getting sessions for all scopes...
2026-09-18 12:34:14.139 [info] Got 2 sessions for ...
2026-09-18 12:34:14.140 [info] Getting sessions for all scopes...
2026-09-18 12:34:14.140 [info] Got 2 sessions for ...
2026-09-18 12:34:28.387 [info] Getting sessions for all scopes...
2026-09-18 12:34:28.387 [info] Got 2 sessions for ...
2026-09-18 12:34:28.388 [info] Getting sessions for all scopes...
2026-09-18 12:34:28.388 [info] Got 2 sessions for ...
2026-09-18 12:34:38.945 [info] Getting sessions for read:user,user:email...
2026-09-18 12:34:38.945 [info] Got 0 sessions for read:user,user:email...
2026-09-18 12:34:38.946 [info] Getting sessions for all scopes...
2026-09-18 12:34:38.946 [info] Got 2 sessions for ...
2026-09-18 12:34:38.951 [info] Getting sessions for repo...
2026-09-18 12:34:38.951 [info] Got 0 sessions for repo...
2026-09-18 12:34:38.958 [info] Getting sessions for all scopes...
2026-09-18 12:34:38.958 [info] Got 2 sessions for ...
2026-09-18 12:34:38.963 [info] Getting sessions for read:user,user:email...
2026-09-18 12:34:38.963 [info] Got 0 sessions for read:user,user:email...
2026-09-18 12:34:38.965 [info] Getting sessions for all scopes...
2026-09-18 12:34:38.965 [info] Got 2 sessions for ...
2026-09-18 12:34:38.966 [info] Getting sessions for repo...
2026-09-18 12:34:38.966 [info] Got 0 sessions for repo...
2026-09-18 12:34:38.969 [info] Getting sessions for all scopes...
2026-09-18 12:34:38.969 [info] Got 2 sessions for ...
2026-09-18 12:34:39.196 [info] Getting sessions for read:user,user:email...
2026-09-18 12:34:39.196 [info] Got 0 sessions for read:user,user:email...
2026-09-18 12:34:39.197 [info] Getting sessions for all scopes...
2026-09-18 12:34:39.197 [info] Got 2 sessions for ...
2026-09-18 12:34:39.198 [info] Getting sessions for repo...
2026-09-18 12:34:39.199 [info] Got 0 sessions for repo...
2026-09-18 12:34:39.199 [info] Getting sessions for all scopes...
2026-09-18 12:34:39.199 [info] Got 2 sessions for ...
2026-09-18 12:34:39.200 [info] Getting sessions for read:user,user:email...
2026-09-18 12:34:39.200 [info] Got 0 sessions for read:user,user:email...
2026-09-18 12:34:39.200 [info] Getting sessions for all scopes...
2026-09-18 12:34:39.200 [info] Got 2 sessions for ...
2026-09-18 12:34:39.201 [info] Getting sessions for repo...
2026-09-18 12:34:39.201 [info] Got 0 sessions for repo...
2026-09-18 12:34:39.202 [info] Getting sessions for all scopes...
2026-09-18 12:34:39.202 [info] Got 2 sessions for ...
2026-09-18 12:35:18.433 [info] Getting sessions for all scopes...
2026-09-18 12:35:18.433 [info] Got 2 sessions for ...
2026-09-18 12:35:18.434 [info] Getting sessions for all scopes...
2026-09-18 12:35:18.434 [info] Got 2 sessions for ...
2026-09-18 12:35:19.551 [info] Getting sessions for all scopes...
2026-09-18 12:35:19.551 [info] Got 2 sessions for ...
2026-09-18 12:35:19.552 [info] Getting sessions for all scopes...
2026-09-18 12:35:19.552 [info] Got 2 sessions for ...
2026-09-18 12:35:38.378 [info] Getting sessions for all scopes...
2026-09-18 12:35:38.378 [info] Got 2 sessions for ...
2026-09-18 12:35:38.379 [info] Getting sessions for all scopes...
2026-09-18 12:35:38.379 [info] Got 2 sessions for ...
2026-09-18 12:35:47.475 [info] Getting sessions for all scopes...
2026-09-18 12:35:47.475 [info] Got 2 sessions for ...
2026-09-18 12:35:47.475 [info] Getting sessions for all scopes...
2026-09-18 12:35:47.475 [info] Got 2 sessions for ...
2026-09-18 12:36:03.989 [info] Getting sessions for all scopes...
2026-09-18 12:36:03.989 [info] Got 2 sessions for ...
2026-09-18 12:36:03.995 [info] Getting sessions for all scopes...
2026-09-18 12:36:03.995 [info] Got 2 sessions for ...
2026-09-18 12:36:05.286 [info] Getting sessions for all scopes...
2026-09-18 12:36:05.286 [info] Got 2 sessions for ...
2026-09-18 12:36:05.286 [info] Getting sessions for all scopes...
2026-09-18 12:36:05.287 [info] Got 2 sessions for ...
2026-09-18 12:36:15.813 [info] Getting sessions for all scopes...
2026-09-18 12:36:15.813 [info] Got 2 sessions for ...
2026-09-18 12:36:15.814 [info] Getting sessions for all scopes...
2026-09-18 12:36:15.814 [info] Got 2 sessions for ...
2026-09-18 12:36:27.179 [info] Getting sessions for all scopes...
2026-09-18 12:36:27.179 [info] Got 2 sessions for ...
2026-09-18 12:36:27.182 [info] Getting sessions for all scopes...
2026-09-18 12:36:27.182 [info] Got 2 sessions for ...
2026-09-18 12:36:36.050 [info] Getting sessions for all scopes...
2026-09-18 12:36:36.050 [info] Got 2 sessions for ...
2026-09-18 12:36:36.051 [info] Getting sessions for all scopes...
2026-09-18 12:36:36.051 [info] Got 2 sessions for ...
2026-09-18 12:36:46.970 [info] Getting sessions for all scopes...
2026-09-18 12:36:46.970 [info] Got 2 sessions for ...
2026-09-18 12:36:46.973 [info] Getting sessions for all scopes...
2026-09-18 12:36:46.973 [info] Got 2 sessions for ...
2026-09-18 12:37:03.887 [info] Getting sessions for all scopes...
2026-09-18 12:37:03.887 [info] Got 2 sessions for ...
2026-09-18 12:37:03.889 [info] Getting sessions for all scopes...
2026-09-18 12:37:03.889 [info] Got 2 sessions for ...
2026-09-18 12:37:04.636 [info] Getting sessions for all scopes...
2026-09-18 12:37:04.636 [info] Got 2 sessions for ...
2026-09-18 12:37:04.637 [info] Getting sessions for all scopes...
2026-09-18 12:37:04.637 [info] Got 2 sessions for ...
2026-09-18 12:37:48.529 [info] Getting sessions for all scopes...
2026-09-18 12:37:48.529 [info] Got 2 sessions for ...
2026-09-18 12:37:48.530 [info] Getting sessions for all scopes...
2026-09-18 12:37:48.530 [info] Got 2 sessions for ...
2026-09-18 12:40:27.943 [info] Getting sessions for all scopes...
2026-09-18 12:40:27.943 [info] Got 2 sessions for ...
2026-09-18 12:40:27.948 [info] Getting sessions for all scopes...
2026-09-18 12:40:27.948 [info] Got 2 sessions for ...
2026-09-18 12:40:33.105 [info] Getting sessions for all scopes...
2026-09-18 12:40:33.105 [info] Got 2 sessions for ...
2026-09-18 12:40:33.106 [info] Getting sessions for all scopes...
2026-09-18 12:40:33.106 [info] Got 2 sessions for ...
2026-09-18 12:40:36.530 [info] Getting sessions for all scopes...
2026-09-18 12:40:36.530 [info] Got 2 sessions for ...
2026-09-18 12:40:36.531 [info] Getting sessions for all scopes...
2026-09-18 12:40:36.531 [info] Got 2 sessions for ...
2026-09-18 12:40:37.172 [info] Getting sessions for all scopes...
2026-09-18 12:40:37.172 [info] Got 2 sessions for ...
2026-09-18 12:40:37.173 [info] Getting sessions for all scopes...
2026-09-18 12:40:37.173 [info] Got 2 sessions for ...
2026-09-18 12:51:31.805 [info] Getting sessions for all scopes...
2026-09-18 12:51:31.805 [info] Got 2 sessions for ...
2026-09-18 12:51:31.808 [info] Getting sessions for all scopes...
2026-09-18 12:51:31.808 [info] Got 2 sessions for ...
2026-09-18 12:58:05.958 [info] Getting sessions for all scopes...
2026-09-18 12:58:05.958 [info] Got 2 sessions for ...
2026-09-18 12:58:05.959 [info] Getting sessions for all scopes...
2026-09-18 12:58:05.959 [info] Got 2 sessions for ...
2026-09-18 12:59:11.333 [info] Getting sessions for all scopes...
2026-09-18 12:59:11.334 [info] Got 2 sessions for ...
2026-09-18 12:59:11.335 [info] Getting sessions for all scopes...
2026-09-18 12:59:11.335 [info] Got 2 sessions for ...
2026-09-18 12:59:14.668 [info] Getting sessions for all scopes...
2026-09-18 12:59:14.668 [info] Got 2 sessions for ...
2026-09-18 12:59:14.669 [info] Getting sessions for all scopes...
2026-09-18 12:59:14.670 [info] Got 2 sessions for ...
2026-09-18 12:59:18.979 [info] Getting sessions for all scopes...
2026-09-18 12:59:18.979 [info] Got 2 sessions for ...
2026-09-18 12:59:18.980 [info] Getting sessions for all scopes...
2026-09-18 12:59:18.980 [info] Got 2 sessions for ...
2026-09-18 12:59:49.102 [info] Getting sessions for all scopes...
2026-09-18 12:59:49.102 [info] Got 2 sessions for ...
2026-09-18 12:59:49.103 [info] Getting sessions for all scopes...
2026-09-18 12:59:49.103 [info] Got 2 sessions for ...
2026-09-18 13:00:02.305 [info] Getting sessions for all scopes...
2026-09-18 13:00:02.305 [info] Got 2 sessions for ...
2026-09-18 13:00:02.306 [info] Getting sessions for all scopes...
2026-09-18 13:00:02.306 [info] Got 2 sessions for ...
2026-09-18 13:01:31.337 [info] Getting sessions for all scopes...
2026-09-18 13:01:31.338 [info] Got 2 sessions for ...
2026-09-18 13:01:31.338 [info] Getting sessions for all scopes...
2026-09-18 13:01:31.339 [info] Got 2 sessions for ...
2026-09-18 13:02:29.016 [info] Getting sessions for all scopes...
2026-09-18 13:02:29.016 [info] Got 2 sessions for ...
2026-09-18 13:02:29.017 [info] Getting sessions for all scopes...
2026-09-18 13:02:29.017 [info] Got 2 sessions for ...
2026-09-18 13:11:10.775 [info] Getting sessions for all scopes...
2026-09-18 13:11:10.775 [info] Got 2 sessions for ...
2026-09-18 13:11:10.775 [info] Getting sessions for all scopes...
2026-09-18 13:11:10.775 [info] Got 2 sessions for ...
2026-09-18 13:11:14.965 [info] Getting sessions for all scopes...
2026-09-18 13:11:14.965 [info] Got 2 sessions for ...
2026-09-18 13:11:14.965 [info] Getting sessions for all scopes...
2026-09-18 13:11:14.965 [info] Got 2 sessions for ...
2026-09-18 13:11:54.657 [info] Getting sessions for all scopes...
2026-09-18 13:11:54.658 [info] Got 2 sessions for ...
2026-09-18 13:11:54.659 [info] Getting sessions for all scopes...
2026-09-18 13:11:54.659 [info] Got 2 sessions for ...
2026-09-18 13:32:27.876 [info] Getting sessions for all scopes...
2026-09-18 13:32:27.877 [info] Got 2 sessions for ...
2026-09-18 13:32:27.879 [info] Getting sessions for all scopes...
2026-09-18 13:32:27.879 [info] Got 2 sessions for ...
2026-09-18 13:32:35.900 [info] Getting sessions for read:user,user:email...
2026-09-18 13:32:35.900 [info] Got 0 sessions for read:user,user:email...
2026-09-18 13:32:35.901 [info] Getting sessions for read:user,user:email...
2026-09-18 13:32:35.901 [info] Got 0 sessions for read:user,user:email...
2026-09-18 13:32:35.905 [info] Getting sessions for all scopes...
2026-09-18 13:32:35.905 [info] Got 2 sessions for ...
2026-09-18 13:32:35.906 [info] Getting sessions for all scopes...
2026-09-18 13:32:35.906 [info] Got 2 sessions for ...
2026-09-18 13:32:35.906 [info] Getting sessions for repo...
2026-09-18 13:32:35.906 [info] Got 0 sessions for repo...
2026-09-18 13:32:35.907 [info] Getting sessions for repo...
2026-09-18 13:32:35.907 [info] Got 0 sessions for repo...
2026-09-18 13:32:35.907 [info] Getting sessions for all scopes...
2026-09-18 13:32:35.907 [info] Got 2 sessions for ...
2026-09-18 13:32:35.908 [info] Getting sessions for all scopes...
2026-09-18 13:32:35.908 [info] Got 2 sessions for ...
2026-09-18 13:32:35.908 [info] Getting sessions for read:user,user:email...
2026-09-18 13:32:35.908 [info] Got 0 sessions for read:user,user:email...
2026-09-18 13:32:35.909 [info] Getting sessions for read:user,user:email...
2026-09-18 13:32:35.909 [info] Got 0 sessions for read:user,user:email...
2026-09-18 13:32:35.909 [info] Getting sessions for all scopes...
2026-09-18 13:32:35.909 [info] Got 2 sessions for ...
2026-09-18 13:32:35.910 [info] Getting sessions for all scopes...
2026-09-18 13:32:35.910 [info] Got 2 sessions for ...
2026-09-18 13:32:35.910 [info] Getting sessions for repo...
2026-09-18 13:32:35.910 [info] Got 0 sessions for repo...
2026-09-18 13:32:35.910 [info] Getting sessions for repo...
2026-09-18 13:32:35.910 [info] Got 0 sessions for repo...
2026-09-18 13:32:35.911 [info] Getting sessions for all scopes...
2026-09-18 13:32:35.911 [info] Got 2 sessions for ...
2026-09-18 13:32:35.911 [info] Getting sessions for all scopes...
2026-09-18 13:32:35.911 [info] Got 2 sessions for ...
2026-09-18 13:33:57.023 [info] Getting sessions for all scopes...
2026-09-18 13:33:57.023 [info] Got 2 sessions for ...
2026-09-18 13:33:57.024 [info] Getting sessions for all scopes...
2026-09-18 13:33:57.024 [info] Got 2 sessions for ...
2026-09-18 13:34:30.238 [info] Getting sessions for all scopes...
2026-09-18 13:34:30.239 [info] Got 2 sessions for ...
2026-09-18 13:34:30.240 [info] Getting sessions for all scopes...
2026-09-18 13:34:30.241 [info] Got 2 sessions for ...
2026-09-18 13:34:48.152 [info] Getting sessions for all scopes...
2026-09-18 13:34:48.153 [info] Got 2 sessions for ...
2026-09-18 13:34:48.157 [info] Getting sessions for all scopes...
2026-09-18 13:34:48.157 [info] Got 2 sessions for ...
2026-09-18 13:35:00.302 [info] Getting sessions for all scopes...
2026-09-18 13:35:00.302 [info] Got 2 sessions for ...
2026-09-18 13:35:00.302 [info] Getting sessions for all scopes...
2026-09-18 13:35:00.302 [info] Got 2 sessions for ...
2026-09-18 13:36:07.557 [info] Getting sessions for all scopes...
2026-09-18 13:36:07.559 [info] Got 2 sessions for ...
2026-09-18 13:36:07.561 [info] Getting sessions for all scopes...
2026-09-18 13:36:07.561 [info] Got 2 sessions for ...
2026-09-18 13:36:08.193 [info] Getting sessions for all scopes...
2026-09-18 13:36:08.193 [info] Got 2 sessions for ...
2026-09-18 13:36:08.193 [info] Getting sessions for all scopes...
2026-09-18 13:36:08.194 [info] Got 2 sessions for ...
2026-09-18 13:36:37.955 [info] Getting sessions for all scopes...
2026-09-18 13:36:37.955 [info] Got 2 sessions for ...
2026-09-18 13:36:37.958 [info] Getting sessions for all scopes...
2026-09-18 13:36:37.958 [info] Got 2 sessions for ...
2026-09-18 13:36:40.936 [info] Getting sessions for all scopes...
2026-09-18 13:36:40.936 [info] Got 2 sessions for ...
2026-09-18 13:36:40.937 [info] Getting sessions for all scopes...
2026-09-18 13:36:40.937 [info] Got 2 sessions for ...
2026-09-18 13:40:41.381 [info] Getting sessions for all scopes...
2026-09-18 13:40:41.381 [info] Got 2 sessions for ...
2026-09-18 13:40:41.382 [info] Getting sessions for all scopes...
2026-09-18 13:40:41.382 [info] Got 2 sessions for ...
2026-09-18 13:41:57.705 [info] Getting sessions for all scopes...
2026-09-18 13:41:57.705 [info] Got 2 sessions for ...
2026-09-18 13:41:57.706 [info] Getting sessions for all scopes...
2026-09-18 13:41:57.706 [info] Got 2 sessions for ...
2026-09-18 13:42:03.768 [info] Getting sessions for all scopes...
2026-09-18 13:42:03.768 [info] Got 2 sessions for ...
2026-09-18 13:42:03.769 [info] Getting sessions for all scopes...
2026-09-18 13:42:03.769 [info] Got 2 sessions for ...
2026-09-18 13:42:16.824 [info] Getting sessions for all scopes...
2026-09-18 13:42:16.824 [info] Got 2 sessions for ...
2026-09-18 13:42:16.825 [info] Getting sessions for all scopes...
2026-09-18 13:42:16.825 [info] Got 2 sessions for ...
2026-09-18 13:43:34.544 [info] Getting sessions for all scopes...
2026-09-18 13:43:34.544 [info] Got 2 sessions for ...
2026-09-18 13:43:34.544 [info] Getting sessions for all scopes...
2026-09-18 13:43:34.544 [info] Got 2 sessions for ...
2026-09-18 13:43:35.657 [info] Getting sessions for all scopes...
2026-09-18 13:43:35.658 [info] Got 2 sessions for ...
2026-09-18 13:43:35.664 [info] Getting sessions for all scopes...
2026-09-18 13:43:35.664 [info] Got 2 sessions for ...
2026-09-18 13:44:04.453 [info] Getting sessions for all scopes...
2026-09-18 13:44:04.453 [info] Got 2 sessions for ...
2026-09-18 13:44:04.454 [info] Getting sessions for all scopes...
2026-09-18 13:44:04.454 [info] Got 2 sessions for ...
2026-09-18 13:44:23.463 [info] Getting sessions for all scopes...
2026-09-18 13:44:23.463 [info] Got 2 sessions for ...
2026-09-18 13:44:23.464 [info] Getting sessions for all scopes...
2026-09-18 13:44:23.464 [info] Got 2 sessions for ...
2026-09-18 13:46:48.230 [info] Getting sessions for all scopes...
2026-09-18 13:46:48.230 [info] Got 2 sessions for ...
2026-09-18 13:46:48.231 [info] Getting sessions for all scopes...
2026-09-18 13:46:48.231 [info] Got 2 sessions for ...
2026-09-18 13:49:28.944 [info] Getting sessions for all scopes...
2026-09-18 13:49:28.945 [info] Got 2 sessions for ...
2026-09-18 13:49:28.946 [info] Getting sessions for all scopes...
2026-09-18 13:49:28.946 [info] Got 2 sessions for ...
2026-09-18 13:50:04.114 [info] Getting sessions for all scopes...
2026-09-18 13:50:04.114 [info] Got 2 sessions for ...
2026-09-18 13:50:04.115 [info] Getting sessions for all scopes...
2026-09-18 13:50:04.115 [info] Got 2 sessions for ...
2026-09-18 13:51:55.290 [info] Getting sessions for all scopes...
2026-09-18 13:51:55.290 [info] Got 2 sessions for ...
2026-09-18 13:51:55.291 [info] Getting sessions for all scopes...
2026-09-18 13:51:55.291 [info] Got 2 sessions for ...
2026-09-18 13:52:10.384 [info] Getting sessions for all scopes...
2026-09-18 13:52:10.384 [info] Got 2 sessions for ...
2026-09-18 13:52:10.386 [info] Getting sessions for all scopes...
2026-09-18 13:52:10.386 [info] Got 2 sessions for ...
2026-09-18 13:53:16.459 [info] Getting sessions for all scopes...
2026-09-18 13:53:16.459 [info] Got 2 sessions for ...
2026-09-18 13:53:16.460 [info] Getting sessions for all scopes...
2026-09-18 13:53:16.460 [info] Got 2 sessions for ...
2026-09-18 13:54:23.742 [info] Getting sessions for all scopes...
2026-09-18 13:54:23.742 [info] Got 2 sessions for ...
2026-09-18 13:54:23.754 [info] Getting sessions for all scopes...
2026-09-18 13:54:23.754 [info] Got 2 sessions for ...
2026-09-18 13:54:29.143 [info] Getting sessions for all scopes...
2026-09-18 13:54:29.143 [info] Got 2 sessions for ...
2026-09-18 13:54:29.145 [info] Getting sessions for all scopes...
2026-09-18 13:54:29.145 [info] Got 2 sessions for ...
2026-09-18 13:55:33.191 [info] Getting sessions for all scopes...
2026-09-18 13:55:33.191 [info] Got 2 sessions for ...
2026-09-18 13:55:33.232 [info] Getting sessions for all scopes...
2026-09-18 13:55:33.232 [info] Got 2 sessions for ...
2026-09-18 13:55:33.795 [info] Getting sessions for all scopes...
2026-09-18 13:55:33.795 [info] Got 2 sessions for ...
2026-09-18 13:55:33.796 [info] Getting sessions for all scopes...
2026-09-18 13:55:33.796 [info] Got 2 sessions for ...
2026-09-18 13:55:47.166 [info] Getting sessions for all scopes...
2026-09-18 13:55:47.166 [info] Got 2 sessions for ...
2026-09-18 13:55:47.170 [info] Getting sessions for all scopes...
2026-09-18 13:55:47.170 [info] Got 2 sessions for ...
2026-09-18 13:55:48.432 [info] Getting sessions for all scopes...
2026-09-18 13:55:48.432 [info] Got 2 sessions for ...
2026-09-18 13:55:48.433 [info] Getting sessions for all scopes...
2026-09-18 13:55:48.433 [info] Got 2 sessions for ...
2026-09-18 13:56:32.074 [info] Getting sessions for all scopes...
2026-09-18 13:56:32.074 [info] Got 2 sessions for ...
2026-09-18 13:56:32.075 [info] Getting sessions for all scopes...
2026-09-18 13:56:32.075 [info] Got 2 sessions for ...
2026-09-18 13:56:33.033 [info] Getting sessions for all scopes...
2026-09-18 13:56:33.033 [info] Got 2 sessions for ...
2026-09-18 13:56:33.033 [info] Getting sessions for all scopes...
2026-09-18 13:56:33.033 [info] Got 2 sessions for ...
2026-09-18 13:58:12.887 [info] Getting sessions for all scopes...
2026-09-18 13:58:12.887 [info] Got 2 sessions for ...
2026-09-18 13:58:12.888 [info] Getting sessions for all scopes...
2026-09-18 13:58:12.888 [info] Got 2 sessions for ...
2026-09-18 13:58:30.177 [info] Getting sessions for all scopes...
2026-09-18 13:58:30.177 [info] Got 2 sessions for ...
2026-09-18 13:58:30.178 [info] Getting sessions for all scopes...
2026-09-18 13:58:30.178 [info] Got 2 sessions for ...
2026-09-18 14:02:46.306 [info] Getting sessions for all scopes...
2026-09-18 14:02:46.306 [info] Got 2 sessions for ...
2026-09-18 14:02:46.307 [info] Getting sessions for all scopes...
2026-09-18 14:02:46.307 [info] Got 2 sessions for ...
2026-09-18 14:06:53.031 [info] Getting sessions for all scopes...
2026-09-18 14:06:53.031 [info] Got 2 sessions for ...
2026-09-18 14:06:53.032 [info] Getting sessions for all scopes...
2026-09-18 14:06:53.032 [info] Got 2 sessions for ...
2026-09-18 14:06:55.811 [info] Getting sessions for all scopes...
2026-09-18 14:06:55.811 [info] Got 2 sessions for ...
2026-09-18 14:06:55.812 [info] Getting sessions for all scopes...
2026-09-18 14:06:55.812 [info] Got 2 sessions for ...
2026-09-18 14:20:18.419 [info] Getting sessions for all scopes...
2026-09-18 14:20:18.420 [info] Got 2 sessions for ...
2026-09-18 14:20:18.421 [info] Getting sessions for all scopes...
2026-09-18 14:20:18.421 [info] Got 2 sessions for ...
2026-09-18 14:25:30.775 [info] Getting sessions for all scopes...
2026-09-18 14:25:30.775 [info] Got 2 sessions for ...
2026-09-18 14:25:30.776 [info] Getting sessions for all scopes...
2026-09-18 14:25:30.776 [info] Got 2 sessions for ...
2026-09-18 14:25:48.802 [info] Getting sessions for all scopes...
2026-09-18 14:25:48.802 [info] Got 2 sessions for ...
2026-09-18 14:25:48.803 [info] Getting sessions for all scopes...
2026-09-18 14:25:48.803 [info] Got 2 sessions for ...
2026-09-18 14:29:01.896 [info] Getting sessions for all scopes...
2026-09-18 14:29:01.896 [info] Got 2 sessions for ...
2026-09-18 14:29:01.897 [info] Getting sessions for all scopes...
2026-09-18 14:29:01.897 [info] Got 2 sessions for ...
2026-09-18 14:39:24.951 [info] Getting sessions for all scopes...
2026-09-18 14:39:24.951 [info] Got 2 sessions for ...
2026-09-18 14:39:24.952 [info] Getting sessions for all scopes...
2026-09-18 14:39:24.952 [info] Got 2 sessions for ...
2026-09-18 14:39:32.809 [info] Getting sessions for read:user,user:email...
2026-09-18 14:39:32.809 [info] Got 0 sessions for read:user,user:email...
2026-09-18 14:39:32.810 [info] Getting sessions for read:user,user:email...
2026-09-18 14:39:32.810 [info] Got 0 sessions for read:user,user:email...
2026-09-18 14:39:32.814 [info] Getting sessions for all scopes...
2026-09-18 14:39:32.814 [info] Got 2 sessions for ...
2026-09-18 14:39:32.815 [info] Getting sessions for all scopes...
2026-09-18 14:39:32.815 [info] Got 2 sessions for ...
2026-09-18 14:39:32.816 [info] Getting sessions for repo...
2026-09-18 14:39:32.816 [info] Got 0 sessions for repo...
2026-09-18 14:39:32.817 [info] Getting sessions for repo...
2026-09-18 14:39:32.817 [info] Got 0 sessions for repo...
2026-09-18 14:39:32.818 [info] Getting sessions for all scopes...
2026-09-18 14:39:32.818 [info] Got 2 sessions for ...
2026-09-18 14:39:32.818 [info] Getting sessions for all scopes...
2026-09-18 14:39:32.819 [info] Got 2 sessions for ...
2026-09-18 14:39:32.819 [info] Getting sessions for read:user,user:email...
2026-09-18 14:39:32.819 [info] Got 0 sessions for read:user,user:email...
2026-09-18 14:39:32.819 [info] Getting sessions for read:user,user:email...
2026-09-18 14:39:32.819 [info] Got 0 sessions for read:user,user:email...
2026-09-18 14:39:32.820 [info] Getting sessions for all scopes...
2026-09-18 14:39:32.820 [info] Got 2 sessions for ...
2026-09-18 14:39:32.820 [info] Getting sessions for all scopes...
2026-09-18 14:39:32.820 [info] Got 2 sessions for ...
2026-09-18 14:39:32.821 [info] Getting sessions for repo...
2026-09-18 14:39:32.821 [info] Got 0 sessions for repo...
2026-09-18 14:39:32.821 [info] Getting sessions for repo...
2026-09-18 14:39:32.821 [info] Got 0 sessions for repo...
2026-09-18 14:39:32.821 [info] Getting sessions for all scopes...
2026-09-18 14:39:32.821 [info] Got 2 sessions for ...
2026-09-18 14:39:32.822 [info] Getting sessions for all scopes...
2026-09-18 14:39:32.822 [info] Got 2 sessions for ...
2026-09-18 14:41:07.817 [info] Getting sessions for all scopes...
2026-09-18 14:41:07.817 [info] Got 2 sessions for ...
2026-09-18 14:41:07.818 [info] Getting sessions for all scopes...
2026-09-18 14:41:07.818 [info] Got 2 sessions for ...
2026-09-18 14:41:11.634 [info] Getting sessions for all scopes...
2026-09-18 14:41:11.634 [info] Got 2 sessions for ...
2026-09-18 14:41:11.636 [info] Getting sessions for read:user,repo,user:email,workflow...
2026-09-18 14:41:11.636 [info] Got 1 sessions for read:user,repo,user:email,workflow...
2026-09-18 14:41:19.436 [info] Getting sessions for all scopes...
2026-09-18 14:41:19.436 [info] Got 2 sessions for ...
2026-09-18 14:41:19.438 [info] Getting sessions for all scopes...
2026-09-18 14:41:19.438 [info] Got 2 sessions for ...
2026-09-18 14:41:26.996 [info] Getting sessions for all scopes...
2026-09-18 14:41:26.996 [info] Got 2 sessions for ...
2026-09-18 14:41:26.997 [info] Getting sessions for all scopes...
2026-09-18 14:41:26.997 [info] Got 2 sessions for ...
2026-09-18 14:41:35.467 [info] Getting sessions for all scopes...
2026-09-18 14:41:35.467 [info] Got 2 sessions for ...
2026-09-18 14:41:35.469 [info] Getting sessions for read:user,repo,user:email,workflow...
2026-09-18 14:41:35.469 [info] Got 1 sessions for read:user,repo,user:email,workflow...
2026-09-18 14:41:36.511 [info] Getting sessions for all scopes...
2026-09-18 14:41:36.511 [info] Got 2 sessions for ...
2026-09-18 14:41:36.514 [info] Getting sessions for read:user,repo,user:email,workflow...
2026-09-18 14:41:36.514 [info] Got 1 sessions for read:user,repo,user:email,workflow...
2026-09-18 14:42:52.300 [info] Getting sessions for all scopes...
2026-09-18 14:42:52.310 [info] Got 2 sessions for ...
2026-09-18 14:42:52.313 [info] Getting sessions for all scopes...
2026-09-18 14:42:52.313 [info] Got 2 sessions for ...
2026-09-18 14:43:04.999 [info] Getting sessions for all scopes...
2026-09-18 14:43:04.999 [info] Got 2 sessions for ...
2026-09-18 14:43:05.001 [info] Getting sessions for all scopes...
2026-09-18 14:43:05.002 [info] Got 2 sessions for ...
2026-09-18 14:43:37.464 [info] Getting sessions for all scopes...
2026-09-18 14:43:37.464 [info] Got 2 sessions for ...
2026-09-18 14:43:37.464 [info] Getting sessions for all scopes...
2026-09-18 14:43:37.464 [info] Got 2 sessions for ...
2026-09-18 14:44:35.384 [info] Getting sessions for all scopes...
2026-09-18 14:44:35.384 [info] Got 2 sessions for ...
2026-09-18 14:44:35.386 [info] Getting sessions for all scopes...
2026-09-18 14:44:35.386 [info] Got 2 sessions for ...
2026-09-18 14:45:13.618 [info] Getting sessions for all scopes...
2026-09-18 14:45:13.618 [info] Got 2 sessions for ...
2026-09-18 14:45:13.619 [info] Getting sessions for all scopes...
2026-09-18 14:45:13.619 [info] Got 2 sessions for ...
2026-09-18 14:46:07.745 [info] Getting sessions for all scopes...
2026-09-18 14:46:07.745 [info] Got 2 sessions for ...
2026-09-18 14:46:07.746 [info] Getting sessions for all scopes...
2026-09-18 14:46:07.746 [info] Got 2 sessions for ...
2026-09-18 14:46:34.055 [info] Getting sessions for all scopes...
2026-09-18 14:46:34.055 [info] Got 2 sessions for ...
2026-09-18 14:46:34.057 [info] Getting sessions for all scopes...
2026-09-18 14:46:34.058 [info] Got 2 sessions for ...
2026-09-18 14:48:19.563 [info] Getting sessions for all scopes...
2026-09-18 14:48:19.564 [info] Got 2 sessions for ...
2026-09-18 14:48:19.565 [info] Getting sessions for all scopes...
2026-09-18 14:48:19.565 [info] Got 2 sessions for ...
2026-09-18 14:49:08.593 [info] Getting sessions for all scopes...
2026-09-18 14:49:08.593 [info] Got 2 sessions for ...
2026-09-18 14:49:08.598 [info] Getting sessions for all scopes...
2026-09-18 14:49:08.598 [info] Got 2 sessions for ...
2026-09-18 14:50:10.548 [info] Getting sessions for all scopes...
2026-09-18 14:50:10.548 [info] Got 2 sessions for ...
2026-09-18 14:50:10.548 [info] Getting sessions for all scopes...
2026-09-18 14:50:10.549 [info] Got 2 sessions for ...
2026-09-18 14:50:13.017 [info] Getting sessions for all scopes...
2026-09-18 14:50:13.017 [info] Got 2 sessions for ...
2026-09-18 14:50:13.019 [info] Getting sessions for all scopes...
2026-09-18 14:50:13.019 [info] Got 2 sessions for ...
2026-09-18 14:51:52.483 [info] Getting sessions for all scopes...
2026-09-18 14:51:52.484 [info] Got 2 sessions for ...
2026-09-18 14:51:52.484 [info] Getting sessions for all scopes...
2026-09-18 14:51:52.484 [info] Got 2 sessions for ...
2026-09-18 14:51:54.472 [info] Getting sessions for all scopes...
2026-09-18 14:51:54.472 [info] Got 2 sessions for ...
2026-09-18 14:51:54.473 [info] Getting sessions for all scopes...
2026-09-18 14:51:54.473 [info] Got 2 sessions for ...
2026-09-18 14:57:21.215 [info] Getting sessions for all scopes...
2026-09-18 14:57:21.216 [info] Got 2 sessions for ...
2026-09-18 14:57:21.217 [info] Getting sessions for all scopes...
2026-09-18 14:57:21.217 [info] Got 2 sessions for ...
