2026-09-18 23:21:51.916 [info] Reading sessions from keychain...
2026-09-18 23:21:51.916 [info] Getting sessions for all scopes...
2026-09-18 23:21:51.916 [info] Got stored sessions!
2026-09-18 23:21:51.916 [info] Got 2 verified sessions.
2026-09-18 23:21:51.916 [info] Got 2 sessions for ...
2026-09-18 23:21:51.916 [info] Getting sessions for all scopes...
2026-09-18 23:21:51.916 [info] Got 2 sessions for ...
2026-09-18 23:21:51.916 [info] Getting sessions for all scopes...
2026-09-18 23:21:51.916 [info] Got 2 sessions for ...
2026-09-18 23:21:51.916 [info] Getting sessions for all scopes...
2026-09-18 23:21:51.916 [info] Got 2 sessions for ...
2026-09-18 23:21:51.916 [info] Getting sessions for all scopes...
2026-09-18 23:21:51.916 [info] Got 2 sessions for ...
2026-09-18 23:21:53.049 [info] Getting sessions for read:user,user:email...
2026-09-18 23:21:53.049 [info] Got 0 sessions for read:user,user:email...
2026-09-18 23:21:53.081 [info] Getting sessions for all scopes...
2026-09-18 23:21:53.081 [info] Got 2 sessions for ...
2026-09-18 23:21:53.203 [info] Getting sessions for all scopes...
2026-09-18 23:21:53.203 [info] Got 2 sessions for ...
2026-09-18 23:21:53.204 [info] Getting sessions for all scopes...
2026-09-18 23:21:53.204 [info] Got 2 sessions for ...
2026-09-18 23:21:53.204 [info] Getting sessions for all scopes...
2026-09-18 23:21:53.204 [info] Got 2 sessions for ...
2026-09-18 23:21:53.469 [info] Getting sessions for read:user,repo,user:email,workflow...
2026-09-18 23:21:53.470 [info] Got 1 sessions for read:user,repo,user:email,workflow...
2026-09-18 23:21:53.502 [info] Getting sessions for all scopes...
2026-09-18 23:21:53.502 [info] Got 2 sessions for ...
2026-09-18 23:21:53.504 [info] Getting sessions for read:user,repo,user:email,workflow...
2026-09-18 23:21:53.504 [info] Got 1 sessions for read:user,repo,user:email,workflow...
2026-09-18 23:21:54.127 [info] FetcherService: Electron fetch failed with status: 429 
2026-09-18 23:21:54.129 [info] Unable to resolve optional EDU details. Status: 429 
2026-09-18 23:21:54.428 [info] Getting sessions for all scopes...
2026-09-18 23:21:54.428 [info] Got 2 sessions for ...
2026-09-18 23:21:54.433 [info] Getting sessions for all scopes...
2026-09-18 23:21:54.433 [info] Got 2 sessions for ...
2026-09-18 23:21:54.535 [info] Getting sessions for read:user,repo,user:email,workflow...
2026-09-18 23:21:54.535 [info] Got 1 sessions for read:user,repo,user:email,workflow...
2026-09-18 23:21:54.853 [info] Getting sessions for all scopes...
2026-09-18 23:21:54.853 [info] Got 2 sessions for ...
2026-09-18 23:21:54.855 [info] Getting sessions for read:user,repo,user:email,workflow...
2026-09-18 23:21:54.855 [info] Got 1 sessions for read:user,repo,user:email,workflow...
2026-09-18 23:21:54.921 [info] Getting sessions for all scopes...
2026-09-18 23:21:54.921 [info] Got 2 sessions for ...
2026-09-18 23:21:54.922 [info] Getting sessions for read:user,repo,user:email,workflow...
2026-09-18 23:21:54.922 [info] Got 1 sessions for read:user,repo,user:email,workflow...
2026-09-18 23:21:54.990 [info] Getting sessions for all scopes...
2026-09-18 23:21:54.990 [info] Got 2 sessions for ...
2026-09-18 23:21:54.993 [info] Getting sessions for read:user,repo,user:email,workflow...
2026-09-18 23:21:54.993 [info] Got 1 sessions for read:user,repo,user:email,workflow...
2026-09-18 23:21:55.294 [info] Getting sessions for all scopes...
2026-09-18 23:21:55.294 [info] Got 2 sessions for ...
2026-09-18 23:21:55.295 [info] Getting sessions for read:user,repo,user:email,workflow...
2026-09-18 23:21:55.295 [info] Got 1 sessions for read:user,repo,user:email,workflow...
2026-09-18 23:21:55.765 [info] Getting sessions for all scopes...
2026-09-18 23:21:55.765 [info] Got 2 sessions for ...
2026-09-18 23:21:55.767 [info] Getting sessions for read:user,repo,user:email,workflow...
2026-09-18 23:21:55.767 [info] Got 1 sessions for read:user,repo,user:email,workflow...
2026-09-18 23:21:55.979 [info] Getting sessions for all scopes...
2026-09-18 23:21:55.979 [info] Got 2 sessions for ...
2026-09-18 23:21:55.985 [info] Getting sessions for read:user,repo,user:email,workflow...
2026-09-18 23:21:55.985 [info] Got 1 sessions for read:user,repo,user:email,workflow...
2026-09-18 23:21:56.095 [info] Getting sessions for repo...
2026-09-18 23:21:56.095 [info] Got 0 sessions for repo...
2026-09-18 23:21:56.097 [info] Getting sessions for all scopes...
2026-09-18 23:21:56.097 [info] Got 2 sessions for ...
2026-09-18 23:21:56.113 [info] Getting sessions for read:user,user:email...
2026-09-18 23:21:56.113 [info] Got 0 sessions for read:user,user:email...
2026-09-18 23:21:56.117 [info] Getting sessions for all scopes...
2026-09-18 23:21:56.118 [info] Got 2 sessions for ...
2026-09-18 23:21:56.118 [info] Getting sessions for repo...
2026-09-18 23:21:56.118 [info] Got 0 sessions for repo...
2026-09-18 23:21:56.119 [info] Getting sessions for all scopes...
2026-09-18 23:21:56.119 [info] Got 2 sessions for ...
2026-09-18 23:21:58.207 [info] Getting sessions for read:user,user:email...
2026-09-18 23:21:58.207 [info] Got 0 sessions for read:user,user:email...
2026-09-18 23:21:58.208 [info] Getting sessions for all scopes...
2026-09-18 23:21:58.208 [info] Got 2 sessions for ...
2026-09-18 23:21:58.210 [info] Getting sessions for repo...
2026-09-18 23:21:58.211 [info] Got 0 sessions for repo...
2026-09-18 23:21:58.213 [info] Getting sessions for all scopes...
2026-09-18 23:21:58.213 [info] Got 2 sessions for ...
2026-09-18 23:21:58.215 [info] Getting sessions for read:user,user:email...
2026-09-18 23:21:58.215 [info] Got 0 sessions for read:user,user:email...
2026-09-18 23:21:58.217 [info] Getting sessions for all scopes...
2026-09-18 23:21:58.217 [info] Got 2 sessions for ...
2026-09-18 23:21:58.218 [info] Getting sessions for repo...
2026-09-18 23:21:58.218 [info] Got 0 sessions for repo...
2026-09-18 23:21:58.219 [info] Getting sessions for all scopes...
2026-09-18 23:21:58.219 [info] Got 2 sessions for ...
2026-09-18 23:22:00.482 [info] Getting sessions for all scopes...
2026-09-18 23:22:00.482 [info] Got 2 sessions for ...
2026-09-18 23:22:00.484 [info] Getting sessions for all scopes...
2026-09-18 23:22:00.484 [info] Got 2 sessions for ...
2026-09-18 23:22:07.649 [info] Getting sessions for read:user,user:email...
2026-09-18 23:22:07.649 [info] Got 0 sessions for read:user,user:email...
2026-09-18 23:22:07.649 [info] Getting sessions for read:user,user:email...
2026-09-18 23:22:07.649 [info] Got 0 sessions for read:user,user:email...
2026-09-18 23:22:07.651 [info] Getting sessions for all scopes...
2026-09-18 23:22:07.651 [info] Got 2 sessions for ...
2026-09-18 23:22:07.651 [info] Getting sessions for all scopes...
2026-09-18 23:22:07.651 [info] Got 2 sessions for ...
2026-09-18 23:22:07.652 [info] Getting sessions for repo...
2026-09-18 23:22:07.652 [info] Got 0 sessions for repo...
2026-09-18 23:22:07.652 [info] Getting sessions for repo...
2026-09-18 23:22:07.652 [info] Got 0 sessions for repo...
2026-09-18 23:22:07.652 [info] Getting sessions for all scopes...
2026-09-18 23:22:07.652 [info] Got 2 sessions for ...
2026-09-18 23:22:07.653 [info] Getting sessions for all scopes...
2026-09-18 23:22:07.653 [info] Got 2 sessions for ...
2026-09-18 23:22:07.653 [info] Getting sessions for read:user,user:email...
2026-09-18 23:22:07.653 [info] Got 0 sessions for read:user,user:email...
2026-09-18 23:22:07.653 [info] Getting sessions for read:user,user:email...
2026-09-18 23:22:07.653 [info] Got 0 sessions for read:user,user:email...
2026-09-18 23:22:07.654 [info] Getting sessions for all scopes...
2026-09-18 23:22:07.654 [info] Got 2 sessions for ...
2026-09-18 23:22:07.654 [info] Getting sessions for all scopes...
2026-09-18 23:22:07.654 [info] Got 2 sessions for ...
2026-09-18 23:22:07.654 [info] Getting sessions for repo...
2026-09-18 23:22:07.655 [info] Got 0 sessions for repo...
2026-09-18 23:22:07.655 [info] Getting sessions for repo...
2026-09-18 23:22:07.655 [info] Got 0 sessions for repo...
2026-09-18 23:22:07.655 [info] Getting sessions for all scopes...
2026-09-18 23:22:07.655 [info] Got 2 sessions for ...
2026-09-18 23:22:07.655 [info] Getting sessions for all scopes...
2026-09-18 23:22:07.655 [info] Got 2 sessions for ...
2026-09-18 23:40:13.240 [info] Getting sessions for all scopes...
2026-09-18 23:40:13.240 [info] Got 2 sessions for ...
2026-09-18 23:40:13.241 [info] Getting sessions for all scopes...
2026-09-18 23:40:13.241 [info] Got 2 sessions for ...
2026-09-18 23:41:19.977 [info] Getting sessions for all scopes...
2026-09-18 23:41:19.977 [info] Got 2 sessions for ...
2026-09-18 23:41:19.977 [info] Getting sessions for all scopes...
2026-09-18 23:41:19.977 [info] Got 2 sessions for ...
2026-09-18 23:49:42.864 [info] Getting sessions for all scopes...
2026-09-18 23:49:42.874 [info] Got 2 sessions for ...
2026-09-18 23:49:42.874 [info] Getting sessions for all scopes...
2026-09-18 23:49:42.874 [info] Got 2 sessions for ...
2026-09-18 23:54:47.619 [info] Getting sessions for all scopes...
2026-09-18 23:54:47.619 [info] Got 2 sessions for ...
2026-09-18 23:54:47.620 [info] Getting sessions for all scopes...
2026-09-18 23:54:47.620 [info] Got 2 sessions for ...
2026-09-19 00:04:46.358 [info] Getting sessions for all scopes...
2026-09-19 00:04:46.358 [info] Got 2 sessions for ...
2026-09-19 00:04:46.360 [info] Getting sessions for all scopes...
2026-09-19 00:04:46.361 [info] Got 2 sessions for ...
2026-09-19 00:04:47.996 [info] Getting sessions for all scopes...
2026-09-19 00:04:47.996 [info] Got 2 sessions for ...
2026-09-19 00:04:47.997 [info] Getting sessions for all scopes...
2026-09-19 00:04:47.997 [info] Got 2 sessions for ...
2026-09-19 00:15:46.644 [info] Getting sessions for all scopes...
2026-09-19 00:15:46.645 [info] Got 2 sessions for ...
2026-09-19 00:15:46.651 [info] Getting sessions for all scopes...
2026-09-19 00:15:46.652 [info] Got 2 sessions for ...
2026-09-19 00:15:47.395 [info] Getting sessions for all scopes...
2026-09-19 00:15:47.395 [info] Got 2 sessions for ...
2026-09-19 00:15:47.396 [info] Getting sessions for all scopes...
2026-09-19 00:15:47.396 [info] Got 2 sessions for ...
2026-09-19 00:18:17.032 [info] Getting sessions for all scopes...
2026-09-19 00:18:17.032 [info] Got 2 sessions for ...
2026-09-19 00:18:17.034 [info] Getting sessions for all scopes...
2026-09-19 00:18:17.034 [info] Got 2 sessions for ...
2026-09-19 00:18:24.438 [info] Getting sessions for all scopes...
2026-09-19 00:18:24.438 [info] Got 2 sessions for ...
2026-09-19 00:18:24.440 [info] Getting sessions for all scopes...
2026-09-19 00:18:24.440 [info] Got 2 sessions for ...
2026-09-19 00:42:00.962 [info] Getting sessions for all scopes...
2026-09-19 00:42:00.962 [info] Got 2 sessions for ...
2026-09-19 00:42:00.995 [info] Getting sessions for all scopes...
2026-09-19 00:42:00.995 [info] Got 2 sessions for ...
2026-09-19 00:42:10.791 [info] Getting sessions for read:user,user:email...
2026-09-19 00:42:10.792 [info] Got 0 sessions for read:user,user:email...
2026-09-19 00:42:10.792 [info] Getting sessions for read:user,user:email...
2026-09-19 00:42:10.792 [info] Got 0 sessions for read:user,user:email...
2026-09-19 00:42:10.796 [info] Getting sessions for all scopes...
2026-09-19 00:42:10.796 [info] Got 2 sessions for ...
2026-09-19 00:42:10.796 [info] Getting sessions for all scopes...
2026-09-19 00:42:10.796 [info] Got 2 sessions for ...
2026-09-19 00:42:10.797 [info] Getting sessions for repo...
2026-09-19 00:42:10.797 [info] Got 0 sessions for repo...
2026-09-19 00:42:10.797 [info] Getting sessions for repo...
2026-09-19 00:42:10.797 [info] Got 0 sessions for repo...
2026-09-19 00:42:10.798 [info] Getting sessions for all scopes...
2026-09-19 00:42:10.798 [info] Got 2 sessions for ...
2026-09-19 00:42:10.798 [info] Getting sessions for all scopes...
2026-09-19 00:42:10.798 [info] Got 2 sessions for ...
2026-09-19 00:42:10.799 [info] Getting sessions for read:user,user:email...
2026-09-19 00:42:10.799 [info] Got 0 sessions for read:user,user:email...
2026-09-19 00:42:10.799 [info] Getting sessions for read:user,user:email...
2026-09-19 00:42:10.799 [info] Got 0 sessions for read:user,user:email...
2026-09-19 00:42:10.801 [info] Getting sessions for all scopes...
2026-09-19 00:42:10.801 [info] Got 2 sessions for ...
2026-09-19 00:42:10.801 [info] Getting sessions for all scopes...
2026-09-19 00:42:10.801 [info] Got 2 sessions for ...
2026-09-19 00:42:10.802 [info] Getting sessions for repo...
2026-09-19 00:42:10.802 [info] Got 0 sessions for repo...
2026-09-19 00:42:10.802 [info] Getting sessions for repo...
2026-09-19 00:42:10.802 [info] Got 0 sessions for repo...
2026-09-19 00:42:10.802 [info] Getting sessions for all scopes...
2026-09-19 00:42:10.802 [info] Got 2 sessions for ...
2026-09-19 00:42:10.803 [info] Getting sessions for all scopes...
2026-09-19 00:42:10.803 [info] Got 2 sessions for ...
