[2026-08-29 21:13:41.204] [main] [info] [saleae_log.cpp:338] Logfile path set to: /home/trang/.config/Logic/logs/2026-08-29_21-13-39_6c745623-e570-44d0-bfb8-32453d99bb92/graphio.log
[2026-08-29 21:13:41.204] [main] [critical] [saleae_log.cpp:341] Global logging level is set to: info
[2026-08-29 21:13:41.938] [main] [info] [graph_server.cpp:821] DeleteGraphData SeesionId: -2
[2026-08-29 21:13:41.938] [main] [info] [graph_server.cpp:843] DeleteGraph( -2 ) called
[2026-08-29 21:13:42.178] [usb] [info] [DevicesManager.cpp:167] Resetting DevicesManager
[2026-08-29 21:13:42.197] [device] [info] [GenericDevice.cpp:60] Updating device state (Logic8/0xF4243) from DSInitializing(msg=, progress=0%) to DSReady()
[2026-08-29 21:13:42.197] [device] [info] [GenericDevice.cpp:60] Updating device state (LogicPro8/0xF4244) from DSInitializing(msg=, progress=0%) to DSReady()
[2026-08-29 21:13:42.198] [device] [info] [GenericDevice.cpp:60] Updating device state (LogicPro16/0xF4241) from DSInitializing(msg=, progress=0%) to DSReady()
[2026-08-29 21:13:56.817] [monitor] [info] [graph_server.cpp:352] System Memory Usage: sys_total=7632.047 MB, sys_avail=1935.695 MB, proc_mem_usage=-0.000 MB
[2026-08-29 21:13:58.155] [node] [info] [digital_store.cpp:428] DigitalStore::HandleSetWriteAllowed: Write allowed set to true
[2026-08-29 21:13:58.155] [node] [info] [digital_store.cpp:428] DigitalStore::HandleSetWriteAllowed: Write allowed set to true
[2026-08-29 21:13:58.160] [node] [info] [digital_store.cpp:428] DigitalStore::HandleSetWriteAllowed: Write allowed set to true
[2026-08-29 21:13:58.160] [node] [info] [digital_store.cpp:428] DigitalStore::HandleSetWriteAllowed: Write allowed set to true
[2026-08-29 21:13:58.161] [node] [info] [digital_store.cpp:428] DigitalStore::HandleSetWriteAllowed: Write allowed set to true
[2026-08-29 21:13:58.162] [node] [info] [digital_store.cpp:428] DigitalStore::HandleSetWriteAllowed: Write allowed set to true
[2026-08-29 21:13:58.162] [node] [info] [digital_store.cpp:428] DigitalStore::HandleSetWriteAllowed: Write allowed set to true
[2026-08-29 21:13:58.162] [node] [info] [digital_store.cpp:428] DigitalStore::HandleSetWriteAllowed: Write allowed set to true
[2026-08-29 21:13:58.188] [store] [info] [digital_store.cpp:307] DigitalStore::OnStartDeserialization: Creating deserialization thread
[2026-08-29 21:13:58.189] [store] [info] [digital_store.cpp:319] Deserializing data from file: /tmp/2fb10e3a-de5d-42b3-998a-f607085d250a/digital-0.bin
[2026-08-29 21:13:58.189] [store] [info] [digital_store.cpp:307] DigitalStore::OnStartDeserialization: Creating deserialization thread
[2026-08-29 21:13:58.189] [store] [info] [digital_store.cpp:319] Deserializing data from file: /tmp/2fb10e3a-de5d-42b3-998a-f607085d250a/digital-1.bin
[2026-08-29 21:13:58.192] [store] [info] [digital_store.cpp:307] DigitalStore::OnStartDeserialization: Creating deserialization thread
[2026-08-29 21:13:58.193] [store] [info] [digital_store.cpp:307] DigitalStore::OnStartDeserialization: Creating deserialization thread
[2026-08-29 21:13:58.193] [store] [info] [digital_store.cpp:319] Deserializing data from file: /tmp/2fb10e3a-de5d-42b3-998a-f607085d250a/digital-2.bin
[2026-08-29 21:13:58.193] [store] [info] [digital_store.cpp:307] DigitalStore::OnStartDeserialization: Creating deserialization thread
[2026-08-29 21:13:58.194] [store] [info] [digital_store.cpp:319] Deserializing data from file: /tmp/2fb10e3a-de5d-42b3-998a-f607085d250a/digital-3.bin
[2026-08-29 21:13:58.194] [store] [info] [digital_store.cpp:319] Deserializing data from file: /tmp/2fb10e3a-de5d-42b3-998a-f607085d250a/digital-4.bin
[2026-08-29 21:13:58.195] [store] [info] [digital_store.cpp:307] DigitalStore::OnStartDeserialization: Creating deserialization thread
[2026-08-29 21:13:58.195] [store] [info] [digital_store.cpp:307] DigitalStore::OnStartDeserialization: Creating deserialization thread
[2026-08-29 21:13:58.195] [store] [info] [digital_store.cpp:319] Deserializing data from file: /tmp/2fb10e3a-de5d-42b3-998a-f607085d250a/digital-5.bin
[2026-08-29 21:13:58.195] [store] [info] [digital_store.cpp:319] Deserializing data from file: /tmp/2fb10e3a-de5d-42b3-998a-f607085d250a/digital-6.bin
[2026-08-29 21:13:58.195] [store] [info] [digital_store.cpp:307] DigitalStore::OnStartDeserialization: Creating deserialization thread
[2026-08-29 21:13:58.195] [store] [info] [digital_store.cpp:319] Deserializing data from file: /tmp/2fb10e3a-de5d-42b3-998a-f607085d250a/digital-7.bin
[2026-08-29 21:13:58.196] [main] [info] [trigger_store_node.cpp:228] TriggerStoreNode::OnStartDeserialization: Creating deserialization thread
[2026-08-29 21:13:58.196] [main] [info] [trigger_store_node.cpp:318] TriggerStoreNode::DeserializeOnThread - /tmp/2fb10e3a-de5d-42b3-998a-f607085d250a/trigger-store.bin
[2026-08-29 21:13:58.217] [store] [warning] [digital_store.cpp:372] DigitalStore::OnStartDeserialization: Deserialization exception encountered. exception: Unknown file version; file: /tmp/2fb10e3a-de5d-42b3-998a-f607085d250a/digital-7.bin
[2026-08-29 21:13:58.217] [store] [warning] [digital_store.cpp:372] DigitalStore::OnStartDeserialization: Deserialization exception encountered. exception: Unknown file version; file: /tmp/2fb10e3a-de5d-42b3-998a-f607085d250a/digital-1.bin
[2026-08-29 21:13:58.217] [store] [warning] [digital_store.cpp:372] DigitalStore::OnStartDeserialization: Deserialization exception encountered. exception: Unknown file version; file: /tmp/2fb10e3a-de5d-42b3-998a-f607085d250a/digital-0.bin
[2026-08-29 21:13:58.218] [main] [info] [trigger_store_node.cpp:370] TriggerStoreNode::OnStartDeserialization: Deserialization exception encountered. exception: Unknown file version; file: /tmp/2fb10e3a-de5d-42b3-998a-f607085d250a/trigger-store.bin
[2026-08-29 21:13:58.218] [store] [warning] [digital_store.cpp:372] DigitalStore::OnStartDeserialization: Deserialization exception encountered. exception: Unknown file version; file: /tmp/2fb10e3a-de5d-42b3-998a-f607085d250a/digital-2.bin
[2026-08-29 21:13:58.218] [store] [warning] [digital_store.cpp:372] DigitalStore::OnStartDeserialization: Deserialization exception encountered. exception: Unknown file version; file: /tmp/2fb10e3a-de5d-42b3-998a-f607085d250a/digital-3.bin
[2026-08-29 21:13:58.218] [store] [warning] [digital_store.cpp:372] DigitalStore::OnStartDeserialization: Deserialization exception encountered. exception: Unknown file version; file: /tmp/2fb10e3a-de5d-42b3-998a-f607085d250a/digital-5.bin
[2026-08-29 21:13:58.218] [store] [warning] [digital_store.cpp:372] DigitalStore::OnStartDeserialization: Deserialization exception encountered. exception: Unknown file version; file: /tmp/2fb10e3a-de5d-42b3-998a-f607085d250a/digital-4.bin
[2026-08-29 21:13:58.218] [store] [warning] [digital_store.cpp:372] DigitalStore::OnStartDeserialization: Deserialization exception encountered. exception: Unknown file version; file: /tmp/2fb10e3a-de5d-42b3-998a-f607085d250a/digital-6.bin
[2026-08-29 21:13:58.333] [main] [info] [logic_device_node.cpp:231] device release request
[2026-08-29 21:13:58.368] [main] [info] [graph_server.cpp:821] DeleteGraphData SeesionId: 0
[2026-08-29 21:13:58.368] [main] [info] [graph_server.cpp:843] DeleteGraph( 0 ) called
[2026-08-29 21:14:11.819] [monitor] [info] [graph_server.cpp:352] System Memory Usage: sys_total=7632.047 MB, sys_avail=1895.500 MB, proc_mem_usage=-0.000 MB
[2026-08-29 21:14:26.822] [monitor] [info] [graph_server.cpp:352] System Memory Usage: sys_total=7632.047 MB, sys_avail=1996.035 MB, proc_mem_usage=-0.000 MB
[2026-08-29 21:14:41.825] [monitor] [info] [graph_server.cpp:352] System Memory Usage: sys_total=7632.047 MB, sys_avail=1881.668 MB, proc_mem_usage=-0.000 MB
[2026-08-29 21:14:56.830] [monitor] [info] [graph_server.cpp:352] System Memory Usage: sys_total=7632.047 MB, sys_avail=1767.461 MB, proc_mem_usage=-0.000 MB
[2026-08-29 21:15:11.834] [monitor] [info] [graph_server.cpp:352] System Memory Usage: sys_total=7632.047 MB, sys_avail=1743.609 MB, proc_mem_usage=-0.000 MB
[2026-08-29 21:15:26.858] [monitor] [info] [graph_server.cpp:352] System Memory Usage: sys_total=7632.047 MB, sys_avail=2266.309 MB, proc_mem_usage=-0.000 MB
[2