2026-09-19 15:55:05.349 [info] Reading sessions from keychain...
2026-09-19 15:55:05.349 [info] Getting sessions for all scopes...
2026-09-19 15:55:05.349 [info] Got stored sessions!
2026-09-19 15:55:05.349 [info] Got 2 verified sessions.
2026-09-19 15:55:05.349 [info] Got 2 sessions for ...
2026-09-19 15:55:05.349 [info] Getting sessions for all scopes...
2026-09-19 15:55:05.349 [info] Got 2 sessions for ...
2026-09-19 15:55:05.349 [info] Getting sessions for all scopes...
2026-09-19 15:55:05.349 [info] Got 2 sessions for ...
2026-09-19 15:55:05.349 [info] Getting sessions for all scopes...
2026-09-19 15:55:05.349 [info] Got 2 sessions for ...
2026-09-19 15:55:05.349 [info] Getting sessions for all scopes...
2026-09-19 15:55:05.349 [info] Got 2 sessions for ...
2026-09-19 15:55:05.349 [info] Getting sessions for all scopes...
2026-09-19 15:55:05.349 [info] Got 2 sessions for ...
2026-09-19 15:55:05.349 [info] Getting sessions for all scopes...
2026-09-19 15:55:05.350 [info] Got 2 sessions for ...
2026-09-19 15:55:05.350 [info] Getting sessions for read:user,user:email...
2026-09-19 15:55:05.350 [info] Got 0 sessions for read:user,user:email...
2026-09-19 15:55:05.350 [info] Getting sessions for all scopes...
2026-09-19 15:55:05.350 [info] Got 2 sessions for ...
2026-09-19 15:55:05.450 [info] Getting sessions for read:user,repo,user:email,workflow...
2026-09-19 15:55:05.450 [info] Got 1 sessions for read:user,repo,user:email,workflow...
2026-09-19 15:55:07.395 [info] Getting sessions for all scopes...
2026-09-19 15:55:07.395 [info] Got 2 sessions for ...
2026-09-19 15:55:07.430 [info] Getting sessions for all scopes...
2026-09-19 15:55:07.430 [info] Got 2 sessions for ...
2026-09-19 15:55:07.470 [info] Getting sessions for read:user,repo,user:email,workflow...
2026-09-19 15:55:07.470 [info] Got 1 sessions for read:user,repo,user:email,workflow...
2026-09-19 15:55:08.256 [info] Getting sessions for read:user,repo,user:email,workflow...
2026-09-19 15:55:08.256 [info] Got 1 sessions for read:user,repo,user:email,workflow...
2026-09-19 15:55:08.256 [info] Getting sessions for all scopes...
2026-09-19 15:55:08.256 [info] Got 2 sessions for ...
2026-09-19 15:55:08.267 [info] FetcherService: Electron fetch failed with status: 429 
2026-09-19 15:55:08.269 [info] Unable to resolve optional EDU details. Status: 429 
2026-09-19 15:55:08.336 [info] Getting sessions for repo...
2026-09-19 15:55:08.336 [info] Got 0 sessions for repo...
2026-09-19 15:55:08.342 [info] Getting sessions for all scopes...
2026-09-19 15:55:08.342 [info] Got 2 sessions for ...
2026-09-19 15:55:08.367 [info] Getting sessions for all scopes...
2026-09-19 15:55:08.367 [info] Got 2 sessions for ...
2026-09-19 15:55:08.394 [info] Getting sessions for all scopes...
2026-09-19 15:55:08.394 [info] Got 2 sessions for ...
2026-09-19 15:55:08.450 [info] Getting sessions for all scopes...
2026-09-19 15:55:08.450 [info] Got 2 sessions for ...
2026-09-19 15:55:08.462 [info] Getting sessions for read:user,repo,user:email,workflow...
2026-09-19 15:55:08.462 [info] Got 1 sessions for read:user,repo,user:email,workflow...
2026-09-19 15:55:08.462 [info] Getting sessions for read:user,user:email...
2026-09-19 15:55:08.462 [info] Got 0 sessions for read:user,user:email...
2026-09-19 15:55:08.498 [info] Getting sessions for all scopes...
2026-09-19 15:55:08.498 [info] Got 2 sessions for ...
2026-09-19 15:55:08.525 [info] Getting sessions for repo...
2026-09-19 15:55:08.525 [info] Got 0 sessions for repo...
2026-09-19 15:55:08.554 [info] Getting sessions for all scopes...
2026-09-19 15:55:08.554 [info] Got 2 sessions for ...
2026-09-19 15:55:08.655 [info] Getting sessions for all scopes...
2026-09-19 15:55:08.655 [info] Got 2 sessions for ...
2026-09-19 15:55:08.657 [info] Getting sessions for read:user,repo,user:email,workflow...
2026-09-19 15:55:08.657 [info] Got 1 sessions for read:user,repo,user:email,workflow...
2026-09-19 15:55:08.873 [info] Getting sessions for all scopes...
2026-09-19 15:55:08.873 [info] Got 2 sessions for ...
2026-09-19 15:55:08.878 [info] Getting sessions for read:user,repo,user:email,workflow...
2026-09-19 15:55:08.878 [info] Got 1 sessions for read:user,repo,user:email,workflow...
2026-09-19 15:55:08.974 [info] Getting sessions for all scopes...
2026-09-19 15:55:08.974 [info] Got 2 sessions for ...
2026-09-19 15:55:08.976 [info] Getting sessions for read:user,repo,user:email,workflow...
2026-09-19 15:55:08.976 [info] Got 1 sessions for read:user,repo,user:email,workflow...
2026-09-19 15:55:10.197 [info] Getting sessions for read:user,user:email...
2026-09-19 15:55:10.197 [info] Got 0 sessions for read:user,user:email...
2026-09-19 15:55:10.200 [info] Getting sessions for all scopes...
2026-09-19 15:55:10.200 [info] Got 2 sessions for ...
2026-09-19 15:55:10.202 [info] Getting sessions for repo...
2026-09-19 15:55:10.202 [info] Got 0 sessions for repo...
2026-09-19 15:55:10.204 [info] Getting sessions for all scopes...
2026-09-19 15:55:10.205 [info] Got 2 sessions for ...
2026-09-19 15:55:10.205 [info] Getting sessions for read:user,user:email...
2026-09-19 15:55:10.205 [info] Got 0 sessions for read:user,user:email...
2026-09-19 15:55:10.206 [info] Getting sessions for all scopes...
2026-09-19 15:55:10.206 [info] Got 2 sessions for ...
2026-09-19 15:55:10.207 [info] Getting sessions for repo...
2026-09-19 15:55:10.207 [info] Got 0 sessions for repo...
2026-09-19 15:55:10.207 [info] Getting sessions for all scopes...
2026-09-19 15:55:10.207 [info] Got 2 sessions for ...
2026-09-19 15:55:15.444 [info] Getting sessions for read:user,user:email...
2026-09-19 15:55:15.444 [info] Got 0 sessions for read:user,user:email...
2026-09-19 15:55:15.449 [info] Getting sessions for read:user,user:email...
2026-09-19 15:55:15.449 [info] Got 0 sessions for read:user,user:email...
2026-09-19 15:55:15.452 [info] Getting sessions for all scopes...
2026-09-19 15:55:15.452 [info] Got 2 sessions for ...
2026-09-19 15:55:15.454 [info] Getting sessions for all scopes...
2026-09-19 15:55:15.454 [info] Got 2 sessions for ...
2026-09-19 15:55:15.455 [info] Getting sessions for repo...
2026-09-19 15:55:15.455 [info] Got 0 sessions for repo...
2026-09-19 15:55:15.456 [info] Getting sessions for repo...
2026-09-19 15:55:15.456 [info] Got 0 sessions for repo...
2026-09-19 15:55:15.456 [info] Getting sessions for all scopes...
2026-09-19 15:55:15.456 [info] Got 2 sessions for ...
2026-09-19 15:55:15.458 [info] Getting sessions for all scopes...
2026-09-19 15:55:15.458 [info] Got 2 sessions for ...
2026-09-19 15:55:15.460 [info] Getting sessions for read:user,user:email...
2026-09-19 15:55:15.460 [info] Got 0 sessions for read:user,user:email...
2026-09-19 15:55:15.461 [info] Getting sessions for read:user,user:email...
2026-09-19 15:55:15.461 [info] Got 0 sessions for read:user,user:email...
2026-09-19 15:55:15.462 [info] Getting sessions for all scopes...
2026-09-19 15:55:15.462 [info] Got 2 sessions for ...
2026-09-19 15:55:15.463 [info] Getting sessions for all scopes...
2026-09-19 15:55:15.463 [info] Got 2 sessions for ...
2026-09-19 15:55:15.464 [info] Getting sessions for repo...
2026-09-19 15:55:15.464 [info] Got 0 sessions for repo...
2026-09-19 15:55:15.465 [info] Getting sessions for repo...
2026-09-19 15:55:15.465 [info] Got 0 sessions for repo...
2026-09-19 15:55:15.465 [info] Getting sessions for all scopes...
2026-09-19 15:55:15.465 [info] Got 2 sessions for ...
2026-09-19 15:55:15.465 [info] Getting sessions for all scopes...
2026-09-19 15:55:15.465 [info] Got 2 sessions for ...
2026-09-19 15:56:56.194 [info] Getting sessions for all scopes...
2026-09-19 15:56:56.194 [info] Got 2 sessions for ...
2026-09-19 15:56:56.195 [info] Getting sessions for all scopes...
2026-09-19 15:56:56.195 [info] Got 2 sessions for ...
2026-09-19 15:57:04.580 [info] Getting sessions for all scopes...
2026-09-19 15:57:04.580 [info] Got 2 sessions for ...
2026-09-19 15:57:04.583 [info] Getting sessions for read:user,repo,user:email,workflow...
2026-09-19 15:57:04.583 [info] Got 1 sessions for read:user,repo,user:email,workflow...
